cuda  knn              smd   machine-1-2                warm=1.316s cold=2.915s 18000.2pts/s 0.0MB others=3 ok
cuda  ae               smd   machine-1-2                warm=2.102s cold=3.262s 11271.4pts/s 583.2MB others=3 ok
cpu   timesfm          ucr   250_UCR_Anomaly_weallwalk_ warm=4.79s cold=9.538s 1569.3pts/s 0.0MB others=3 ok
cpu   lof              smd   machine-1-1                warm=3.232s cold=4.761s 8811.3pts/s 0.0MB others=3 ok
cpu   knn              smd   machine-1-1                warm=2.033s cold=3.52s 14008.4pts/s 0.0MB others=3 ok
cpu   ae               smd   machine-1-1                warm=5.328s cold=6.537s 5345.6pts/s 0.0MB others=3 ok
cpu   tirex            smd   machine-1-1                warm=2211.461s cold=2164.758s 12.9pts/s 0.0MB others=3 ok
cpu   chronos_small    smd   machine-1-2                warm=121.524s cold=128.234s 195.0pts/s 0.0MB others=3 ok
cpu   chronos_base     smd   machine-1-2                warm=441.281s cold=447.756s 53.7pts/s 0.0MB others=3 ok
cpu   timesfm          smd   machine-1-2                warm=198.938s cold=203.15s 119.1pts/s 0.0MB others=3 ok
cpu   tirex            smd   machine-1-2                warm=1803.431s cold=1811.413s 13.1pts/s 0.0MB others=3 ok
cpu   iforest          nasa  P-1                        warm=0.404s cold=0.412s 21054.5pts/s 0.0MB others=3 ok
cpu   lof              nasa  P-1                        warm=0.175s cold=1.751s 48717.8pts/s 0.0MB others=3 ok
cpu   knn              nasa  P-1                        warm=0.112s cold=1.659s 75924.4pts/s 0.0MB others=3 ok
cpu   ae               nasa  P-1                        warm=0.736s cold=1.648s 11560.7pts/s 0.0MB others=3 ok
cpu   chronos_small    nasa  P-1                        warm=42.547s cold=47.927s 199.9pts/s 0.0MB others=3 ok
cpu   chronos_base     nasa  P-1                        warm=151.1s cold=156.209s 56.3pts/s 0.0MB others=3 ok
cpu   timesfm          nasa  P-1                        warm=71.097s cold=74.823s 119.6pts/s 0.0MB others=3 ok
cpu   tirex            nasa  P-1                        warm=646.24s cold=654.183s 13.2pts/s 0.0MB others=3 ok
cpu   iforest          nasa  S-1                        warm=0.374s cold=0.374s 19585.3pts/s 0.0MB others=3 ok
cpu   lof              nasa  S-1                        warm=0.175s cold=1.807s 41819.0pts/s 0.0MB others=3 ok
cpu   knn              nasa  S-1                        warm=0.111s cold=1.656s 65862.0pts/s 0.0MB others=3 ok
cpu   ae               nasa  S-1                        warm=0.772s cold=1.7s 9497.7pts/s 0.0MB others=3 ok
cpu   chronos_small    nasa  S-1                        warm=36.77s cold=42.412s 199.4pts/s 0.0MB others=3 ok
cpu   chronos_base     nasa  S-1                        warm=136.423s cold=141.359s 53.7pts/s 0.0MB others=3 ok
cpu   timesfm          nasa  S-1                        warm=62.217s cold=66.419s 117.8pts/s 0.0MB others=3 ok
cpu   tirex            nasa  S-1                        warm=560.609s cold=570.296s 13.1pts/s 0.0MB others=3 ok
DONE
