detectors=['chronos_small_resid', 'chronos_small_quantile', 'chronos_base_resid', 'chronos_base_quantile', 'timesfm_resid', 'timesfm_quantile', 'tirex_resid', 'tirex_quantile']
tiers=['default']
datasets=['nasa', 'psm', 'smd', 'ucr']
shard=0/1
out=F:\CS\Paper\that\results\full_results_gpu.csv
already done: 156 keys
[nasa] E-8                                timesfm_resid            default  vus=0.08782 affil=0.60246 (57.1s)
[nasa] E-8                                timesfm_quantile         default  vus=0.10429 affil=0.64987 (57.1s)
[nasa] E-8                                tirex_resid              default  vus=0.0917 affil=0.65986 (46.6s)
[nasa] E-8                                tirex_quantile           default  vus=0.09085 affil=0.65983 (46.6s)
[nasa] E-9                                timesfm_resid            default  vus=0.05486 affil=0.59424 (34.1s)
[nasa] E-9                                timesfm_quantile         default  vus=0.05771 affil=0.63867 (34.1s)
[nasa] E-9                                tirex_resid              default  vus=0.06054 affil=0.61385 (44.8s)
[nasa] E-9                                tirex_quantile           default  vus=0.05893 affil=0.66403 (44.8s)
[nasa] E-10                               timesfm_resid            default  vus=0.0636 affil=0.82032 (34.6s)
[nasa] E-10                               timesfm_quantile         default  vus=0.05995 affil=0.80699 (34.6s)
[nasa] E-10                               tirex_resid              default  vus=0.05949 affil=0.80925 (44.6s)
[nasa] E-10                               tirex_quantile           default  vus=0.06432 affil=0.78214 (44.6s)
[nasa] E-11                               chronos_small_resid      default  vus=0.05622 affil=0.80002 (19.7s)
[nasa] E-11                               chronos_small_quantile   default  vus=0.07289 affil=0.78694 (19.7s)
[nasa] E-11                               chronos_base_resid       default  vus=0.06367 affil=0.78796 (4.8s)
[nasa] E-11                               chronos_base_quantile    default  vus=0.07528 affil=0.79589 (4.8s)
[nasa] E-11                               timesfm_resid            default  vus=0.05561 affil=0.79293 (38.0s)
[nasa] E-11                               timesfm_quantile         default  vus=0.05566 affil=0.79988 (38.0s)
[nasa] E-11                               tirex_resid              default  vus=0.06533 affil=0.80311 (46.7s)
[nasa] E-11                               tirex_quantile           default  vus=0.06051 affil=0.78544 (46.7s)
[nasa] E-12                               chronos_small_resid      default  vus=0.08054 affil=0.78798 (1.2s)
[nasa] E-12                               chronos_small_quantile   default  vus=0.10602 affil=0.78772 (1.2s)
[nasa] E-12                               chronos_base_resid       default  vus=0.08468 affil=0.74689 (2.1s)
[nasa] E-12                               chronos_base_quantile    default  vus=0.10346 affil=0.79665 (2.1s)
[nasa] E-12                               timesfm_resid            default  vus=0.07925 affil=0.75375 (34.9s)
[nasa] E-12                               timesfm_quantile         default  vus=0.09585 affil=0.81423 (34.9s)
[nasa] E-12                               tirex_resid              default  vus=0.09177 affil=0.74889 (43.7s)
[nasa] E-12                               tirex_quantile           default  vus=0.09538 affil=0.77839 (43.7s)
[nasa] E-13                               chronos_small_resid      default  vus=0.05102 affil=0.68459 (1.4s)
[nasa] E-13                               chronos_small_quantile   default  vus=0.04284 affil=0.71643 (1.4s)
[nasa] E-13                               chronos_base_resid       default  vus=0.04841 affil=0.68907 (2.5s)
[nasa] E-13                               chronos_base_quantile    default  vus=0.04279 affil=0.69443 (2.5s)
[nasa] E-13                               timesfm_resid            default  vus=0.04907 affil=0.72295 (34.9s)
[nasa] E-13                               timesfm_quantile         default  vus=0.04796 affil=0.69693 (34.9s)
[nasa] E-13                               tirex_resid              default  vus=0.04709 affil=0.68575 (43.5s)
[nasa] E-13                               tirex_quantile           default  vus=0.05078 affil=0.73932 (43.5s)
[nasa] A-1                                chronos_small_resid      default  vus=0.01707 affil=0.67349 (1.3s)
[nasa] A-1                                chronos_small_quantile   default  vus=0.01392 affil=0.75739 (1.3s)
[nasa] A-1                                chronos_base_resid       default  vus=0.01685 affil=0.72565 (2.1s)
[nasa] A-1                                chronos_base_quantile    default  vus=0.021 affil=0.71601 (2.1s)
[nasa] A-1                                timesfm_resid            default  vus=0.01403 affil=0.6822 (60.4s)
[nasa] A-1                                timesfm_quantile         default  vus=0.01425 affil=0.76185 (60.4s)
[nasa] A-1                                tirex_resid              default  vus=0.01548 affil=0.6772 (64.1s)
[nasa] A-1                                tirex_quantile           default  vus=0.01365 affil=0.81842 (64.1s)
[nasa] D-1                                chronos_small_resid      default  vus=0.23564 affil=0.53679 (2.2s)
[nasa] D-1                                chronos_small_quantile   default  vus=0.31374 affil=0.62514 (2.2s)
[nasa] D-1                                chronos_base_resid       default  vus=0.23625 affil=0.55113 (3.2s)
[nasa] D-1                                chronos_base_quantile    default  vus=0.324 affil=0.5887 (3.2s)
[nasa] D-1                                timesfm_resid            default  vus=0.23602 affil=0.50673 (50.6s)
[nasa] D-1                                timesfm_quantile         default  vus=0.33797 affil=0.64347 (50.6s)
[nasa] D-1                                tirex_resid              default  vus=0.23603 affil=0.53763 (60.9s)
[nasa] D-1                                tirex_quantile           default  vus=0.34028 affil=0.73007 (60.9s)
[nasa] P-2                                chronos_small_resid      default  vus=0.11296 affil=0.60341 (1.1s)
[nasa] P-2                                chronos_small_quantile   default  vus=0.13824 affil=0.58997 (1.1s)
[nasa] P-2                                chronos_base_resid       default  vus=0.11431 affil=0.6221 (2.0s)
[nasa] P-2                                chronos_base_quantile    default  vus=0.14081 affil=0.62112 (2.0s)
[nasa] P-2                                timesfm_resid            default  vus=0.11944 affil=0.6177 (33.4s)
[nasa] P-2                                timesfm_quantile         default  vus=0.14967 affil=0.62115 (33.4s)
[nasa] P-2                                tirex_resid              default  vus=0.11276 affil=0.54996 (42.6s)
[nasa] P-2                                tirex_quantile           default  vus=0.14579 affil=0.67674 (42.6s)
[nasa] P-3                                chronos_small_resid      default  vus=0.11407 affil=0.66388 (1.7s)
[nasa] P-3                                chronos_small_quantile   default  vus=0.13939 affil=0.68053 (1.7s)
[nasa] P-3                                chronos_base_resid       default  vus=0.11459 affil=0.55713 (2.8s)
[nasa] P-3                                chronos_base_quantile    default  vus=0.14892 affil=0.61105 (2.8s)
[nasa] P-3                                timesfm_resid            default  vus=0.1222 affil=0.5718 (48.8s)
[nasa] P-3                                timesfm_quantile         default  vus=0.16136 affil=0.62967 (48.8s)
[nasa] P-3                                tirex_resid              default  vus=0.11761 affil=0.5546 (98.5s)
[nasa] P-3                                tirex_quantile           default  vus=0.15264 affil=0.67673 (98.5s)
[nasa] D-2                                chronos_small_resid      default  vus=0.50279 affil=0.77032 (3.1s)
[nasa] D-2                                chronos_small_quantile   default  vus=0.47915 affil=0.77832 (3.1s)
[nasa] D-2                                chronos_base_resid       default  vus=0.49226 affil=0.78379 (5.4s)
[nasa] D-2                                chronos_base_quantile    default  vus=0.48641 affil=0.76845 (5.4s)
[nasa] D-2                                timesfm_resid            default  vus=0.49788 affil=0.76254 (80.8s)
[nasa] D-2                                timesfm_quantile         default  vus=0.50212 affil=0.86678 (80.8s)
[nasa] D-2                                tirex_resid              default  vus=0.49148 affil=0.77287 (91.0s)
[nasa] D-2                                tirex_quantile           default  vus=0.5116 affil=0.78924 (91.0s)
[nasa] D-3                                chronos_small_resid      default  vus=0.37072 affil=0.76086 (1.2s)
[nasa] D-3                                chronos_small_quantile   default  vus=0.37807 affil=0.74057 (1.2s)
[nasa] D-3                                chronos_base_resid       default  vus=0.36525 affil=0.81121 (2.2s)
[nasa] D-3                                chronos_base_quantile    default  vus=0.36503 affil=0.75663 (2.2s)
[nasa] D-3                                timesfm_resid            default  vus=0.38736 affil=0.73687 (32.1s)
[nasa] D-3                                timesfm_quantile         default  vus=0.39844 affil=0.84473 (32.1s)
[nasa] D-3                                tirex_resid              default  vus=0.39107 affil=0.74043 (38.7s)
[nasa] D-3                                tirex_quantile           default  vus=0.40072 affil=0.76553 (38.7s)
[nasa] D-4                                chronos_small_resid      default  vus=0.38581 affil=0.74492 (1.4s)
[nasa] D-4                                chronos_small_quantile   default  vus=0.40028 affil=0.81568 (1.4s)
[nasa] D-4                                chronos_base_resid       default  vus=0.38393 affil=0.77885 (2.2s)
[nasa] D-4                                chronos_base_quantile    default  vus=0.4014 affil=0.81568 (2.2s)
[nasa] D-4                                timesfm_resid            default  vus=0.3855 affil=0.73221 (64.7s)
[nasa] D-4                                timesfm_quantile         default  vus=0.39272 affil=0.79323 (64.7s)
[nasa] D-4                                tirex_resid              default  vus=0.38537 affil=0.73096 (109.4s)
[nasa] D-4                                tirex_quantile           default  vus=0.39211 affil=0.83586 (109.4s)
[nasa] A-2                                chronos_small_resid      default  vus=0.01801 affil=0.72722 (2.3s)
[nasa] A-2                                chronos_small_quantile   default  vus=0.0226 affil=0.70977 (2.3s)
[nasa] A-2                                chronos_base_resid       default  vus=0.01964 affil=0.66562 (4.5s)
[nasa] A-2                                chronos_base_quantile    default  vus=0.02274 affil=0.69216 (4.5s)
[nasa] A-2                                timesfm_resid            default  vus=0.02199 affil=0.69336 (76.2s)
[nasa] A-2                                timesfm_quantile         default  vus=0.02905 affil=0.69692 (76.2s)
[nasa] A-2                                tirex_resid              default  vus=0.02825 affil=0.77801 (38.4s)
[nasa] A-2                                tirex_quantile           default  vus=0.03292 affil=0.71344 (38.4s)
[nasa] A-3                                chronos_small_resid      default  vus=0.03494 affil=0.67875 (1.2s)
[nasa] A-3                                chronos_small_quantile   default  vus=0.03152 affil=0.70137 (1.2s)
[nasa] A-3                                chronos_base_resid       default  vus=0.04238 affil=0.8413 (2.1s)
[nasa] A-3                                chronos_base_quantile    default  vus=0.03102 affil=0.71936 (2.1s)
[nasa] A-3                                timesfm_resid            default  vus=0.0367 affil=0.73435 (33.0s)
[nasa] A-3                                timesfm_quantile         default  vus=0.03698 affil=0.69956 (33.0s)
[nasa] A-3                                tirex_resid              default  vus=0.04362 affil=0.67234 (52.1s)
[nasa] A-3                                tirex_quantile           default  vus=0.0398 affil=0.68032 (52.1s)
[nasa] A-4                                chronos_small_resid      default  vus=0.02167 affil=0.68488 (2.7s)
[nasa] A-4                                chronos_small_quantile   default  vus=0.02248 affil=0.68274 (2.7s)
[nasa] A-4                                chronos_base_resid       default  vus=0.02357 affil=0.69385 (3.3s)
[nasa] A-4                                chronos_base_quantile    default  vus=0.02188 affil=0.6742 (3.3s)
[nasa] A-4                                timesfm_resid            default  vus=0.02271 affil=0.70851 (73.9s)
[nasa] A-4                                timesfm_quantile         default  vus=0.02711 affil=0.68987 (73.9s)
[nasa] A-4                                tirex_resid              default  vus=0.02198 affil=0.69547 (86.8s)
[nasa] A-4                                tirex_quantile           default  vus=0.01898 affil=0.70036 (86.8s)
[nasa] G-1                                chronos_small_resid      default  vus=0.02031 affil=0.67277 (2.9s)
[nasa] G-1                                chronos_small_quantile   default  vus=0.03155 affil=0.78953 (2.9s)
[nasa] G-1                                chronos_base_resid       default  vus=0.02323 affil=0.74113 (4.6s)
[nasa] G-1                                chronos_base_quantile    default  vus=0.02999 affil=0.69817 (4.6s)
[nasa] G-1                                timesfm_resid            default  vus=0.02699 affil=0.67595 (65.9s)
[nasa] G-1                                timesfm_quantile         default  vus=0.03621 affil=0.73388 (65.9s)
[nasa] G-1                                tirex_resid              default  vus=0.02098 affil=0.68131 (42.8s)
[nasa] G-1                                tirex_quantile           default  vus=0.0203 affil=0.65659 (42.8s)
[nasa] G-2                                chronos_small_resid      default  vus=0.00594 affil=0.6779 (1.0s)
[nasa] G-2                                chronos_small_quantile   default  vus=0.0073 affil=0.70928 (1.0s)
[nasa] G-2                                chronos_base_resid       default  vus=0.00655 affil=0.77207 (1.8s)
[nasa] G-2                                chronos_base_quantile    default  vus=0.00847 affil=0.69089 (1.8s)
[nasa] G-2                                timesfm_resid            default  vus=0.00869 affil=0.68012 (29.2s)
[nasa] G-2                                timesfm_quantile         default  vus=0.00806 affil=0.69198 (29.2s)
[nasa] G-2                                tirex_resid              default  vus=0.00933 affil=0.69454 (57.6s)
[nasa] G-2                                tirex_quantile           default  vus=0.00693 affil=0.69931 (57.6s)
[nasa] D-5                                chronos_small_resid      default  vus=0.02365 affil=0.74324 (1.8s)
[nasa] D-5                                chronos_small_quantile   default  vus=0.01439 affil=0.69381 (1.8s)
[nasa] D-5                                chronos_base_resid       default  vus=0.04124 affil=0.86747 (3.9s)
[nasa] D-5                                chronos_base_quantile    default  vus=0.01461 affil=0.70967 (3.9s)
[nasa] D-5                                timesfm_resid            default  vus=0.01445 affil=0.73238 (75.6s)
[nasa] D-5                                timesfm_quantile         default  vus=0.01441 affil=0.80373 (75.6s)
[nasa] D-5                                tirex_resid              default  vus=0.01363 affil=0.69108 (83.8s)
[nasa] D-5                                tirex_quantile           default  vus=0.01533 affil=0.67817 (83.8s)
[nasa] D-6                                chronos_small_resid      default  vus=0.02666 affil=0.69222 (2.4s)
[nasa] D-6                                chronos_small_quantile   default  vus=0.01023 affil=0.8068 (2.4s)
[nasa] D-6                                chronos_base_resid       default  vus=0.02151 affil=0.69286 (4.4s)
[nasa] D-6                                chronos_base_quantile    default  vus=0.01058 affil=0.66755 (4.4s)
[nasa] D-6                                timesfm_resid            default  vus=0.02062 affil=0.68991 (58.8s)
[nasa] D-6                                timesfm_quantile         default  vus=0.02846 affil=0.69034 (58.8s)
[nasa] D-6                                tirex_resid              default  vus=0.02047 affil=0.69258 (36.0s)
[nasa] D-6                                tirex_quantile           default  vus=0.02052 affil=0.67023 (36.0s)
[nasa] D-7                                chronos_small_resid      default  vus=0.38684 affil=0.80028 (1.1s)
[nasa] D-7                                chronos_small_quantile   default  vus=0.36942 affil=0.73128 (1.1s)
[nasa] D-7                                chronos_base_resid       default  vus=0.38773 affil=0.83786 (2.0s)
[nasa] D-7                                chronos_base_quantile    default  vus=0.3882 affil=0.80409 (2.0s)
[nasa] D-7                                timesfm_resid            default  vus=0.36906 affil=0.74238 (30.6s)
[nasa] D-7                                timesfm_quantile         default  vus=0.35647 affil=0.73121 (30.6s)
[nasa] D-7                                tirex_resid              default  vus=0.37193 affil=0.74617 (60.0s)
[nasa] D-7                                tirex_quantile           default  vus=0.36777 affil=0.76503 (60.0s)
[nasa] F-1                                chronos_small_resid      default  vus=0.01323 affil=0.37758 (2.3s)
[nasa] F-1                                chronos_small_quantile   default  vus=0.01575 affil=0.48735 (2.3s)
[nasa] F-1                                chronos_base_resid       default  vus=0.01318 affil=0.35861 (4.6s)
[nasa] F-1                                chronos_base_quantile    default  vus=0.01588 affil=0.57885 (4.6s)
[nasa] F-1                                timesfm_resid            default  vus=0.01461 affil=0.38057 (79.1s)
[nasa] F-1                                timesfm_quantile         default  vus=0.01669 affil=0.59468 (79.1s)
[nasa] F-1                                tirex_resid              default  vus=0.01303 affil=0.37993 (75.9s)
[nasa] F-1                                tirex_quantile           default  vus=0.01666 affil=0.67457 (75.9s)
[nasa] P-4                                chronos_small_resid      default  vus=0.10013 affil=0.67706 (1.7s)
[nasa] P-4                                chronos_small_quantile   default  vus=0.10205 affil=0.41366 (1.7s)
[nasa] P-4                                chronos_base_resid       default  vus=0.1002 affil=0.67489 (2.6s)
[nasa] P-4                                chronos_base_quantile    default  vus=0.08753 affil=0.40629 (2.6s)
[nasa] P-4                                timesfm_resid            default  vus=0.08883 affil=0.40473 (34.6s)
[nasa] P-4                                timesfm_quantile         default  vus=0.0847 affil=0.32326 (34.6s)
[nasa] P-4                                tirex_resid              default  vus=0.10097 affil=0.67515 (36.0s)
[nasa] P-4                                tirex_quantile           default  vus=0.08343 affil=0.65839 (36.0s)
[nasa] G-3                                chronos_small_resid      default  vus=0.01285 affil=0.68574 (1.0s)
[nasa] G-3                                chronos_small_quantile   default  vus=0.02267 affil=0.82316 (1.0s)
[nasa] G-3                                chronos_base_resid       default  vus=0.01304 affil=0.6854 (2.1s)
[nasa] G-3                                chronos_base_quantile    default  vus=0.02423 affil=0.93281 (2.1s)
[nasa] G-3                                timesfm_resid            default  vus=0.01144 affil=0.75621 (40.2s)
[nasa] G-3                                timesfm_quantile         default  vus=0.02565 affil=0.67404 (40.2s)
[nasa] G-3                                tirex_resid              default  vus=0.01168 affil=0.67657 (73.4s)
[nasa] G-3                                tirex_quantile           default  vus=0.00938 affil=0.74774 (73.4s)
[nasa] T-1                                chronos_small_resid      default  vus=0.16516 affil=0.60259 (3.0s)
[nasa] T-1                                chronos_small_quantile   default  vus=0.1987 affil=0.66592 (3.0s)
[nasa] T-1                                chronos_base_resid       default  vus=0.16847 affil=0.60251 (4.1s)
[nasa] T-1                                chronos_base_quantile    default  vus=0.19902 affil=0.65924 (4.1s)
[nasa] T-1                                timesfm_resid            default  vus=0.18908 affil=0.67607 (87.2s)
[nasa] T-1                                timesfm_quantile         default  vus=0.21518 affil=0.74105 (87.2s)
[nasa] T-1                                tirex_resid              default  vus=0.16899 affil=0.61716 (62.0s)
[nasa] T-1                                tirex_quantile           default  vus=0.20057 affil=0.6882 (62.0s)
[nasa] T-2                                chronos_small_resid      default  vus=0.18288 affil=0.59094 (2.0s)
[nasa] T-2                                chronos_small_quantile   default  vus=0.19806 affil=0.65318 (2.0s)
[nasa] T-2                                chronos_base_resid       default  vus=0.17905 affil=0.57353 (3.0s)
[nasa] T-2                                chronos_base_quantile    default  vus=0.19676 affil=0.65817 (3.0s)
[nasa] T-2                                timesfm_resid            default  vus=0.20328 affil=0.58203 (35.6s)
[nasa] T-2                                timesfm_quantile         default  vus=0.21023 affil=0.57545 (35.6s)
[nasa] T-2                                tirex_resid              default  vus=0.18089 affil=0.57372 (52.4s)
[nasa] T-2                                tirex_quantile           default  vus=0.21097 affil=0.70752 (52.4s)
[nasa] D-8                                chronos_small_resid      default  vus=0.00801 affil=0.53971 (1.4s)
[nasa] D-8                                chronos_small_quantile   default  vus=0.00972 affil=0.08281 (1.4s)
[nasa] D-8                                chronos_base_resid       default  vus=0.00803 affil=0.54028 (2.3s)
[nasa] D-8                                chronos_base_quantile    default  vus=0.00972 affil=0.06709 (2.3s)
[nasa] D-8                                timesfm_resid            default  vus=0.00972 affil=0.07891 (46.5s)
[nasa] D-8                                timesfm_quantile         default  vus=0.00972 affil=0.07248 (46.5s)
[nasa] D-8                                tirex_resid              default  vus=0.00801 affil=0.54054 (78.5s)
[nasa] D-8                                tirex_quantile           default  vus=0.00967 affil=0.67967 (78.5s)
[nasa] D-9                                chronos_small_resid      default  vus=0.13409 affil=0.544 (2.6s)
[nasa] D-9                                chronos_small_quantile   default  vus=0.16273 affil=0.13016 (2.6s)
[nasa] D-9                                chronos_base_resid       default  vus=0.13432 affil=0.54267 (3.1s)
[nasa] D-9                                chronos_base_quantile    default  vus=0.16273 affil=0.38955 (3.1s)
[nasa] D-9                                timesfm_resid            default  vus=0.16277 affil=0.14495 (77.6s)
[nasa] D-9                                timesfm_quantile         default  vus=0.16278 affil=0.15844 (77.6s)
[nasa] D-9                                tirex_resid              default  vus=0.13344 affil=0.54289 (52.4s)
[nasa] D-9                                tirex_quantile           default  vus=0.16125 affil=0.68889 (52.4s)
[nasa] F-2                                chronos_small_resid      default  vus=0.29943 affil=0.62038 (1.8s)
[nasa] F-2                                chronos_small_quantile   default  vus=0.33323 affil=0.65559 (1.8s)
[nasa] F-2                                chronos_base_resid       default  vus=0.29341 affil=0.60115 (3.6s)
[nasa] F-2                                chronos_base_quantile    default  vus=0.35224 affil=0.7137 (3.6s)
[nasa] F-2                                timesfm_resid            default  vus=0.25626 affil=0.56801 (36.4s)
[nasa] F-2                                timesfm_quantile         default  vus=0.33599 affil=0.67047 (36.4s)
[nasa] F-2                                tirex_resid              default  vus=0.29268 affil=0.60149 (42.6s)
[nasa] F-2                                tirex_quantile           default  vus=0.3501 affil=0.74591 (42.6s)
[nasa] G-4                                chronos_small_resid      default  vus=0.00531 affil=0.57938 (1.0s)
[nasa] G-4                                chronos_small_quantile   default  vus=0.00609 affil=0.04031 (1.0s)
[nasa] G-4                                chronos_base_resid       default  vus=0.00545 affil=0.58048 (1.6s)
[nasa] G-4                                chronos_base_quantile    default  vus=0.00609 affil=0.01957 (1.6s)
[nasa] G-4                                timesfm_resid            default  vus=0.00609 affil=0.06071 (45.2s)
[nasa] G-4                                timesfm_quantile         default  vus=0.00609 affil=0.02947 (45.2s)
[nasa] G-4                                tirex_resid              default  vus=0.00515 affil=0.5806 (80.2s)
[nasa] G-4                                tirex_quantile           default  vus=0.00581 affil=0.66644 (80.2s)
[nasa] T-3                                chronos_small_resid      default  vus=0.02688 affil=0.58313 (2.7s)
[nasa] T-3                                chronos_small_quantile   default  vus=0.03734 affil=0.64397 (2.7s)
[nasa] T-3                                chronos_base_resid       default  vus=0.02699 affil=0.58278 (4.1s)
[nasa] T-3                                chronos_base_quantile    default  vus=0.0349 affil=0.66842 (4.1s)
[nasa] T-3                                timesfm_resid            default  vus=0.02566 affil=0.6115 (63.4s)
[nasa] T-3                                timesfm_quantile         default  vus=0.03131 affil=0.5815 (63.4s)
[nasa] T-3                                tirex_resid              default  vus=0.02634 affil=0.5842 (65.3s)
[nasa] T-3                                tirex_quantile           default  vus=0.03192 affil=0.6633 (65.3s)
[nasa] D-11                               chronos_small_resid      default  vus=0.10012 affil=0.61036 (1.2s)
[nasa] D-11                               chronos_small_quantile   default  vus=0.37582 affil=0.99655 (1.2s)
[nasa] D-11                               chronos_base_resid       default  vus=0.09129 affil=0.60779 (1.8s)
[nasa] D-11                               chronos_base_quantile    default  vus=0.33034 affil=0.99655 (1.8s)
[nasa] D-11                               timesfm_resid            default  vus=0.08235 affil=0.59502 (30.1s)
[nasa] D-11                               timesfm_quantile         default  vus=0.12126 affil=0.63056 (30.1s)
[nasa] D-11                               tirex_resid              default  vus=0.10187 affil=0.62273 (52.0s)
[nasa] D-11                               tirex_quantile           default  vus=0.2157 affil=0.76731 (52.0s)
[nasa] D-12                               chronos_small_resid      default  vus=0.28645 affil=0.55338 (1.5s)
[nasa] D-12                               chronos_small_quantile   default  vus=0.35236 affil=0.08656 (1.5s)
[nasa] D-12                               chronos_base_resid       default  vus=0.29003 affil=0.57472 (2.5s)
[nasa] D-12                               chronos_base_quantile    default  vus=0.35236 affil=0.05967 (2.5s)
[nasa] D-12                               timesfm_resid            default  vus=0.35236 affil=0.09591 (46.4s)
[nasa] D-12                               timesfm_quantile         default  vus=0.35236 affil=0.02843 (46.4s)
[nasa] D-12                               tirex_resid              default  vus=0.28684 affil=0.57218 (72.7s)
[nasa] D-12                               tirex_quantile           default  vus=0.35061 affil=0.71588 (72.7s)
[nasa] B-1                                chronos_small_resid      default  vus=0.01063 affil=0.51404 (1.7s)
[nasa] B-1                                chronos_small_quantile   default  vus=0.01324 affil=0.08669 (1.7s)
[nasa] B-1                                chronos_base_resid       default  vus=0.01055 affil=0.51305 (3.6s)
[nasa] B-1                                chronos_base_quantile    default  vus=0.01324 affil=0.07317 (3.6s)
[nasa] B-1                                timesfm_resid            default  vus=0.01324 affil=0.08482 (66.2s)
[nasa] B-1                                timesfm_quantile         default  vus=0.01324 affil=0.07409 (66.2s)
[nasa] B-1                                tirex_resid              default  vus=0.01066 affil=0.51322 (58.2s)
[nasa] B-1                                tirex_quantile           default  vus=0.01287 affil=0.64928 (58.2s)
[nasa] G-6                                chronos_small_resid      default  vus=0.0338 affil=0.58392 (1.8s)
[nasa] G-6                                chronos_small_quantile   default  vus=0.29612 affil=0.99732 (1.8s)
[nasa] G-6                                chronos_base_resid       default  vus=0.03166 affil=0.56943 (3.0s)
[nasa] G-6                                chronos_base_quantile    default  vus=0.14867 affil=0.99732 (3.0s)
[nasa] G-6                                timesfm_resid            default  vus=0.03387 affil=0.59926 (49.1s)
[nasa] G-6                                timesfm_quantile         default  vus=0.14486 affil=0.72474 (49.1s)
[nasa] G-6                                tirex_resid              default  vus=0.03077 affil=0.56161 (67.4s)
[nasa] G-6                                tirex_quantile           default  vus=0.14792 affil=0.7116 (67.4s)
[nasa] G-7                                chronos_small_resid      default  vus=0.29833 affil=0.88328 (1.6s)
[nasa] G-7                                chronos_small_quantile   default  vus=0.10902 affil=0.84394 (1.6s)
[nasa] G-7                                chronos_base_resid       default  vus=0.30015 affil=0.88508 (2.9s)
[nasa] G-7                                chronos_base_quantile    default  vus=0.11428 affil=0.79839 (2.9s)
[nasa] G-7                                timesfm_resid            default  vus=0.29714 affil=0.88792 (47.5s)
[nasa] G-7                                timesfm_quantile         default  vus=0.11677 affil=0.79723 (47.5s)
[nasa] G-7                                tirex_resid              default  vus=0.26108 affil=0.8663 (55.2s)
[nasa] G-7                                tirex_quantile           default  vus=0.09456 affil=0.71422 (55.2s)
[nasa] P-7                                chronos_small_resid      default  vus=0.17999 affil=0.54438 (1.6s)
[nasa] P-7                                chronos_small_quantile   default  vus=0.19574 affil=0.61954 (1.6s)
[nasa] P-7                                chronos_base_resid       default  vus=0.17969 affil=0.55251 (2.8s)
[nasa] P-7                                chronos_base_quantile    default  vus=0.20314 affil=0.63383 (2.8s)
[nasa] P-7                                timesfm_resid            default  vus=0.24211 affil=0.6507 (51.1s)
[nasa] P-7                                timesfm_quantile         default  vus=0.20904 affil=0.65288 (51.1s)
[nasa] P-7                                tirex_resid              default  vus=0.20703 affil=0.59308 (74.7s)
[nasa] P-7                                tirex_quantile           default  vus=0.20836 affil=0.68087 (74.7s)
[nasa] R-1                                chronos_small_resid      default  vus=0.01423 affil=0.52542 (1.8s)
[nasa] R-1                                chronos_small_quantile   default  vus=0.02529 affil=0.40545 (1.8s)
[nasa] R-1                                chronos_base_resid       default  vus=0.01349 affil=0.56443 (2.2s)
[nasa] R-1                                chronos_base_quantile    default  vus=0.02529 affil=0.88947 (2.2s)
[nasa] R-1                                timesfm_resid            default  vus=0.01602 affil=0.51654 (44.8s)
[nasa] R-1                                timesfm_quantile         default  vus=0.01673 affil=0.11428 (44.8s)
[nasa] R-1                                tirex_resid              default  vus=0.01565 affil=0.56125 (53.7s)
[nasa] R-1                                tirex_quantile           default  vus=0.01691 affil=0.66826 (53.7s)
[nasa] A-5                                chronos_small_resid      default  vus=0.10768 affil=0.75797 (1.0s)
[nasa] A-5                                chronos_small_quantile   default  vus=0.60577 affil=0.99927 (1.0s)
[nasa] A-5                                chronos_base_resid       default  vus=0.10242 affil=0.75837 (1.7s)
[nasa] A-5                                chronos_base_quantile    default  vus=0.60558 affil=0.99927 (1.7s)
[nasa] A-5                                timesfm_resid            default  vus=0.14002 affil=0.73056 (30.2s)
[nasa] A-5                                timesfm_quantile         default  vus=0.66176 affil=0.9763 (30.2s)
[nasa] A-5                                tirex_resid              default  vus=0.23068 affil=0.73065 (24.6s)
[nasa] A-5                                tirex_quantile           default  vus=0.68114 affil=0.99913 (24.6s)
[nasa] A-6                                chronos_small_resid      default  vus=0.01272 affil=0.6268 (0.6s)
[nasa] A-6                                chronos_small_quantile   default  vus=0.40198 affil=0.99896 (0.6s)
[nasa] A-6                                chronos_base_resid       default  vus=0.01237 affil=0.6272 (1.1s)
[nasa] A-6                                chronos_base_quantile    default  vus=0.40197 affil=0.99896 (1.1s)
[nasa] A-6                                timesfm_resid            default  vus=0.06041 affil=0.71934 (22.8s)
[nasa] A-6                                timesfm_quantile         default  vus=0.41457 affil=0.99896 (22.8s)
[nasa] A-6                                tirex_resid              default  vus=0.02504 affil=0.6432 (34.2s)
[nasa] A-6                                tirex_quantile           default  vus=0.11957 affil=0.99775 (34.2s)
[nasa] A-7                                chronos_small_resid      default  vus=0.25746 affil=0.63852 (1.7s)
[nasa] A-7                                chronos_small_quantile   default  vus=0.24115 affil=0.60718 (1.7s)
[nasa] A-7                                chronos_base_resid       default  vus=0.25096 affil=0.62572 (3.1s)
[nasa] A-7                                chronos_base_quantile    default  vus=0.24997 affil=0.6232 (3.1s)
[nasa] A-7                                timesfm_resid            default  vus=0.17078 affil=0.41841 (55.0s)
[nasa] A-7                                timesfm_quantile         default  vus=0.27931 affil=0.68762 (55.0s)
[nasa] A-7                                tirex_resid              default  vus=0.22279 affil=0.60341 (100.8s)
[nasa] A-7                                tirex_quantile           default  vus=0.28369 affil=0.71789 (100.8s)
[nasa] D-13                               chronos_small_resid      default  vus=0.02377 affil=0.39846 (1.7s)
[nasa] D-13                               chronos_small_quantile   default  vus=0.03152 affil=0.18119 (1.7s)
[nasa] D-13                               chronos_base_resid       default  vus=0.02373 affil=0.37775 (2.7s)
[nasa] D-13                               chronos_base_quantile    default  vus=0.03152 affil=0.16077 (2.7s)
[nasa] D-13                               timesfm_resid            default  vus=0.03152 affil=0.15811 (42.6s)
[nasa] D-13                               timesfm_quantile         default  vus=0.03152 affil=0.14787 (42.6s)
[nasa] D-13                               tirex_resid              default  vus=0.02359 affil=0.40748 (40.5s)
[nasa] D-13                               tirex_quantile           default  vus=0.03072 affil=0.65526 (40.5s)
[nasa] P-2                                chronos_small_resid      default  vus=0.11296 affil=0.60341 (1.1s)
[nasa] P-2                                chronos_small_quantile   default  vus=0.13824 affil=0.58997 (1.1s)
[nasa] P-2                                chronos_base_resid       default  vus=0.11431 affil=0.6221 (2.2s)
[nasa] P-2                                chronos_base_quantile    default  vus=0.14081 affil=0.62112 (2.2s)
[nasa] P-2                                timesfm_resid            default  vus=0.11944 affil=0.6177 (34.1s)
[nasa] P-2                                timesfm_quantile         default  vus=0.14967 affil=0.62115 (34.1s)
[nasa] P-2                                tirex_resid              default  vus=0.11276 affil=0.54996 (59.6s)
[nasa] P-2                                tirex_quantile           default  vus=0.14579 affil=0.67674 (59.6s)
[nasa] A-8                                chronos_small_resid      default  vus=0.36902 affil=0.67705 (2.3s)
[nasa] A-8                                chronos_small_quantile   default  vus=0.4469 affil=0.74356 (2.3s)
[nasa] A-8                                chronos_base_resid       default  vus=0.37726 affil=0.67861 (2.8s)
[nasa] A-8                                chronos_base_quantile    default  vus=0.46803 affil=0.80559 (2.8s)
