detectors=['tirex_resid', 'tirex_quantile']
tiers=['default']
datasets=['nasa', 'psm', 'smd', 'ucr']
shard=0/1
out=F:\CS\Paper\that\results\full_results_gpua.csv
already done: 1089 keys
[nasa] A-8                                tirex_resid              default  vus=0.40176 affil=0.72191 (105.2s)
[nasa] A-8                                tirex_quantile           default  vus=0.4531 affil=0.74709 (105.2s)
[nasa] A-9                                tirex_resid              default  vus=0.35609 affil=0.4767 (111.5s)
[nasa] A-9                                tirex_quantile           default  vus=0.45179 affil=0.7422 (111.5s)
[nasa] F-3                                tirex_resid              default  vus=0.03323 affil=0.61904 (81.4s)
[nasa] F-3                                tirex_quantile           default  vus=0.0131 affil=0.65602 (81.4s)
[nasa] M-6                                tirex_resid              default  vus=0.10924 affil=0.70127 (11.8s)
[nasa] M-6                                tirex_quantile           default  vus=0.1147 affil=0.77383 (11.8s)
[nasa] M-1                                tirex_resid              default  vus=0.58505 affil=0.84604 (11.5s)
[nasa] M-1                                tirex_quantile           default  vus=0.55616 affil=0.91829 (11.5s)
[nasa] M-2                                tirex_resid              default  vus=0.56122 affil=0.81234 (11.6s)
[nasa] M-2                                tirex_quantile           default  vus=0.55417 affil=0.91829 (11.6s)
[nasa] S-2                                tirex_resid              default  vus=0.01258 affil=0.67281 (11.5s)
[nasa] S-2                                tirex_quantile           default  vus=0.0125 affil=0.66033 (11.5s)
[nasa] P-10                               tirex_resid              default  vus=0.05848 affil=0.71949 (28.9s)
[nasa] P-10                               tirex_quantile           default  vus=0.05214 affil=0.75679 (28.9s)
[nasa] T-4                                tirex_resid              default  vus=0.07337 affil=0.9927 (11.7s)
[nasa] T-4                                tirex_quantile           default  vus=0.04232 affil=0.67742 (11.7s)
[nasa] T-5                                tirex_resid              default  vus=0.01768 affil=0.64942 (13.9s)
[nasa] T-5                                tirex_quantile           default  vus=0.02063 affil=0.66503 (13.9s)
[nasa] F-7                                tirex_resid              default  vus=0.09539 affil=0.6818 (43.6s)
[nasa] F-7                                tirex_quantile           default  vus=0.11864 affil=0.6827 (43.6s)
[nasa] M-3                                tirex_resid              default  vus=0.18176 affil=0.8284 (29.1s)
[nasa] M-3                                tirex_quantile           default  vus=0.16133 affil=0.68247 (29.1s)
[nasa] M-4                                tirex_resid              default  vus=0.1675 affil=0.84077 (29.0s)
[nasa] M-4                                tirex_quantile           default  vus=0.16946 affil=0.68207 (29.0s)
[nasa] M-5                                tirex_resid              default  vus=0.22846 affil=0.77271 (29.8s)
[nasa] M-5                                tirex_quantile           default  vus=0.16769 affil=0.78849 (29.8s)
[nasa] P-15                               tirex_resid              default  vus=0.0096 affil=0.70107 (47.0s)
[nasa] P-15                               tirex_quantile           default  vus=0.02073 affil=0.67044 (47.0s)
[nasa] C-1                                tirex_resid              default  vus=0.25137 affil=0.85579 (30.6s)
[nasa] C-1                                tirex_quantile           default  vus=0.18986 affil=0.69112 (30.6s)
[nasa] C-2                                tirex_resid              default  vus=0.19358 affil=0.77712 (33.0s)
[nasa] C-2                                tirex_quantile           default  vus=0.09401 affil=0.65201 (33.0s)
[nasa] T-12                               tirex_resid              default  vus=0.12939 affil=0.93371 (33.3s)
[nasa] T-12                               tirex_quantile           default  vus=0.09497 affil=0.94888 (33.3s)
[nasa] T-13                               tirex_resid              default  vus=0.23978 affil=0.86389 (24.4s)
[nasa] T-13                               tirex_quantile           default  vus=0.17097 affil=0.67837 (24.4s)
[nasa] F-4                                tirex_resid              default  vus=0.03362 affil=0.6542 (25.6s)
[nasa] F-4                                tirex_quantile           default  vus=0.05431 affil=0.70212 (25.6s)
[nasa] F-5                                tirex_resid              default  vus=0.05123 affil=0.64352 (28.1s)
[nasa] F-5                                tirex_quantile           default  vus=0.06466 affil=0.70009 (28.1s)
[nasa] D-14                               tirex_resid              default  vus=0.18545 affil=0.72675 (21.1s)
[nasa] D-14                               tirex_quantile           default  vus=0.13195 affil=0.69009 (21.1s)
[nasa] T-9                                tirex_resid              default  vus=0.4979 affil=0.95208 (9.5s)
[nasa] T-9                                tirex_quantile           default  vus=0.21939 affil=0.75826 (9.5s)
[nasa] P-14                               tirex_resid              default  vus=0.04376 affil=0.64101 (29.2s)
[nasa] P-14                               tirex_quantile           default  vus=0.08075 affil=0.75799 (29.2s)
[nasa] T-8                                tirex_resid              default  vus=0.12437 affil=0.73036 (11.5s)
[nasa] T-8                                tirex_quantile           default  vus=0.10305 affil=0.68821 (11.5s)
[nasa] P-11                               tirex_resid              default  vus=0.1159 affil=0.67395 (17.6s)
[nasa] P-11                               tirex_quantile           default  vus=0.11321 affil=0.69577 (17.6s)
[nasa] D-15                               tirex_resid              default  vus=0.39094 affil=0.76179 (14.0s)
[nasa] D-15                               tirex_quantile           default  vus=0.34869 affil=0.77185 (14.0s)
[nasa] D-16                               tirex_resid              default  vus=0.386 affil=0.74757 (20.9s)
[nasa] D-16                               tirex_quantile           default  vus=0.33538 affil=0.76635 (20.9s)
[nasa] M-7                                tirex_resid              default  vus=0.46447 affil=0.99186 (16.3s)
[nasa] M-7                                tirex_quantile           default  vus=0.09382 affil=0.98363 (16.3s)
[nasa] F-8                                tirex_resid              default  vus=0.29429 affil=0.78808 (19.8s)
[nasa] F-8                                tirex_quantile           default  vus=0.24654 affil=0.89844 (19.8s)
[psm] psm                                tirex_resid              default  vus=0.40577 affil=0.7457 (309.3s)
[psm] psm                                tirex_quantile           default  vus=0.3946 affil=0.78956 (309.3s)
[smd] machine-1-1                        tirex_resid              default  vus=0.27051 affil=0.78157 (132.0s)
[smd] machine-1-1                        tirex_quantile           default  vus=0.19121 affil=0.79314 (132.0s)
[smd] machine-1-2                        tirex_resid              default  vus=0.25465 affil=0.8233 (109.2s)
[smd] machine-1-2                        tirex_quantile           default  vus=0.05711 affil=0.69524 (109.2s)
[smd] machine-1-3                        tirex_resid              default  vus=0.12721 affil=0.77994 (103.9s)
[smd] machine-1-3                        tirex_quantile           default  vus=0.07892 affil=0.73161 (103.9s)
[smd] machine-1-4                        tirex_resid              default  vus=0.13333 affil=0.79459 (107.1s)
[smd] machine-1-4                        tirex_quantile           default  vus=0.09307 affil=0.7625 (107.1s)
[smd] machine-1-5                        tirex_resid              default  vus=0.02175 affil=0.77225 (109.7s)
[smd] machine-1-5                        tirex_quantile           default  vus=0.0166 affil=0.70542 (109.7s)
[smd] machine-1-6                        tirex_resid              default  vus=0.27476 affil=0.63084 (110.0s)
[smd] machine-1-6                        tirex_quantile           default  vus=0.26016 affil=0.67984 (110.0s)
[smd] machine-1-7                        tirex_resid              default  vus=0.157 affil=0.70434 (104.4s)
[smd] machine-1-7                        tirex_quantile           default  vus=0.14207 affil=0.69066 (104.4s)
[smd] machine-1-8                        tirex_resid              default  vus=0.11021 affil=0.73399 (104.4s)
[smd] machine-1-8                        tirex_quantile           default  vus=0.06785 affil=0.7175 (104.4s)
[smd] machine-2-1                        tirex_resid              default  vus=0.08378 affil=0.69113 (104.7s)
[smd] machine-2-1                        tirex_quantile           default  vus=0.08943 affil=0.67633 (104.7s)
[smd] machine-2-2                        tirex_resid              default  vus=0.12114 affil=0.5976 (112.5s)
[smd] machine-2-2                        tirex_quantile           default  vus=0.15885 affil=0.71327 (112.5s)
[smd] machine-2-3                        tirex_resid              default  vus=0.14004 affil=0.7143 (111.6s)
[smd] machine-2-3                        tirex_quantile           default  vus=0.09594 affil=0.6799 (111.6s)
[smd] machine-2-4                        tirex_resid              default  vus=0.16884 affil=0.6814 (107.7s)
[smd] machine-2-4                        tirex_quantile           default  vus=0.14428 affil=0.74044 (107.7s)
[smd] machine-2-5                        tirex_resid              default  vus=0.05903 affil=0.63362 (108.9s)
[smd] machine-2-5                        tirex_quantile           default  vus=0.09709 affil=0.68114 (108.9s)
[smd] machine-2-6                        tirex_resid              default  vus=0.18903 affil=0.80418 (130.7s)
[smd] machine-2-6                        tirex_quantile           default  vus=0.06339 affil=0.68536 (130.7s)
[smd] machine-2-7                        tirex_resid              default  vus=0.15251 affil=0.57374 (108.1s)
[smd] machine-2-7                        tirex_quantile           default  vus=0.03144 affil=0.63303 (108.1s)
[smd] machine-2-8                        tirex_resid              default  vus=0.58201 affil=0.99878 (114.5s)
[smd] machine-2-8                        tirex_quantile           default  vus=0.0271 affil=0.9844 (114.5s)
[smd] machine-2-9                        tirex_resid              default  vus=0.11543 affil=0.64291 (130.3s)
[smd] machine-2-9                        tirex_quantile           default  vus=0.0999 affil=0.72714 (130.3s)
[smd] machine-3-1                        tirex_resid              default  vus=0.21378 affil=0.85521 (163.1s)
[smd] machine-3-1                        tirex_quantile           default  vus=0.05874 affil=0.77833 (163.1s)
[smd] machine-3-10                       tirex_resid              default  vus=0.1333 affil=0.73432 (103.1s)
[smd] machine-3-10                       tirex_quantile           default  vus=0.068 affil=0.67138 (103.1s)
[smd] machine-3-11                       tirex_resid              default  vus=0.38612 affil=0.78887 (140.6s)
[smd] machine-3-11                       tirex_quantile           default  vus=0.10835 affil=0.7651 (140.6s)
[smd] machine-3-2                        tirex_resid              default  vus=0.05593 affil=0.68986 (107.9s)
[smd] machine-3-2                        tirex_quantile           default  vus=0.06558 affil=0.68947 (107.9s)
[smd] machine-3-3                        tirex_resid              default  vus=0.17613 affil=0.72806 (110.1s)
[smd] machine-3-3                        tirex_quantile           default  vus=0.05137 affil=0.69245 (110.1s)
[smd] machine-3-4                        tirex_resid              default  vus=0.07021 affil=0.7023 (127.3s)
[smd] machine-3-4                        tirex_quantile           default  vus=0.06706 affil=0.7488 (127.3s)
[smd] machine-3-5                        tirex_resid              default  vus=0.04927 affil=0.75305 (121.5s)
[smd] machine-3-5                        tirex_quantile           default  vus=0.05383 affil=0.68742 (121.5s)
[smd] machine-3-6                        tirex_resid              default  vus=0.09883 affil=0.75722 (135.8s)
[smd] machine-3-6                        tirex_quantile           default  vus=0.08836 affil=0.74076 (135.8s)
[smd] machine-3-7                        tirex_resid              default  vus=0.04686 affil=0.68093 (142.0s)
[smd] machine-3-7                        tirex_quantile           default  vus=0.03548 affil=0.70567 (142.0s)
[smd] machine-3-8                        tirex_resid              default  vus=0.18686 affil=0.78085 (138.8s)
[smd] machine-3-8                        tirex_quantile           default  vus=0.06899 affil=0.7435 (138.8s)
[smd] machine-3-9                        tirex_resid              default  vus=0.23608 affil=0.71109 (133.4s)
[smd] machine-3-9                        tirex_quantile           default  vus=0.07648 affil=0.76631 (133.4s)
[ucr] 001_UCR_Anomaly_DISTORTED1sddb40_3 tirex_resid              default  vus=0.0218 affil=0.66493 (19.7s)
[ucr] 001_UCR_Anomaly_DISTORTED1sddb40_3 tirex_quantile           default  vus=0.01556 affil=0.69596 (19.7s)
[ucr] 002_UCR_Anomaly_DISTORTED2sddb40_3 tirex_resid              default  vus=0.00708 affil=0.66491 (21.1s)
[ucr] 002_UCR_Anomaly_DISTORTED2sddb40_3 tirex_quantile           default  vus=0.00919 affil=0.67909 (21.1s)
[ucr] 003_UCR_Anomaly_DISTORTED3sddb40_3 tirex_resid              default  vus=0.01315 affil=0.6679 (19.6s)
[ucr] 003_UCR_Anomaly_DISTORTED3sddb40_3 tirex_quantile           default  vus=0.00968 affil=0.67069 (19.6s)
[ucr] 004_UCR_Anomaly_DISTORTEDBIDMC1_25 tirex_resid              default  vus=0.20708 affil=0.9892 (7.3s)
[ucr] 004_UCR_Anomaly_DISTORTEDBIDMC1_25 tirex_quantile           default  vus=0.09892 affil=0.99433 (7.3s)
[ucr] 005_UCR_Anomaly_DISTORTEDCIMIS44Ai tirex_resid              default  vus=0.00159 affil=0.81539 (7.8s)
[ucr] 005_UCR_Anomaly_DISTORTEDCIMIS44Ai tirex_quantile           default  vus=0.00132 affil=0.64507 (7.8s)
[ucr] 006_UCR_Anomaly_DISTORTEDCIMIS44Ai tirex_resid              default  vus=0.08698 affil=0.88641 (8.8s)
[ucr] 006_UCR_Anomaly_DISTORTEDCIMIS44Ai tirex_quantile           default  vus=0.03265 affil=0.70229 (8.8s)
[ucr] 007_UCR_Anomaly_DISTORTEDCIMIS44Ai tirex_resid              default  vus=0.05902 affil=0.68256 (6.9s)
[ucr] 007_UCR_Anomaly_DISTORTEDCIMIS44Ai tirex_quantile           default  vus=0.05253 affil=0.72957 (6.9s)
[ucr] 008_UCR_Anomaly_DISTORTEDCIMIS44Ai tirex_resid              default  vus=0.0721 affil=0.90536 (7.1s)
[ucr] 008_UCR_Anomaly_DISTORTEDCIMIS44Ai tirex_quantile           default  vus=0.02443 affil=0.6816 (7.1s)
[ucr] 009_UCR_Anomaly_DISTORTEDCIMIS44Ai tirex_resid              default  vus=0.06181 affil=0.90284 (6.7s)
[ucr] 009_UCR_Anomaly_DISTORTEDCIMIS44Ai tirex_quantile           default  vus=0.03042 affil=0.68833 (6.7s)
[ucr] 010_UCR_Anomaly_DISTORTEDCIMIS44Ai tirex_resid              default  vus=0.08033 affil=0.79861 (7.8s)
[ucr] 010_UCR_Anomaly_DISTORTEDCIMIS44Ai tirex_quantile           default  vus=0.07837 affil=0.90881 (7.8s)
[ucr] 011_UCR_Anomaly_DISTORTEDECG1_1000 tirex_resid              default  vus=0.0968 affil=0.99821 (12.1s)
[ucr] 011_UCR_Anomaly_DISTORTEDECG1_1000 tirex_quantile           default  vus=0.02769 affil=0.70707 (12.1s)
[ucr] 012_UCR_Anomaly_DISTORTEDECG2_1500 tirex_resid              default  vus=0.01536 affil=0.69052 (6.1s)
[ucr] 012_UCR_Anomaly_DISTORTEDECG2_1500 tirex_quantile           default  vus=0.00975 affil=0.70993 (6.1s)
[ucr] 013_UCR_Anomaly_DISTORTEDECG3_1500 tirex_resid              default  vus=0.01119 affil=0.7242 (5.9s)
[ucr] 013_UCR_Anomaly_DISTORTEDECG3_1500 tirex_quantile           default  vus=0.00985 affil=0.70477 (5.9s)
[ucr] 014_UCR_Anomaly_DISTORTEDECG3_8000 tirex_resid              default  vus=0.0099 affil=0.67713 (12.1s)
[ucr] 014_UCR_Anomaly_DISTORTEDECG3_8000 tirex_quantile           default  vus=0.01008 affil=0.65925 (12.1s)
[ucr] 015_UCR_Anomaly_DISTORTEDECG4_5000 tirex_resid              default  vus=0.00921 affil=0.93131 (73.3s)
[ucr] 015_UCR_Anomaly_DISTORTEDECG4_5000 tirex_quantile           default  vus=0.00758 affil=0.81766 (73.3s)
[ucr] 016_UCR_Anomaly_DISTORTEDECG4_5000 tirex_resid              default  vus=0.01456 affil=0.68059 (11.9s)
[ucr] 016_UCR_Anomaly_DISTORTEDECG4_5000 tirex_quantile           default  vus=0.01385 affil=0.67595 (11.9s)
[ucr] 017_UCR_Anomaly_DISTORTEDECG4_5000 tirex_resid              default  vus=0.00808 affil=0.68382 (12.1s)
[ucr] 017_UCR_Anomaly_DISTORTEDECG4_5000 tirex_quantile           default  vus=0.00664 affil=0.6743 (12.1s)
[ucr] 018_UCR_Anomaly_DISTORTEDECG4_8000 tirex_resid              default  vus=0.0059 affil=0.67418 (11.9s)
[ucr] 018_UCR_Anomaly_DISTORTEDECG4_8000 tirex_quantile           default  vus=0.0066 affil=0.72581 (11.9s)
[ucr] 019_UCR_Anomaly_DISTORTEDGP711Mark tirex_resid              default  vus=0.11048 affil=0.939 (6.0s)
[ucr] 019_UCR_Anomaly_DISTORTEDGP711Mark tirex_quantile           default  vus=0.06326 affil=0.939 (6.0s)
[ucr] 020_UCR_Anomaly_DISTORTEDGP711Mark tirex_resid              default  vus=0.25999 affil=0.97718 (6.3s)
[ucr] 020_UCR_Anomaly_DISTORTEDGP711Mark tirex_quantile           default  vus=0.14866 affil=0.99006 (6.3s)
[ucr] 021_UCR_Anomaly_DISTORTEDGP711Mark tirex_resid              default  vus=0.05168 affil=0.91721 (6.0s)
[ucr] 021_UCR_Anomaly_DISTORTEDGP711Mark tirex_quantile           default  vus=0.01576 affil=0.67658 (6.0s)
[ucr] 022_UCR_Anomaly_DISTORTEDGP711Mark tirex_resid              default  vus=0.19047 affil=0.99607 (6.3s)
[ucr] 022_UCR_Anomaly_DISTORTEDGP711Mark tirex_quantile           default  vus=0.03347 affil=0.73984 (6.3s)
[ucr] 023_UCR_Anomaly_DISTORTEDGP711Mark tirex_resid              default  vus=0.12091 affil=0.99605 (6.2s)
[ucr] 023_UCR_Anomaly_DISTORTEDGP711Mark tirex_quantile           default  vus=0.11967 affil=0.99594 (6.2s)
[ucr] 024_UCR_Anomaly_DISTORTEDInternalB tirex_resid              default  vus=0.01518 affil=0.73585 (6.4s)
[ucr] 024_UCR_Anomaly_DISTORTEDInternalB tirex_quantile           default  vus=0.01209 affil=0.68358 (6.4s)
[ucr] 025_UCR_Anomaly_DISTORTEDInternalB tirex_resid              default  vus=0.1086 affil=0.99202 (6.0s)
[ucr] 025_UCR_Anomaly_DISTORTEDInternalB tirex_quantile           default  vus=0.13041 affil=0.99849 (6.0s)
[ucr] 026_UCR_Anomaly_DISTORTEDInternalB tirex_resid              default  vus=0.06175 affil=0.89612 (6.1s)
[ucr] 026_UCR_Anomaly_DISTORTEDInternalB tirex_quantile           default  vus=0.05008 affil=0.66111 (6.1s)
[ucr] 027_UCR_Anomaly_DISTORTEDInternalB tirex_resid              default  vus=0.00924 affil=0.74102 (6.5s)
[ucr] 027_UCR_Anomaly_DISTORTEDInternalB tirex_quantile           default  vus=0.00309 affil=0.63418 (6.5s)
[ucr] 028_UCR_Anomaly_DISTORTEDInternalB tirex_resid              default  vus=0.05905 affil=0.75333 (6.7s)
[ucr] 028_UCR_Anomaly_DISTORTEDInternalB tirex_quantile           default  vus=0.02871 affil=0.69525 (6.7s)
[ucr] 029_UCR_Anomaly_DISTORTEDInternalB tirex_resid              default  vus=0.03935 affil=0.78961 (6.7s)
[ucr] 029_UCR_Anomaly_DISTORTEDInternalB tirex_quantile           default  vus=0.02927 affil=0.66598 (6.7s)
[ucr] 030_UCR_Anomaly_DISTORTEDInternalB tirex_resid              default  vus=0.01134 affil=0.66437 (6.5s)
[ucr] 030_UCR_Anomaly_DISTORTEDInternalB tirex_quantile           default  vus=0.00367 affil=0.57048 (6.5s)
[ucr] 031_UCR_Anomaly_DISTORTEDInternalB tirex_resid              default  vus=0.10291 affil=0.71845 (6.9s)
[ucr] 031_UCR_Anomaly_DISTORTEDInternalB tirex_quantile           default  vus=0.06018 affil=0.59096 (6.9s)
[ucr] 032_UCR_Anomaly_DISTORTEDInternalB tirex_resid              default  vus=0.39616 affil=0.99333 (6.2s)
[ucr] 032_UCR_Anomaly_DISTORTEDInternalB tirex_quantile           default  vus=0.29618 affil=0.99422 (6.2s)
[ucr] 033_UCR_Anomaly_DISTORTEDInternalB tirex_resid              default  vus=0.28763 affil=0.94926 (7.6s)
[ucr] 033_UCR_Anomaly_DISTORTEDInternalB tirex_quantile           default  vus=0.20508 affil=0.97882 (7.6s)
[ucr] 034_UCR_Anomaly_DISTORTEDInternalB tirex_resid              default  vus=0.13111 affil=0.94972 (6.3s)
[ucr] 034_UCR_Anomaly_DISTORTEDInternalB tirex_quantile           default  vus=0.03586 affil=0.79659 (6.3s)
[ucr] 035_UCR_Anomaly_DISTORTEDInternalB tirex_resid              default  vus=0.13184 affil=0.97251 (7.7s)
[ucr] 035_UCR_Anomaly_DISTORTEDInternalB tirex_quantile           default  vus=0.25632 affil=0.9851 (7.7s)
[ucr] 036_UCR_Anomaly_DISTORTEDInternalB tirex_resid              default  vus=0.05033 affil=0.83035 (7.3s)
[ucr] 036_UCR_Anomaly_DISTORTEDInternalB tirex_quantile           default  vus=0.04842 affil=0.79441 (7.3s)
[ucr] 037_UCR_Anomaly_DISTORTEDLab2Cmac0 tirex_resid              default  vus=0.03113 affil=0.7956 (13.4s)
[ucr] 037_UCR_Anomaly_DISTORTEDLab2Cmac0 tirex_quantile           default  vus=0.01422 affil=0.6688 (13.4s)
[ucr] 038_UCR_Anomaly_DISTORTEDLab2Cmac0 tirex_resid              default  vus=0.00711 affil=0.69191 (12.5s)
[ucr] 038_UCR_Anomaly_DISTORTEDLab2Cmac0 tirex_quantile           default  vus=0.00675 affil=0.83207 (12.5s)
[ucr] 039_UCR_Anomaly_DISTORTEDLab2Cmac0 tirex_resid              default  vus=0.00528 affil=0.66857 (12.6s)
[ucr] 039_UCR_Anomaly_DISTORTEDLab2Cmac0 tirex_quantile           default  vus=0.00452 affil=0.66561 (12.6s)
[ucr] 040_UCR_Anomaly_DISTORTEDLab2Cmac0 tirex_resid              default  vus=0.00854 affil=0.66623 (13.2s)
[ucr] 040_UCR_Anomaly_DISTORTEDLab2Cmac0 tirex_quantile           default  vus=0.00904 affil=0.68074 (13.2s)
[ucr] 041_UCR_Anomaly_DISTORTEDLab2Cmac0 tirex_resid              default  vus=0.01214 affil=0.67141 (12.5s)
[ucr] 041_UCR_Anomaly_DISTORTEDLab2Cmac0 tirex_quantile           default  vus=0.00952 affil=0.66222 (12.5s)
[ucr] 042_UCR_Anomaly_DISTORTEDLab2Cmac0 tirex_resid              default  vus=0.01146 affil=0.66027 (14.2s)
[ucr] 042_UCR_Anomaly_DISTORTEDLab2Cmac0 tirex_quantile           default  vus=0.01415 affil=0.66169 (14.2s)
[ucr] 043_UCR_Anomaly_DISTORTEDMesoplodo tirex_resid              default  vus=0.03039 affil=0.98027 (8.4s)
[ucr] 043_UCR_Anomaly_DISTORTEDMesoplodo tirex_quantile           default  vus=0.01615 affil=0.78785 (8.4s)
[ucr] 044_UCR_Anomaly_DISTORTEDPowerDema tirex_resid              default  vus=0.03713 affil=0.72705 (14.0s)
[ucr] 044_UCR_Anomaly_DISTORTEDPowerDema tirex_quantile           default  vus=0.03307 affil=0.81307 (14.0s)
[ucr] 045_UCR_Anomaly_DISTORTEDPowerDema tirex_resid              default  vus=0.02538 affil=0.66376 (7.7s)
[ucr] 045_UCR_Anomaly_DISTORTEDPowerDema tirex_quantile           default  vus=0.03313 affil=0.75012 (7.7s)
[ucr] 046_UCR_Anomaly_DISTORTEDPowerDema tirex_resid              default  vus=0.01723 affil=0.6606 (5.7s)
[ucr] 046_UCR_Anomaly_DISTORTEDPowerDema tirex_quantile           default  vus=0.01531 affil=0.69527 (5.7s)
[ucr] 047_UCR_Anomaly_DISTORTEDPowerDema tirex_resid              default  vus=0.06624 affil=0.96679 (5.8s)
[ucr] 047_UCR_Anomaly_DISTORTEDPowerDema tirex_quantile           default  vus=0.03622 affil=0.7081 (5.8s)
[ucr] 048_UCR_Anomaly_DISTORTEDTkeepFift tirex_resid              default  vus=0.08517 affil=0.98187 (5.7s)
[ucr] 048_UCR_Anomaly_DISTORTEDTkeepFift tirex_quantile           default  vus=0.13266 affil=0.98213 (5.7s)
[ucr] 049_UCR_Anomaly_DISTORTEDTkeepFirs tirex_resid              default  vus=0.00316 affil=0.82317 (6.5s)
[ucr] 049_UCR_Anomaly_DISTORTEDTkeepFirs tirex_quantile           default  vus=0.003 affil=0.75586 (6.5s)
[ucr] 050_UCR_Anomaly_DISTORTEDTkeepFort tirex_resid              default  vus=0.06209 affil=0.92045 (7.2s)
[ucr] 050_UCR_Anomaly_DISTORTEDTkeepFort tirex_quantile           default  vus=0.02345 affil=0.84205 (7.2s)
[ucr] 051_UCR_Anomaly_DISTORTEDTkeepSeco tirex_resid              default  vus=0.03828 affil=0.9768 (6.5s)
[ucr] 051_UCR_Anomaly_DISTORTEDTkeepSeco tirex_quantile           default  vus=0.05302 affil=0.98273 (6.5s)
[ucr] 052_UCR_Anomaly_DISTORTEDTkeepThir tirex_resid              default  vus=0.09344 affil=0.99483 (6.2s)
[ucr] 052_UCR_Anomaly_DISTORTEDTkeepThir tirex_quantile           default  vus=0.03242 affil=0.69499 (6.2s)
[ucr] 053_UCR_Anomaly_DISTORTEDWalkingAc tirex_resid              default  vus=0.06099 affil=0.65762 (6.1s)
[ucr] 053_UCR_Anomaly_DISTORTEDWalkingAc tirex_quantile           default  vus=0.06142 affil=0.65049 (6.1s)
[ucr] 054_UCR_Anomaly_DISTORTEDWalkingAc tirex_resid              default  vus=0.13754 affil=0.92344 (6.4s)
[ucr] 054_UCR_Anomaly_DISTORTEDWalkingAc tirex_quantile           default  vus=0.14594 affil=0.92344 (6.4s)
[ucr] 055_UCR_Anomaly_DISTORTEDapneaecg2 tirex_resid              default  vus=0.01726 affil=0.68385 (12.8s)
[ucr] 055_UCR_Anomaly_DISTORTEDapneaecg2 tirex_quantile           default  vus=0.01493 affil=0.75547 (12.8s)
[ucr] 056_UCR_Anomaly_DISTORTEDapneaecg3 tirex_resid              default  vus=0.00567 affil=0.67476 (18.3s)
[ucr] 056_UCR_Anomaly_DISTORTEDapneaecg3 tirex_quantile           default  vus=0.00442 affil=0.66744 (18.3s)
[ucr] 057_UCR_Anomaly_DISTORTEDapneaecg4 tirex_resid              default  vus=0.00372 affil=0.67027 (12.3s)
[ucr] 057_UCR_Anomaly_DISTORTEDapneaecg4 tirex_quantile           default  vus=0.00452 affil=0.73457 (12.3s)
[ucr] 058_UCR_Anomaly_DISTORTEDapneaecg_ tirex_resid              default  vus=0.00311 affil=0.67441 (13.5s)
[ucr] 058_UCR_Anomaly_DISTORTEDapneaecg_ tirex_quantile           default  vus=0.0034 affil=0.66622 (13.5s)
[ucr] 059_UCR_Anomaly_DISTORTEDgait1_200 tirex_resid              default  vus=0.00689 affil=0.72497 (19.8s)
[ucr] 059_UCR_Anomaly_DISTORTEDgait1_200 tirex_quantile           default  vus=0.00848 affil=0.6998 (19.8s)
[ucr] 060_UCR_Anomaly_DISTORTEDgait2_220 tirex_resid              default  vus=0.0108 affil=0.66664 (18.9s)
[ucr] 060_UCR_Anomaly_DISTORTEDgait2_220 tirex_quantile           default  vus=0.00964 affil=0.66345 (18.9s)
[ucr] 061_UCR_Anomaly_DISTORTEDgait3_245 tirex_resid              default  vus=0.0452 affil=0.81763 (18.7s)
[ucr] 061_UCR_Anomaly_DISTORTEDgait3_245 tirex_quantile           default  vus=0.02105 affil=0.69077 (18.7s)
[ucr] 062_UCR_Anomaly_DISTORTEDgaitHunt1 tirex_resid              default  vus=0.00302 affil=0.65887 (18.9s)
[ucr] 062_UCR_Anomaly_DISTORTEDgaitHunt1 tirex_quantile           default  vus=0.00339 affil=0.68985 (18.9s)
[ucr] 063_UCR_Anomaly_DISTORTEDgaitHunt2 tirex_resid              default  vus=0.01544 affil=0.66364 (19.2s)
[ucr] 063_UCR_Anomaly_DISTORTEDgaitHunt2 tirex_quantile           default  vus=0.01479 affil=0.68028 (19.2s)
[ucr] 064_UCR_Anomaly_DISTORTEDgaitHunt3 tirex_resid              default  vus=0.02383 affil=0.80137 (18.6s)
[ucr] 064_UCR_Anomaly_DISTORTEDgaitHunt3 tirex_quantile           default  vus=0.02241 affil=0.7142 (18.6s)
[ucr] 065_UCR_Anomaly_DISTORTEDinsectEPG tirex_resid              default  vus=0.00919 affil=0.71293 (6.9s)
[ucr] 065_UCR_Anomaly_DISTORTEDinsectEPG tirex_quantile           default  vus=0.00873 affil=0.67434 (6.9s)
[ucr] 066_UCR_Anomaly_DISTORTEDinsectEPG tirex_resid              default  vus=0.02266 affil=0.6777 (6.1s)
[ucr] 066_UCR_Anomaly_DISTORTEDinsectEPG tirex_quantile           default  vus=0.02966 affil=0.66713 (6.1s)
[ucr] 067_UCR_Anomaly_DISTORTEDinsectEPG tirex_resid              default  vus=0.01698 affil=0.70299 (6.5s)
[ucr] 067_UCR_Anomaly_DISTORTEDinsectEPG tirex_quantile           default  vus=0.02379 affil=0.78201 (6.5s)
[ucr] 068_UCR_Anomaly_DISTORTEDinsectEPG tirex_resid              default  vus=0.01291 affil=0.73732 (6.5s)
[ucr] 068_UCR_Anomaly_DISTORTEDinsectEPG tirex_quantile           default  vus=0.00926 affil=0.69883 (6.5s)
[ucr] 069_UCR_Anomaly_DISTORTEDinsectEPG tirex_resid              default  vus=0.00137 affil=0.80711 (6.2s)
[ucr] 069_UCR_Anomaly_DISTORTEDinsectEPG tirex_quantile           default  vus=0.00076 affil=0.8952 (6.2s)
[ucr] 070_UCR_Anomaly_DISTORTEDltstdbs30 tirex_resid              default  vus=0.01637 affil=0.81015 (21.5s)
[ucr] 070_UCR_Anomaly_DISTORTEDltstdbs30 tirex_quantile           default  vus=0.00839 affil=0.67543 (21.5s)
[ucr] 071_UCR_Anomaly_DISTORTEDltstdbs30 tirex_resid              default  vus=0.04179 affil=0.88762 (12.5s)
[ucr] 071_UCR_Anomaly_DISTORTEDltstdbs30 tirex_quantile           default  vus=0.01019 affil=0.67467 (12.5s)
[ucr] 072_UCR_Anomaly_DISTORTEDltstdbs30 tirex_resid              default  vus=0.01108 affil=0.68987 (19.3s)
[ucr] 072_UCR_Anomaly_DISTORTEDltstdbs30 tirex_quantile           default  vus=0.00832 affil=0.73515 (19.3s)
[ucr] 073_UCR_Anomaly_DISTORTEDpark3m_60 tirex_resid              default  vus=0.01665 affil=0.68392 (13.1s)
[ucr] 073_UCR_Anomaly_DISTORTEDpark3m_60 tirex_quantile           default  vus=0.01418 affil=0.69689 (13.1s)
[ucr] 074_UCR_Anomaly_DISTORTEDqtdbSel10 tirex_resid              default  vus=0.01554 affil=0.66232 (12.1s)
[ucr] 074_UCR_Anomaly_DISTORTEDqtdbSel10 tirex_quantile           default  vus=0.01755 affil=0.67793 (12.1s)
[ucr] 075_UCR_Anomaly_DISTORTEDqtdbSel10 tirex_resid              default  vus=0.0167 affil=0.67286 (12.2s)
[ucr] 075_UCR_Anomaly_DISTORTEDqtdbSel10 tirex_quantile           default  vus=0.01967 affil=0.67946 (12.2s)
[ucr] 076_UCR_Anomaly_DISTORTEDresperati tirex_resid              default  vus=0.01362 affil=0.73879 (56.1s)
[ucr] 076_UCR_Anomaly_DISTORTEDresperati tirex_quantile           default  vus=0.00979 affil=0.69678 (56.1s)
[ucr] 077_UCR_Anomaly_DISTORTEDresperati tirex_resid              default  vus=0.0046 affil=0.80291 (57.7s)
[ucr] 077_UCR_Anomaly_DISTORTEDresperati tirex_quantile           default  vus=0.00057 affil=0.80751 (57.7s)
[ucr] 078_UCR_Anomaly_DISTORTEDresperati tirex_resid              default  vus=0.00165 affil=0.75863 (43.5s)
[ucr] 078_UCR_Anomaly_DISTORTEDresperati tirex_quantile           default  vus=0.0022 affil=0.70052 (43.5s)
[ucr] 079_UCR_Anomaly_DISTORTEDresperati tirex_resid              default  vus=1e-05 affil=0.639 (71.3s)
[ucr] 079_UCR_Anomaly_DISTORTEDresperati tirex_quantile           default  vus=2e-05 affil=0.65213 (71.3s)
[ucr] 080_UCR_Anomaly_DISTORTEDresperati tirex_resid              default  vus=2e-05 affil=0.64028 (61.0s)
[ucr] 080_UCR_Anomaly_DISTORTEDresperati tirex_quantile           default  vus=3e-05 affil=0.6569 (61.0s)
[ucr] 081_UCR_Anomaly_DISTORTEDresperati tirex_resid              default  vus=2e-05 affil=0.65611 (57.1s)
[ucr] 081_UCR_Anomaly_DISTORTEDresperati tirex_quantile           default  vus=3e-05 affil=0.66374 (57.1s)
[ucr] 082_UCR_Anomaly_DISTORTEDresperati tirex_resid              default  vus=3e-05 affil=0.86786 (50.5s)
[ucr] 082_UCR_Anomaly_DISTORTEDresperati tirex_quantile           default  vus=3e-05 affil=0.86328 (50.5s)
[ucr] 083_UCR_Anomaly_DISTORTEDresperati tirex_resid              default  vus=0.00158 affil=0.6501 (63.0s)
[ucr] 083_UCR_Anomaly_DISTORTEDresperati tirex_quantile           default  vus=0.00127 affil=0.67717 (63.0s)
[ucr] 084_UCR_Anomaly_DISTORTEDs20101mML tirex_resid              default  vus=0.02442 affil=0.68076 (13.8s)
[ucr] 084_UCR_Anomaly_DISTORTEDs20101mML tirex_quantile           default  vus=0.04681 affil=0.66659 (13.8s)
[ucr] 085_UCR_Anomaly_DISTORTEDs20101m_1 tirex_resid              default  vus=0.00919 affil=0.64431 (12.8s)
[ucr] 085_UCR_Anomaly_DISTORTEDs20101m_1 tirex_quantile           default  vus=0.00821 affil=0.6376 (12.8s)
[ucr] 086_UCR_Anomaly_DISTORTEDsddb49_20 tirex_resid              default  vus=0.03685 affil=0.95809 (24.2s)
[ucr] 086_UCR_Anomaly_DISTORTEDsddb49_20 tirex_quantile           default  vus=0.01316 affil=0.65068 (24.2s)
[ucr] 087_UCR_Anomaly_DISTORTEDsel840mEC tirex_resid              default  vus=0.01659 affil=0.81259 (18.0s)
[ucr] 087_UCR_Anomaly_DISTORTEDsel840mEC tirex_quantile           default  vus=0.0121 affil=0.73142 (18.0s)
[ucr] 088_UCR_Anomaly_DISTORTEDsel840mEC tirex_resid              default  vus=0.01557 affil=0.67073 (21.1s)
[ucr] 088_UCR_Anomaly_DISTORTEDsel840mEC tirex_quantile           default  vus=0.01217 affil=0.6667 (21.1s)
[ucr] 089_UCR_Anomaly_DISTORTEDtiltAPB1_ tirex_resid              default  vus=0.04387 affil=0.66721 (12.5s)
[ucr] 089_UCR_Anomaly_DISTORTEDtiltAPB1_ tirex_quantile           default  vus=0.02957 affil=0.66677 (12.5s)
[ucr] 090_UCR_Anomaly_DISTORTEDtiltAPB2_ tirex_resid              default  vus=0.01187 affil=0.61676 (29.1s)
[ucr] 090_UCR_Anomaly_DISTORTEDtiltAPB2_ tirex_quantile           default  vus=0.01126 affil=0.66207 (29.1s)
[ucr] 091_UCR_Anomaly_DISTORTEDtiltAPB3_ tirex_resid              default  vus=0.00399 affil=0.60974 (38.5s)
[ucr] 091_UCR_Anomaly_DISTORTEDtiltAPB3_ tirex_quantile           default  vus=0.00496 affil=0.64996 (38.5s)
[ucr] 092_UCR_Anomaly_DISTORTEDtiltAPB4_ tirex_resid              default  vus=0.00126 affil=0.8875 (44.1s)
[ucr] 092_UCR_Anomaly_DISTORTEDtiltAPB4_ tirex_quantile           default  vus=0.00082 affil=0.78247 (44.1s)
[ucr] 093_UCR_Anomaly_NOISE1sddb40_35000 tirex_resid              default  vus=0.02111 affil=0.67284 (18.6s)
[ucr] 093_UCR_Anomaly_NOISE1sddb40_35000 tirex_quantile           default  vus=0.01837 affil=0.67828 (18.6s)
[ucr] 094_UCR_Anomaly_NOISEBIDMC1_2500_5 tirex_resid              default  vus=0.2482 affil=0.98954 (6.0s)
[ucr] 094_UCR_Anomaly_NOISEBIDMC1_2500_5 tirex_quantile           default  vus=0.15673 affil=0.92969 (6.0s)
[ucr] 095_UCR_Anomaly_NOISECIMIS44AirTem tirex_resid              default  vus=0.12142 affil=0.99871 (5.9s)
[ucr] 095_UCR_Anomaly_NOISECIMIS44AirTem tirex_quantile           default  vus=0.04892 affil=0.68544 (5.9s)
[ucr] 096_UCR_Anomaly_NOISEECG4_5000_169 tirex_resid              default  vus=0.01801 affil=0.68805 (12.4s)
[ucr] 096_UCR_Anomaly_NOISEECG4_5000_169 tirex_quantile           default  vus=0.01406 affil=0.73251 (12.4s)
[ucr] 097_UCR_Anomaly_NOISEGP711MarkerLF tirex_resid              default  vus=0.07965 affil=0.97458 (6.3s)
[ucr] 097_UCR_Anomaly_NOISEGP711MarkerLF tirex_quantile           default  vus=0.01443 affil=0.80861 (6.3s)
[ucr] 098_UCR_Anomaly_NOISEInternalBleed tirex_resid              default  vus=0.00581 affil=0.65288 (7.5s)
[ucr] 098_UCR_Anomaly_NOISEInternalBleed tirex_quantile           default  vus=0.00376 affil=0.66689 (7.5s)
[ucr] 099_UCR_Anomaly_NOISEInternalBleed tirex_resid              default  vus=0.20072 affil=0.99274 (7.3s)
[ucr] 099_UCR_Anomaly_NOISEInternalBleed tirex_quantile           default  vus=0.13433 affil=0.99302 (7.3s)
[ucr] 100_UCR_Anomaly_NOISELab2Cmac01121 tirex_resid              default  vus=0.03054 affil=0.78392 (12.5s)
[ucr] 100_UCR_Anomaly_NOISELab2Cmac01121 tirex_quantile           default  vus=0.02797 affil=0.66644 (12.5s)
[ucr] 101_UCR_Anomaly_NOISELab2Cmac01121 tirex_resid              default  vus=0.00857 affil=0.6654 (12.5s)
[ucr] 101_UCR_Anomaly_NOISELab2Cmac01121 tirex_quantile           default  vus=0.00837 affil=0.66488 (12.5s)
[ucr] 102_UCR_Anomaly_NOISEMesoplodonDen tirex_resid              default  vus=0.02585 affil=0.91345 (5.9s)
[ucr] 102_UCR_Anomaly_NOISEMesoplodonDen tirex_quantile           default  vus=0.01658 affil=0.71896 (5.9s)
[ucr] 103_UCR_Anomaly_NOISETkeepThirdMAR tirex_resid              default  vus=0.14382 affil=0.96529 (6.1s)
[ucr] 103_UCR_Anomaly_NOISETkeepThirdMAR tirex_quantile           default  vus=0.05995 affil=0.9798 (6.1s)
[ucr] 104_UCR_Anomaly_NOISEapneaecg4_600 tirex_resid              default  vus=0.00389 affil=0.67151 (11.7s)
[ucr] 104_UCR_Anomaly_NOISEapneaecg4_600 tirex_quantile           default  vus=0.00457 affil=0.6726 (11.7s)
[ucr] 105_UCR_Anomaly_NOISEgait3_24500_5 tirex_resid              default  vus=0.02476 affil=0.72546 (19.0s)
[ucr] 105_UCR_Anomaly_NOISEgait3_24500_5 tirex_quantile           default  vus=0.0158 affil=0.66526 (19.0s)
[ucr] 106_UCR_Anomaly_NOISEgaitHunt2_185 tirex_resid              default  vus=0.01337 affil=0.64774 (20.6s)
[ucr] 106_UCR_Anomaly_NOISEgaitHunt2_185 tirex_quantile           default  vus=0.01556 affil=0.82184 (20.6s)
[ucr] 107_UCR_Anomaly_NOISEinsectEPG3_52 tirex_resid              default  vus=0.01596 affil=0.67412 (6.0s)
[ucr] 107_UCR_Anomaly_NOISEinsectEPG3_52 tirex_quantile           default  vus=0.01915 affil=0.73795 (6.0s)
[ucr] 108_UCR_Anomaly_NOISEresperation2_ tirex_resid              default  vus=1e-05 affil=0.64656 (67.9s)
[ucr] 108_UCR_Anomaly_NOISEresperation2_ tirex_quantile           default  vus=2e-05 affil=0.745 (67.9s)
[ucr] 109_UCR_Anomaly_1sddb40_35000_5200 tirex_resid              default  vus=0.01523 affil=0.66996 (17.8s)
[ucr] 109_UCR_Anomaly_1sddb40_35000_5200 tirex_quantile           default  vus=0.01626 affil=0.70199 (17.8s)
[ucr] 110_UCR_Anomaly_2sddb40_35000_5660 tirex_resid              default  vus=0.00637 affil=0.66892 (18.7s)
[ucr] 110_UCR_Anomaly_2sddb40_35000_5660 tirex_quantile           default  vus=0.00936 affil=0.67676 (18.7s)
[ucr] 111_UCR_Anomaly_3sddb40_35000_4660 tirex_resid              default  vus=0.01392 affil=0.67369 (19.5s)
[ucr] 111_UCR_Anomaly_3sddb40_35000_4660 tirex_quantile           default  vus=0.0089 affil=0.67585 (19.5s)
[ucr] 112_UCR_Anomaly_BIDMC1_2500_5400_5 tirex_resid              default  vus=0.25199 affil=0.98931 (6.1s)
[ucr] 112_UCR_Anomaly_BIDMC1_2500_5400_5 tirex_quantile           default  vus=0.13035 affil=0.97512 (6.1s)
[ucr] 113_UCR_Anomaly_CIMIS44AirTemperat tirex_resid              default  vus=0.00151 affil=0.79246 (6.0s)
[ucr] 113_UCR_Anomaly_CIMIS44AirTemperat tirex_quantile           default  vus=0.00109 affil=0.65925 (6.0s)
[ucr] 114_UCR_Anomaly_CIMIS44AirTemperat tirex_resid              default  vus=0.06583 affil=0.80038 (6.1s)
[ucr] 114_UCR_Anomaly_CIMIS44AirTemperat tirex_quantile           default  vus=0.03845 affil=0.66715 (6.1s)
[ucr] 115_UCR_Anomaly_CIMIS44AirTemperat tirex_resid              default  vus=0.09011 affil=0.86822 (6.1s)
[ucr] 115_UCR_Anomaly_CIMIS44AirTemperat tirex_quantile           default  vus=0.11725 affil=0.99883 (6.1s)
[ucr] 116_UCR_Anomaly_CIMIS44AirTemperat tirex_resid              default  vus=0.09363 affil=0.95781 (6.1s)
[ucr] 116_UCR_Anomaly_CIMIS44AirTemperat tirex_quantile           default  vus=0.03248 affil=0.67138 (6.1s)
[ucr] 117_UCR_Anomaly_CIMIS44AirTemperat tirex_resid              default  vus=0.06331 affil=0.83304 (6.4s)
[ucr] 117_UCR_Anomaly_CIMIS44AirTemperat tirex_quantile           default  vus=0.03464 affil=0.70103 (6.4s)
[ucr] 118_UCR_Anomaly_CIMIS44AirTemperat tirex_resid              default  vus=0.06668 affil=0.79739 (5.9s)
[ucr] 118_UCR_Anomaly_CIMIS44AirTemperat tirex_quantile           default  vus=0.06504 affil=0.82234 (5.9s)
[ucr] 119_UCR_Anomaly_ECG1_10000_11800_1 tirex_resid              default  vus=0.09509 affil=0.99821 (13.4s)
[ucr] 119_UCR_Anomaly_ECG1_10000_11800_1 tirex_quantile           default  vus=0.0281 affil=0.69202 (13.4s)
[ucr] 120_UCR_Anomaly_ECG2_15000_16000_1 tirex_resid              default  vus=0.0175 affil=0.69822 (8.6s)
[ucr] 120_UCR_Anomaly_ECG2_15000_16000_1 tirex_quantile           default  vus=0.01025 affil=0.85076 (8.6s)
[ucr] 121_UCR_Anomaly_ECG3_15000_16000_1 tirex_resid              default  vus=0.01306 affil=0.78588 (6.0s)
[ucr] 121_UCR_Anomaly_ECG3_15000_16000_1 tirex_quantile           default  vus=0.00966 affil=0.71908 (6.0s)
[ucr] 122_UCR_Anomaly_ECG3_8000_17000_17 tirex_resid              default  vus=0.01081 affil=0.69099 (12.5s)
[ucr] 122_UCR_Anomaly_ECG3_8000_17000_17 tirex_quantile           default  vus=0.00796 affil=0.67433 (12.5s)
[ucr] 123_UCR_Anomaly_ECG4_5000_16800_17 tirex_resid              default  vus=0.01108 affil=0.96087 (74.8s)
[ucr] 123_UCR_Anomaly_ECG4_5000_16800_17 tirex_quantile           default  vus=0.00701 affil=0.82932 (74.8s)
[ucr] 124_UCR_Anomaly_ECG4_5000_16900_17 tirex_resid              default  vus=0.0158 affil=0.68235 (12.4s)
[ucr] 124_UCR_Anomaly_ECG4_5000_16900_17 tirex_quantile           default  vus=0.01408 affil=0.68597 (12.4s)
[ucr] 125_UCR_Anomaly_ECG4_5000_17000_17 tirex_resid              default  vus=0.00985 affil=0.6835 (12.9s)
[ucr] 125_UCR_Anomaly_ECG4_5000_17000_17 tirex_quantile           default  vus=0.00792 affil=0.68539 (12.9s)
[ucr] 126_UCR_Anomaly_ECG4_8000_17000_17 tirex_resid              default  vus=0.00846 affil=0.68803 (12.4s)
[ucr] 126_UCR_Anomaly_ECG4_8000_17000_17 tirex_quantile           default  vus=0.00908 affil=0.68271 (12.4s)
[ucr] 127_UCR_Anomaly_GP711MarkerLFM5z1_ tirex_resid              default  vus=0.09522 affil=0.9986 (6.4s)
[ucr] 127_UCR_Anomaly_GP711MarkerLFM5z1_ tirex_quantile           default  vus=0.09255 affil=0.939 (6.4s)
[ucr] 128_UCR_Anomaly_GP711MarkerLFM5z2_ tirex_resid              default  vus=0.33064 affil=0.98452 (6.4s)
[ucr] 128_UCR_Anomaly_GP711MarkerLFM5z2_ tirex_quantile           default  vus=0.35949 affil=0.9903 (6.4s)
[ucr] 129_UCR_Anomaly_GP711MarkerLFM5z3_ tirex_resid              default  vus=0.04406 affil=0.74672 (6.6s)
[ucr] 129_UCR_Anomaly_GP711MarkerLFM5z3_ tirex_quantile           default  vus=0.01759 affil=0.91343 (6.6s)
[ucr] 130_UCR_Anomaly_GP711MarkerLFM5z4_ tirex_resid              default  vus=0.16089 affil=0.99615 (6.1s)
[ucr] 130_UCR_Anomaly_GP711MarkerLFM5z4_ tirex_quantile           default  vus=0.03081 affil=0.75535 (6.1s)
[ucr] 131_UCR_Anomaly_GP711MarkerLFM5z5_ tirex_resid              default  vus=0.15453 affil=0.99605 (6.1s)
[ucr] 131_UCR_Anomaly_GP711MarkerLFM5z5_ tirex_quantile           default  vus=0.19212 affil=0.996 (6.1s)
[ucr] 132_UCR_Anomaly_InternalBleeding10 tirex_resid              default  vus=0.03727 affil=0.73512 (6.0s)
[ucr] 132_UCR_Anomaly_InternalBleeding10 tirex_quantile           default  vus=0.02555 affil=0.7377 (6.0s)
[ucr] 133_UCR_Anomaly_InternalBleeding14 tirex_resid              default  vus=0.2814 affil=0.99202 (6.4s)
[ucr] 133_UCR_Anomaly_InternalBleeding14 tirex_quantile           default  vus=0.13105 affil=0.99838 (6.4s)
[ucr] 134_UCR_Anomaly_InternalBleeding15 tirex_resid              default  vus=0.12099 affil=0.90235 (6.9s)
[ucr] 134_UCR_Anomaly_InternalBleeding15 tirex_quantile           default  vus=0.06847 affil=0.92671 (6.9s)
[ucr] 135_UCR_Anomaly_InternalBleeding16 tirex_resid              default  vus=0.01557 affil=0.6646 (6.4s)
[ucr] 135_UCR_Anomaly_InternalBleeding16 tirex_quantile           default  vus=0.00525 affil=0.6958 (6.4s)
[ucr] 136_UCR_Anomaly_InternalBleeding17 tirex_resid              default  vus=0.23938 affil=0.99409 (6.4s)
[ucr] 136_UCR_Anomaly_InternalBleeding17 tirex_quantile           default  vus=0.03125 affil=0.76665 (6.4s)
[ucr] 137_UCR_Anomaly_InternalBleeding18 tirex_resid              default  vus=0.03463 affil=0.8026 (6.0s)
[ucr] 137_UCR_Anomaly_InternalBleeding18 tirex_quantile           default  vus=0.02806 affil=0.84901 (6.0s)
[ucr] 138_UCR_Anomaly_InternalBleeding19 tirex_resid              default  vus=0.19875 affil=0.9996 (5.9s)
[ucr] 138_UCR_Anomaly_InternalBleeding19 tirex_quantile           default  vus=0.12116 affil=0.81208 (5.9s)
[ucr] 139_UCR_Anomaly_InternalBleeding20 tirex_resid              default  vus=0.20018 affil=0.96754 (6.3s)
[ucr] 139_UCR_Anomaly_InternalBleeding20 tirex_quantile           default  vus=0.07197 affil=0.99183 (6.3s)
[ucr] 140_UCR_Anomaly_InternalBleeding4_ tirex_resid              default  vus=0.44956 affil=0.99348 (5.8s)
[ucr] 140_UCR_Anomaly_InternalBleeding4_ tirex_quantile           default  vus=0.32396 affil=0.98725 (5.8s)
[ucr] 141_UCR_Anomaly_InternalBleeding5_ tirex_resid              default  vus=0.27199 affil=0.94936 (7.2s)
[ucr] 141_UCR_Anomaly_InternalBleeding5_ tirex_quantile           default  vus=0.18148 affil=0.97932 (7.2s)
[ucr] 142_UCR_Anomaly_InternalBleeding6_ tirex_resid              default  vus=0.16552 affil=0.95687 (8.3s)
[ucr] 142_UCR_Anomaly_InternalBleeding6_ tirex_quantile           default  vus=0.03895 affil=0.76782 (8.3s)
[ucr] 143_UCR_Anomaly_InternalBleeding8_ tirex_resid              default  vus=0.08175 affil=0.97057 (8.3s)
[ucr] 143_UCR_Anomaly_InternalBleeding8_ tirex_quantile           default  vus=0.0871 affil=0.97331 (8.3s)
[ucr] 144_UCR_Anomaly_InternalBleeding9_ tirex_resid              default  vus=0.04485 affil=0.8272 (8.6s)
[ucr] 144_UCR_Anomaly_InternalBleeding9_ tirex_quantile           default  vus=0.03755 affil=0.68692 (8.6s)
[ucr] 145_UCR_Anomaly_Lab2Cmac011215EPG1 tirex_resid              default  vus=0.03105 affil=0.78392 (14.0s)
[ucr] 145_UCR_Anomaly_Lab2Cmac011215EPG1 tirex_quantile           default  vus=0.01422 affil=0.66601 (14.0s)
[ucr] 146_UCR_Anomaly_Lab2Cmac011215EPG2 tirex_resid              default  vus=0.00699 affil=0.68848 (12.8s)
[ucr] 146_UCR_Anomaly_Lab2Cmac011215EPG2 tirex_quantile           default  vus=0.00697 affil=0.87451 (12.8s)
[ucr] 147_UCR_Anomaly_Lab2Cmac011215EPG3 tirex_resid              default  vus=0.00579 affil=0.66637 (12.6s)
[ucr] 147_UCR_Anomaly_Lab2Cmac011215EPG3 tirex_quantile           default  vus=0.00424 affil=0.668 (12.6s)
[ucr] 148_UCR_Anomaly_Lab2Cmac011215EPG4 tirex_resid              default  vus=0.00845 affil=0.66677 (12.4s)
[ucr] 148_UCR_Anomaly_Lab2Cmac011215EPG4 tirex_quantile           default  vus=0.00837 affil=0.66757 (12.4s)
[ucr] 149_UCR_Anomaly_Lab2Cmac011215EPG5 tirex_resid              default  vus=0.01264 affil=0.6736 (12.7s)
[ucr] 149_UCR_Anomaly_Lab2Cmac011215EPG5 tirex_quantile           default  vus=0.00986 affil=0.66125 (12.7s)
[ucr] 150_UCR_Anomaly_Lab2Cmac011215EPG6 tirex_resid              default  vus=0.01076 affil=0.65419 (14.4s)
[ucr] 150_UCR_Anomaly_Lab2Cmac011215EPG6 tirex_quantile           default  vus=0.01652 affil=0.67611 (14.4s)
[ucr] 151_UCR_Anomaly_MesoplodonDensiros tirex_resid              default  vus=0.03082 affil=0.92396 (6.5s)
[ucr] 151_UCR_Anomaly_MesoplodonDensiros tirex_quantile           default  vus=0.01592 affil=0.8362 (6.5s)
[ucr] 152_UCR_Anomaly_PowerDemand1_9000_ tirex_resid              default  vus=0.04777 affil=0.70639 (12.5s)
[ucr] 152_UCR_Anomaly_PowerDemand1_9000_ tirex_quantile           default  vus=0.07958 affil=0.94805 (12.5s)
[ucr] 153_UCR_Anomaly_PowerDemand2_14000 tirex_resid              default  vus=0.02621 affil=0.65104 (6.1s)
[ucr] 153_UCR_Anomaly_PowerDemand2_14000 tirex_quantile           default  vus=0.05683 affil=0.75875 (6.1s)
[ucr] 154_UCR_Anomaly_PowerDemand3_16000 tirex_resid              default  vus=0.02285 affil=0.65001 (6.2s)
[ucr] 154_UCR_Anomaly_PowerDemand3_16000 tirex_quantile           default  vus=0.01848 affil=0.81986 (6.2s)
[ucr] 155_UCR_Anomaly_PowerDemand4_18000 tirex_resid              default  vus=0.07707 affil=0.94063 (6.2s)
[ucr] 155_UCR_Anomaly_PowerDemand4_18000 tirex_quantile           default  vus=0.04279 affil=0.84012 (6.2s)
[ucr] 156_UCR_Anomaly_TkeepFifthMARS_350 tirex_resid              default  vus=0.09601 affil=0.97208 (6.0s)
[ucr] 156_UCR_Anomaly_TkeepFifthMARS_350 tirex_quantile           default  vus=0.10893 affil=0.98187 (6.0s)
[ucr] 157_UCR_Anomaly_TkeepFirstMARS_350 tirex_resid              default  vus=0.0072 affil=0.96719 (6.2s)
[ucr] 157_UCR_Anomaly_TkeepFirstMARS_350 tirex_quantile           default  vus=0.00446 affil=0.75322 (6.2s)
[ucr] 158_UCR_Anomaly_TkeepForthMARS_350 tirex_resid              default  vus=0.05844 affil=0.85202 (6.3s)
[ucr] 158_UCR_Anomaly_TkeepForthMARS_350 tirex_quantile           default  vus=0.07932 affil=0.92078 (6.3s)
[ucr] 159_UCR_Anomaly_TkeepSecondMARS_35 tirex_resid              default  vus=0.03412 affil=0.9806 (6.2s)
[ucr] 159_UCR_Anomaly_TkeepSecondMARS_35 tirex_quantile           default  vus=0.05895 affil=0.98365 (6.2s)
[ucr] 160_UCR_Anomaly_TkeepThirdMARS_350 tirex_resid              default  vus=0.12567 affil=0.99493 (5.9s)
[ucr] 160_UCR_Anomaly_TkeepThirdMARS_350 tirex_quantile           default  vus=0.07097 affil=0.93993 (5.9s)
[ucr] 161_UCR_Anomaly_WalkingAceleration tirex_resid              default  vus=0.05305 affil=0.66106 (7.0s)
[ucr] 161_UCR_Anomaly_WalkingAceleration tirex_quantile           default  vus=0.06134 affil=0.64899 (7.0s)
[ucr] 162_UCR_Anomaly_WalkingAceleration tirex_resid              default  vus=0.15005 affil=0.92344 (6.2s)
[ucr] 162_UCR_Anomaly_WalkingAceleration tirex_quantile           default  vus=0.12314 affil=0.92344 (6.2s)
[ucr] 163_UCR_Anomaly_apneaecg2_10000_20 tirex_resid              default  vus=0.01977 affil=0.68114 (13.8s)
[ucr] 163_UCR_Anomaly_apneaecg2_10000_20 tirex_quantile           default  vus=0.018 affil=0.80889 (13.8s)
[ucr] 164_UCR_Anomaly_apneaecg3_5000_111 tirex_resid              default  vus=0.00606 affil=0.67705 (19.0s)
[ucr] 164_UCR_Anomaly_apneaecg3_5000_111 tirex_quantile           default  vus=0.00477 affil=0.69137 (19.0s)
[ucr] 165_UCR_Anomaly_apneaecg4_6000_160 tirex_resid              default  vus=0.00399 affil=0.67173 (15.7s)
[ucr] 165_UCR_Anomaly_apneaecg4_6000_160 tirex_quantile           default  vus=0.00459 affil=0.66901 (15.7s)
[ucr] 166_UCR_Anomaly_apneaecg_10000_122 tirex_resid              default  vus=0.00352 affil=0.67413 (13.9s)
[ucr] 166_UCR_Anomaly_apneaecg_10000_122 tirex_quantile           default  vus=0.00345 affil=0.66709 (13.9s)
[ucr] 167_UCR_Anomaly_gait1_20000_38500_ tirex_resid              default  vus=0.00803 affil=0.74879 (27.0s)
[ucr] 167_UCR_Anomaly_gait1_20000_38500_ tirex_quantile           default  vus=0.00873 affil=0.69565 (27.0s)
[ucr] 168_UCR_Anomaly_gait2_22000_46500_ tirex_resid              default  vus=0.01143 affil=0.70852 (22.4s)
[ucr] 168_UCR_Anomaly_gait2_22000_46500_ tirex_quantile           default  vus=0.01144 affil=0.66572 (22.4s)
[ucr] 169_UCR_Anomaly_gait3_24500_59900_ tirex_resid              default  vus=0.05446 affil=0.98384 (23.0s)
[ucr] 169_UCR_Anomaly_gait3_24500_59900_ tirex_quantile           default  vus=0.02014 affil=0.69796 (23.0s)
[ucr] 170_UCR_Anomaly_gaitHunt1_18500_33 tirex_resid              default  vus=0.00311 affil=0.65202 (19.4s)
[ucr] 170_UCR_Anomaly_gaitHunt1_18500_33 tirex_quantile           default  vus=0.0035 affil=0.6595 (19.4s)
[ucr] 171_UCR_Anomaly_gaitHunt2_18500_31 tirex_resid              default  vus=0.01248 affil=0.64814 (18.0s)
[ucr] 171_UCR_Anomaly_gaitHunt2_18500_31 tirex_quantile           default  vus=0.01491 affil=0.65633 (18.0s)
[ucr] 172_UCR_Anomaly_gaitHunt3_23400_38 tirex_resid              default  vus=0.02232 affil=0.72888 (18.6s)
[ucr] 172_UCR_Anomaly_gaitHunt3_23400_38 tirex_quantile           default  vus=0.02241 affil=0.77233 (18.6s)
[ucr] 173_UCR_Anomaly_insectEPG1_3000_70 tirex_resid              default  vus=0.0141 affil=0.70089 (6.4s)
[ucr] 173_UCR_Anomaly_insectEPG1_3000_70 tirex_quantile           default  vus=0.01445 affil=0.67901 (6.4s)
[ucr] 174_UCR_Anomaly_insectEPG2_3700_80 tirex_resid              default  vus=0.02751 affil=0.68203 (6.0s)
[ucr] 174_UCR_Anomaly_insectEPG2_3700_80 tirex_quantile           default  vus=0.04393 affil=0.69686 (6.0s)
[ucr] 175_UCR_Anomaly_insectEPG3_5200_70 tirex_resid              default  vus=0.02092 affil=0.67632 (6.2s)
[ucr] 175_UCR_Anomaly_insectEPG3_5200_70 tirex_quantile           default  vus=0.02284 affil=0.75104 (6.2s)
[ucr] 176_UCR_Anomaly_insectEPG4_1300_65 tirex_resid              default  vus=0.01517 affil=0.7207 (6.2s)
[ucr] 176_UCR_Anomaly_insectEPG4_1300_65 tirex_quantile           default  vus=0.00884 affil=0.67049 (6.2s)
[ucr] 177_UCR_Anomaly_insectEPG5_3200_85 tirex_resid              default  vus=0.00043 affil=0.99766 (6.4s)
[ucr] 177_UCR_Anomaly_insectEPG5_3200_85 tirex_quantile           default  vus=0.00058 affil=0.7609 (6.4s)
[ucr] 178_UCR_Anomaly_ltstdbs30791AI_175 tirex_resid              default  vus=0.01727 affil=0.74598 (18.4s)
[ucr] 178_UCR_Anomaly_ltstdbs30791AI_175 tirex_quantile           default  vus=0.00793 affil=0.66516 (18.4s)
[ucr] 179_UCR_Anomaly_ltstdbs30791AS_230 tirex_resid              default  vus=0.03946 affil=0.87439 (12.5s)
[ucr] 179_UCR_Anomaly_ltstdbs30791AS_230 tirex_quantile           default  vus=0.00972 affil=0.67607 (12.5s)
[ucr] 180_UCR_Anomaly_ltstdbs30791ES_200 tirex_resid              default  vus=0.01207 affil=0.67463 (18.6s)
[ucr] 180_UCR_Anomaly_ltstdbs30791ES_200 tirex_quantile           default  vus=0.00815 affil=0.69701 (18.6s)
[ucr] 181_UCR_Anomaly_park3m_60000_72150 tirex_resid              default  vus=0.01492 affil=0.67868 (13.7s)
[ucr] 181_UCR_Anomaly_park3m_60000_72150 tirex_quantile           default  vus=0.01408 affil=0.67441 (13.7s)
[ucr] 182_UCR_Anomaly_qtdbSel1005V_4000_ tirex_resid              default  vus=0.01442 affil=0.66263 (15.5s)
[ucr] 182_UCR_Anomaly_qtdbSel1005V_4000_ tirex_quantile           default  vus=0.01741 affil=0.75964 (15.5s)
[ucr] 183_UCR_Anomaly_qtdbSel100MLII_400 tirex_resid              default  vus=0.01569 affil=0.67521 (14.8s)
[ucr] 183_UCR_Anomaly_qtdbSel100MLII_400 tirex_quantile           default  vus=0.01947 affil=0.67832 (14.8s)
[ucr] 184_UCR_Anomaly_resperation10_4800 tirex_resid              default  vus=0.01924 affil=0.75002 (56.4s)
[ucr] 184_UCR_Anomaly_resperation10_4800 tirex_quantile           default  vus=0.00991 affil=0.66011 (56.4s)
[ucr] 185_UCR_Anomaly_resperation11_5800 tirex_resid              default  vus=0.00466 affil=0.88308 (60.5s)
[ucr] 185_UCR_Anomaly_resperation11_5800 tirex_quantile           default  vus=0.29092 affil=0.73052 (60.5s)
[ucr] 186_UCR_Anomaly_resperation1_10000 tirex_resid              default  vus=0.00326 affil=0.83327 (42.8s)
[ucr] 186_UCR_Anomaly_resperation1_10000 tirex_quantile           default  vus=0.00489 affil=0.82707 (42.8s)
[ucr] 187_UCR_Anomaly_resperation2_30000 tirex_resid              default  vus=1e-05 affil=0.62768 (68.8s)
[ucr] 187_UCR_Anomaly_resperation2_30000 tirex_quantile           default  vus=2e-05 affil=0.64162 (68.8s)
[ucr] 188_UCR_Anomaly_resperation2_30000 tirex_resid              default  vus=2e-05 affil=0.63018 (71.0s)
[ucr] 188_UCR_Anomaly_resperation2_30000 tirex_quantile           default  vus=2e-05 affil=0.6428 (71.0s)
[ucr] 189_UCR_Anomaly_resperation3_45000 tirex_resid              default  vus=2e-05 affil=0.63596 (92.9s)
[ucr] 189_UCR_Anomaly_resperation3_45000 tirex_quantile           default  vus=3e-05 affil=0.6548 (92.9s)
[ucr] 190_UCR_Anomaly_resperation4_70000 tirex_resid              default  vus=3e-05 affil=0.91999 (49.7s)
[ucr] 190_UCR_Anomaly_resperation4_70000 tirex_quantile           default  vus=3e-05 affil=0.68163 (49.7s)
[ucr] 191_UCR_Anomaly_resperation9_38000 tirex_resid              default  vus=0.00106 affil=0.74168 (61.1s)
[ucr] 191_UCR_Anomaly_resperation9_38000 tirex_quantile           default  vus=0.00112 affil=0.65052 (61.1s)
[ucr] 192_UCR_Anomaly_s20101mML2_12000_3 tirex_resid              default  vus=0.02501 affil=0.68003 (12.1s)
[ucr] 192_UCR_Anomaly_s20101mML2_12000_3 tirex_quantile           default  vus=0.04598 affil=0.68583 (12.1s)
[ucr] 193_UCR_Anomaly_s20101m_10000_3577 tirex_resid              default  vus=0.00842 affil=0.65328 (12.3s)
[ucr] 193_UCR_Anomaly_s20101m_10000_3577 tirex_quantile           default  vus=0.01662 affil=0.63962 (12.3s)
[ucr] 194_UCR_Anomaly_sddb49_20000_67950 tirex_resid              default  vus=0.03191 affil=0.90053 (24.6s)
[ucr] 194_UCR_Anomaly_sddb49_20000_67950 tirex_quantile           default  vus=0.00875 affil=0.65503 (24.6s)
[ucr] 195_UCR_Anomaly_sel840mECG1_17000_ tirex_resid              default  vus=0.01569 affil=0.85445 (19.1s)
[ucr] 195_UCR_Anomaly_sel840mECG1_17000_ tirex_quantile           default  vus=0.0116 affil=0.74058 (19.1s)
[ucr] 196_UCR_Anomaly_sel840mECG2_20000_ tirex_resid              default  vus=0.0168 affil=0.66179 (18.6s)
[ucr] 196_UCR_Anomaly_sel840mECG2_20000_ tirex_quantile           default  vus=0.01257 affil=0.66714 (18.6s)
[ucr] 197_UCR_Anomaly_tiltAPB1_100000_11 tirex_resid              default  vus=0.04881 affil=0.66375 (14.6s)
[ucr] 197_UCR_Anomaly_tiltAPB1_100000_11 tirex_quantile           default  vus=0.02697 affil=0.6541 (14.6s)
[ucr] 198_UCR_Anomaly_tiltAPB2_50000_124 tirex_resid              default  vus=0.01276 affil=0.63053 (34.2s)
[ucr] 198_UCR_Anomaly_tiltAPB2_50000_124 tirex_quantile           default  vus=0.01104 affil=0.65957 (34.2s)
[ucr] 199_UCR_Anomaly_tiltAPB3_40000_114 tirex_resid              default  vus=0.00448 affil=0.62346 (37.7s)
[ucr] 199_UCR_Anomaly_tiltAPB3_40000_114 tirex_quantile           default  vus=0.00494 affil=0.6511 (37.7s)
[ucr] 200_UCR_Anomaly_tiltAPB4_20000_679 tirex_resid              default  vus=0.00084 affil=0.87085 (43.8s)
[ucr] 200_UCR_Anomaly_tiltAPB4_20000_679 tirex_quantile           default  vus=0.00058 affil=0.74353 (43.8s)
[ucr] 201_UCR_Anomaly_CHARISfive_10000_1 tirex_resid              default  vus=0.0069 affil=0.80539 (12.3s)
[ucr] 201_UCR_Anomaly_CHARISfive_10000_1 tirex_quantile           default  vus=0.00179 affil=0.68428 (12.3s)
[ucr] 202_UCR_Anomaly_CHARISfive_10411_1 tirex_resid              default  vus=0.01348 affil=0.83505 (11.7s)
[ucr] 202_UCR_Anomaly_CHARISfive_10411_1 tirex_quantile           default  vus=0.03256 affil=0.87843 (11.7s)
[ucr] 203_UCR_Anomaly_CHARISfive_10500_1 tirex_resid              default  vus=0.00324 affil=0.76022 (13.3s)
[ucr] 203_UCR_Anomaly_CHARISfive_10500_1 tirex_quantile           default  vus=0.00224 affil=0.70623 (13.3s)
[ucr] 204_UCR_Anomaly_CHARISfive_12412_1 tirex_resid              default  vus=0.11072 affil=0.97186 (13.1s)
[ucr] 204_UCR_Anomaly_CHARISfive_12412_1 tirex_quantile           default  vus=0.06907 affil=0.80432 (13.1s)
[ucr] 205_UCR_Anomaly_CHARISfive_9812_28 tirex_resid              default  vus=0.0035 affil=0.65364 (13.3s)
[ucr] 205_UCR_Anomaly_CHARISfive_9812_28 tirex_quantile           default  vus=0.00457 affil=0.66327 (13.3s)
[ucr] 206_UCR_Anomaly_CHARISten_25130_29 tirex_resid              default  vus=0.04835 affil=0.80524 (18.8s)
[ucr] 206_UCR_Anomaly_CHARISten_25130_29 tirex_quantile           default  vus=0.09296 affil=0.68668 (18.8s)
[ucr] 207_UCR_Anomaly_CHARISten_3165_269 tirex_resid              default  vus=0.04243 affil=0.99837 (20.6s)
[ucr] 207_UCR_Anomaly_CHARISten_3165_269 tirex_quantile           default  vus=0.04216 affil=0.99866 (20.6s)
[ucr] 208_UCR_Anomaly_CHARISten_5130_279 tirex_resid              default  vus=0.00486 affil=0.69443 (20.1s)
[ucr] 208_UCR_Anomaly_CHARISten_5130_279 tirex_quantile           default  vus=0.01734 affil=0.68051 (20.1s)
[ucr] 209_UCR_Anomaly_Fantasia_19000_269 tirex_resid              default  vus=0.00864 affil=0.67495 (33.5s)
[ucr] 209_UCR_Anomaly_Fantasia_19000_269 tirex_quantile           default  vus=0.00578 affil=0.66347 (33.5s)
[ucr] 210_UCR_Anomaly_Italianpowerdemand tirex_resid              default  vus=0.00112 affil=0.6856 (37.1s)
[ucr] 210_UCR_Anomaly_Italianpowerdemand tirex_quantile           default  vus=0.0017 affil=0.83492 (37.1s)
[ucr] 211_UCR_Anomaly_Italianpowerdemand tirex_resid              default  vus=0.00147 affil=0.71608 (30.2s)
[ucr] 211_UCR_Anomaly_Italianpowerdemand tirex_quantile           default  vus=0.0017 affil=0.75897 (30.2s)
[ucr] 212_UCR_Anomaly_Italianpowerdemand tirex_resid              default  vus=0.0051 affil=0.68477 (12.6s)
[ucr] 212_UCR_Anomaly_Italianpowerdemand tirex_quantile           default  vus=0.01566 affil=0.66054 (12.6s)
[ucr] 213_UCR_Anomaly_STAFFIIIDatabase_3 tirex_resid              default  vus=0.00507 affil=0.68055 (116.6s)
[ucr] 213_UCR_Anomaly_STAFFIIIDatabase_3 tirex_quantile           default  vus=0.00229 affil=0.66817 (116.6s)
[ucr] 214_UCR_Anomaly_STAFFIIIDatabase_3 tirex_resid              default  vus=0.0056 affil=0.71879 (103.2s)
[ucr] 214_UCR_Anomaly_STAFFIIIDatabase_3 tirex_quantile           default  vus=0.00347 affil=0.68422 (103.2s)
[ucr] 215_UCR_Anomaly_STAFFIIIDatabase_3 tirex_resid              default  vus=0.00279 affil=0.67172 (107.7s)
[ucr] 215_UCR_Anomaly_STAFFIIIDatabase_3 tirex_quantile           default  vus=0.00307 affil=0.66689 (107.7s)
[ucr] 216_UCR_Anomaly_STAFFIIIDatabase_3 tirex_resid              default  vus=0.00391 affil=0.67273 (118.3s)
[ucr] 216_UCR_Anomaly_STAFFIIIDatabase_3 tirex_quantile           default  vus=0.00359 affil=0.6687 (118.3s)
[ucr] 217_UCR_Anomaly_STAFFIIIDatabase_3 tirex_resid              default  vus=0.00255 affil=0.67498 (101.9s)
[ucr] 217_UCR_Anomaly_STAFFIIIDatabase_3 tirex_quantile           default  vus=0.00265 affil=0.67589 (101.9s)
[ucr] 218_UCR_Anomaly_STAFFIIIDatabase_4 tirex_resid              default  vus=0.00303 affil=0.67497 (98.8s)
[ucr] 218_UCR_Anomaly_STAFFIIIDatabase_4 tirex_quantile           default  vus=0.0031 affil=0.67279 (98.8s)
[ucr] 219_UCR_Anomaly_STAFFIIIDatabase_4 tirex_resid              default  vus=0.00225 affil=0.73737 (106.0s)
[ucr] 219_UCR_Anomaly_STAFFIIIDatabase_4 tirex_quantile           default  vus=0.0016 affil=0.85012 (106.0s)
[ucr] 220_UCR_Anomaly_STAFFIIIDatabase_4 tirex_resid              default  vus=0.00368 affil=0.67593 (102.7s)
[ucr] 220_UCR_Anomaly_STAFFIIIDatabase_4 tirex_quantile           default  vus=0.00277 affil=0.67231 (102.7s)
[ucr] 221_UCR_Anomaly_STAFFIIIDatabase_4 tirex_resid              default  vus=0.00554 affil=0.69484 (102.2s)
[ucr] 221_UCR_Anomaly_STAFFIIIDatabase_4 tirex_quantile           default  vus=0.00526 affil=0.68074 (102.2s)
[ucr] 222_UCR_Anomaly_mit14046longtermec tirex_resid              default  vus=0.00551 affil=0.79535 (71.3s)
[ucr] 222_UCR_Anomaly_mit14046longtermec tirex_quantile           default  vus=0.00393 affil=0.691 (71.3s)
[ucr] 223_UCR_Anomaly_mit14046longtermec tirex_resid              default  vus=0.00425 affil=0.62639 (42.6s)
[ucr] 223_UCR_Anomaly_mit14046longtermec tirex_quantile           default  vus=0.00768 affil=0.6809 (42.6s)
[ucr] 224_UCR_Anomaly_mit14046longtermec tirex_resid              default  vus=0.0043 affil=0.68868 (48.9s)
[ucr] 224_UCR_Anomaly_mit14046longtermec tirex_quantile           default  vus=0.00523 affil=0.70094 (48.9s)
[ucr] 225_UCR_Anomaly_mit14046longtermec tirex_resid              default  vus=0.00432 affil=0.61371 (52.9s)
[ucr] 225_UCR_Anomaly_mit14046longtermec tirex_quantile           default  vus=0.00428 affil=0.72944 (52.9s)
[ucr] 226_UCR_Anomaly_mit14046longtermec tirex_resid              default  vus=0.01674 affil=0.65524 (36.8s)
[ucr] 226_UCR_Anomaly_mit14046longtermec tirex_quantile           default  vus=0.00696 affil=0.74916 (36.8s)
[ucr] 227_UCR_Anomaly_mit14134longtermec tirex_resid              default  vus=0.00322 affil=0.72562 (22.1s)
[ucr] 227_UCR_Anomaly_mit14134longtermec tirex_quantile           default  vus=0.00403 affil=0.77689 (22.1s)
[ucr] 228_UCR_Anomaly_mit14134longtermec tirex_resid              default  vus=0.00183 affil=0.78281 (21.8s)
[ucr] 228_UCR_Anomaly_mit14134longtermec tirex_quantile           default  vus=0.00141 affil=0.69139 (21.8s)
[ucr] 229_UCR_Anomaly_mit14134longtermec tirex_resid              default  vus=0.00182 affil=0.66581 (19.7s)
[ucr] 229_UCR_Anomaly_mit14134longtermec tirex_quantile           default  vus=0.00086 affil=0.70247 (19.7s)
[ucr] 230_UCR_Anomaly_mit14134longtermec tirex_resid              default  vus=0.00518 affil=0.72666 (18.7s)
[ucr] 230_UCR_Anomaly_mit14134longtermec tirex_quantile           default  vus=0.00444 affil=0.65277 (18.7s)
[ucr] 231_UCR_Anomaly_mit14134longtermec tirex_resid              default  vus=0.00866 affil=0.65799 (26.1s)
[ucr] 231_UCR_Anomaly_mit14134longtermec tirex_quantile           default  vus=0.00745 affil=0.66456 (26.1s)
[ucr] 232_UCR_Anomaly_mit14134longtermec tirex_resid              default  vus=0.00703 affil=0.66638 (29.3s)
[ucr] 232_UCR_Anomaly_mit14134longtermec tirex_quantile           default  vus=0.00754 affil=0.66319 (29.3s)
[ucr] 233_UCR_Anomaly_mit14157longtermec tirex_resid              default  vus=0.00137 affil=0.75166 (33.2s)
[ucr] 233_UCR_Anomaly_mit14157longtermec tirex_quantile           default  vus=0.00429 affil=0.8245 (33.2s)
[ucr] 234_UCR_Anomaly_mit14157longtermec tirex_resid              default  vus=0.00286 affil=0.67124 (30.1s)
[ucr] 234_UCR_Anomaly_mit14157longtermec tirex_quantile           default  vus=0.00129 affil=0.6849 (30.1s)
[ucr] 235_UCR_Anomaly_mit14157longtermec tirex_resid              default  vus=0.00954 affil=0.75384 (29.3s)
[ucr] 235_UCR_Anomaly_mit14157longtermec tirex_quantile           default  vus=0.0044 affil=0.67519 (29.3s)
[ucr] 236_UCR_Anomaly_mit14157longtermec tirex_resid              default  vus=0.0015 affil=0.77169 (30.2s)
[ucr] 236_UCR_Anomaly_mit14157longtermec tirex_quantile           default  vus=0.00252 affil=0.75792 (30.2s)
[ucr] 237_UCR_Anomaly_mit14157longtermec tirex_resid              default  vus=0.0227 affil=0.64207 (36.0s)
[ucr] 237_UCR_Anomaly_mit14157longtermec tirex_quantile           default  vus=0.0138 affil=0.70221 (36.0s)
[ucr] 238_UCR_Anomaly_mit14157longtermec tirex_resid              default  vus=0.0061 affil=0.82605 (37.7s)
[ucr] 238_UCR_Anomaly_mit14157longtermec tirex_quantile           default  vus=0.00578 affil=0.71865 (37.7s)
[ucr] 239_UCR_Anomaly_taichidbS0715Maste tirex_resid              default  vus=0.00524 affil=0.69486 (284.8s)
[ucr] 239_UCR_Anomaly_taichidbS0715Maste tirex_quantile           default  vus=0.00043 affil=0.67625 (284.8s)
[ucr] 240_UCR_Anomaly_taichidbS0715Maste tirex_resid              default  vus=0.00066 affil=0.67282 (272.6s)
[ucr] 240_UCR_Anomaly_taichidbS0715Maste tirex_quantile           default  vus=0.00035 affil=0.66964 (272.6s)
[ucr] 241_UCR_Anomaly_taichidbS0715Maste tirex_resid              default  vus=0.00318 affil=0.68105 (261.5s)
[ucr] 241_UCR_Anomaly_taichidbS0715Maste tirex_quantile           default  vus=0.00269 affil=0.67054 (261.5s)
[ucr] 242_UCR_Anomaly_tilt12744mtable_10 tirex_resid              default  vus=0.00196 affil=0.69078 (91.4s)
[ucr] 242_UCR_Anomaly_tilt12744mtable_10 tirex_quantile           default  vus=0.00242 affil=0.66916 (91.4s)
[ucr] 243_UCR_Anomaly_tilt12744mtable_10 tirex_resid              default  vus=0.00071 affil=0.7811 (75.2s)
[ucr] 243_UCR_Anomaly_tilt12744mtable_10 tirex_quantile           default  vus=0.00043 affil=0.79211 (75.2s)
[ucr] 244_UCR_Anomaly_tilt12754table_100 tirex_resid              default  vus=0.00217 affil=0.70761 (79.3s)
[ucr] 244_UCR_Anomaly_tilt12754table_100 tirex_quantile           default  vus=0.00169 affil=0.71359 (79.3s)
[ucr] 245_UCR_Anomaly_tilt12754table_100 tirex_resid              default  vus=0.01242 affil=0.64936 (80.4s)
[ucr] 245_UCR_Anomaly_tilt12754table_100 tirex_quantile           default  vus=0.00315 affil=0.67693 (80.4s)
[ucr] 246_UCR_Anomaly_tilt12755mtable_10 tirex_resid              default  vus=0.00674 affil=0.63379 (94.3s)
[ucr] 246_UCR_Anomaly_tilt12755mtable_10 tirex_quantile           default  vus=0.00327 affil=0.65505 (94.3s)
[ucr] 247_UCR_Anomaly_tilt12755mtable_50 tirex_resid              default  vus=0.00207 affil=0.80339 (67.9s)
[ucr] 247_UCR_Anomaly_tilt12755mtable_50 tirex_quantile           default  vus=0.00239 affil=0.77471 (67.9s)
[ucr] 248_UCR_Anomaly_weallwalk_2000_470 tirex_resid              default  vus=0.00621 affil=0.67892 (6.1s)
[ucr] 248_UCR_Anomaly_weallwalk_2000_470 tirex_quantile           default  vus=0.00187 affil=0.79183 (6.1s)
[ucr] 249_UCR_Anomaly_weallwalk_2753_828 tirex_resid              default  vus=0.00728 affil=0.79367 (6.1s)
[ucr] 249_UCR_Anomaly_weallwalk_2753_828 tirex_quantile           default  vus=0.00562 affil=0.72748 (6.1s)
[ucr] 250_UCR_Anomaly_weallwalk_2951_729 tirex_resid              default  vus=0.00575 affil=0.68476 (6.3s)
[ucr] 250_UCR_Anomaly_weallwalk_2951_729 tirex_quantile           default  vus=0.00345 affil=0.70188 (6.3s)
DONE
