detectors=['iforest', 'lof', 'knn', 'ae', 'chronos_small_resid', 'chronos_small_quantile', 'chronos_base_resid', 'chronos_base_quantile', 'timesfm_resid', 'timesfm_quantile', 'tirex_resid', 'tirex_quantile']
tiers=['default', 'tuned']
datasets=['nasa', 'psm', 'smd', 'ucr']
out=F:\CS\Paper\that\results\full_results.csv
[nasa] P-11                               lof                      tuned    vus=0.08057 affil=0.77209 (2.02s)
[nasa] P-11                               knn                      default  vus=0.09482 affil=0.65534 (0.51s)
[nasa] P-11                               knn                      tuned    vus=0.09932 affil=0.66104 (1.29s)
[nasa] P-11                               ae                       default  vus=0.09267 affil=0.69576 (6.59s)
[nasa] P-11                               ae                       tuned    vus=0.10279 affil=0.67965 (3.71s)
[nasa] D-15                               chronos_small_resid      default  vus=0.39426 affil=0.78666 (23.8s)
[nasa] D-15                               chronos_small_quantile   default  vus=0.34378 affil=0.77185 (23.8s)
[nasa] D-15                               chronos_base_resid       default  vus=0.39045 affil=0.77581 (3.3s)
[nasa] D-15                               chronos_base_quantile    default  vus=0.36206 affil=0.76733 (3.3s)
[nasa] D-15                               timesfm_resid            default  vus=0.37222 affil=0.78913 (13.5s)
[nasa] D-15                               timesfm_quantile         default  vus=0.35876 affil=0.77781 (13.5s)
[nasa] D-15                               tirex_resid              default  vus=0.39094 affil=0.76179 (12.8s)
[nasa] D-15                               tirex_quantile           default  vus=0.34869 affil=0.77185 (12.8s)
[nasa] D-15                               iforest                  default  vus=0.58385 affil=0.87295 (1.29s)
[nasa] D-15                               lof                      default  vus=0.54347 affil=0.83752 (0.49s)
[nasa] D-15                               knn                      default  vus=0.55454 affil=0.84384 (0.27s)
[nasa] D-15                               ae                       default  vus=0.50269 affil=0.89527 (1.28s)
[nasa] D-16                               chronos_small_resid      default  vus=0.27739 affil=0.67179 (0.5s)
[nasa] D-16                               chronos_small_quantile   default  vus=0.38844 affil=0.92501 (0.5s)
[nasa] D-16                               chronos_base_resid       default  vus=0.30342 affil=0.67851 (0.7s)
[nasa] D-16                               chronos_base_quantile    default  vus=0.38362 affil=0.92501 (0.7s)
[nasa] D-16                               timesfm_resid            default  vus=0.30039 affil=0.67528 (8.5s)
[nasa] D-16                               timesfm_quantile         default  vus=0.39418 affil=0.94759 (8.5s)
[nasa] D-16                               tirex_resid              default  vus=0.386 affil=0.74757 (9.1s)
[nasa] D-16                               tirex_quantile           default  vus=0.33538 affil=0.76635 (9.1s)
[nasa] D-16                               iforest                  default  vus=0.36896 affil=0.92344 (1.05s)
[nasa] D-16                               lof                      default  vus=0.26367 affil=0.74696 (0.35s)
[nasa] D-16                               knn                      default  vus=0.23673 affil=0.6208 (0.17s)
[nasa] D-16                               ae                       default  vus=0.42453 affil=0.74899 (0.96s)
[nasa] M-7                                chronos_small_resid      default  vus=0.20512 affil=0.90774 (0.5s)
[nasa] M-7                                chronos_small_quantile   default  vus=0.07052 affil=0.98402 (0.5s)
[nasa] M-7                                chronos_base_resid       default  vus=0.24832 affil=0.90774 (0.7s)
[nasa] M-7                                chronos_base_quantile    default  vus=0.07029 affil=0.98402 (0.7s)
[nasa] M-7                                timesfm_resid            default  vus=0.28809 affil=0.99307 (7.8s)
[nasa] M-7                                timesfm_quantile         default  vus=0.16069 affil=0.98402 (7.8s)
[nasa] M-7                                tirex_resid              default  vus=0.46447 affil=0.99186 (10.1s)
[nasa] M-7                                tirex_quantile           default  vus=0.09382 affil=0.98363 (10.1s)
[nasa] M-7                                iforest                  default  vus=0.95906 affil=0.99885 (1.13s)
[nasa] M-7                                lof                      default  vus=0.95547 affil=0.99877 (0.39s)
[nasa] M-7                                knn                      default  vus=0.95544 affil=0.99877 (0.21s)
[nasa] M-7                                ae                       default  vus=0.04837 affil=0.52337 (1.1s)
[nasa] F-8                                chronos_small_resid      default  vus=0.28632 affil=0.80753 (0.4s)
[nasa] F-8                                chronos_small_quantile   default  vus=0.25344 affil=0.73015 (0.4s)
[nasa] F-8                                chronos_base_resid       default  vus=0.23618 affil=0.68162 (0.8s)
[nasa] F-8                                chronos_base_quantile    default  vus=0.25196 affil=0.73974 (0.8s)
[nasa] F-8                                timesfm_resid            default  vus=0.23781 affil=0.68464 (8.7s)
[nasa] F-8                                timesfm_quantile         default  vus=0.24022 affil=0.78229 (8.7s)
[nasa] F-8                                tirex_resid              default  vus=0.29429 affil=0.78808 (9.2s)
[nasa] F-8                                tirex_quantile           default  vus=0.24654 affil=0.89844 (9.2s)
[nasa] F-8                                iforest                  default  vus=0.3691 affil=0.88313 (1.24s)
[nasa] F-8                                iforest                  tuned    vus=0.34158 affil=0.94805 (0.95s)
[nasa] F-8                                lof                      default  vus=0.19528 affil=0.67019 (0.73s)
[nasa] F-8                                lof                      tuned    vus=0.19768 affil=0.68132 (1.46s)
[nasa] F-8                                knn                      default  vus=0.19577 affil=0.66868 (0.4s)
[nasa] F-8                                knn                      tuned    vus=0.19527 affil=0.67258 (0.82s)
[nasa] F-8                                ae                       default  vus=0.63715 affil=0.9711 (1.51s)
[nasa] F-8                                ae                       tuned    vus=0.73872 affil=0.97597 (1.89s)
[psm] psm                                chronos_small_resid      default  vus=0.39356 affil=0.72145 (4.0s)
[psm] psm                                chronos_small_quantile   default  vus=0.35281 affil=0.70437 (4.0s)
[psm] psm                                chronos_base_resid       default  vus=0.38425 affil=0.73307 (7.6s)
[psm] psm                                chronos_base_quantile    default  vus=0.35478 affil=0.70206 (7.6s)
[psm] psm                                timesfm_resid            default  vus=0.40024 affil=0.74743 (148.4s)
[psm] psm                                timesfm_quantile         default  vus=0.38597 affil=0.79504 (148.4s)
[psm] psm                                tirex_resid              default  vus=0.40577 affil=0.7457 (156.7s)
[psm] psm                                tirex_quantile           default  vus=0.3946 affil=0.78956 (156.7s)
[psm] psm                                iforest                  default  vus=0.55219 affil=0.67706 (4.93s)
[psm] psm                                iforest                  tuned    vus=0.5806 affil=0.66224 (8.22s)
[psm] psm                                lof                      default  vus=0.51752 affil=0.75251 (24.6s)
[psm] psm                                lof                      tuned    vus=0.51752 affil=0.75251 (26.47s)
[psm] psm                                knn                      default  vus=0.55927 affil=0.72942 (17.36s)
[psm] psm                                knn                      tuned    vus=0.55927 affil=0.72942 (20.78s)
[psm] psm                                ae                       default  vus=0.68148 affil=0.79576 (17.89s)
[psm] psm                                ae                       tuned    vus=0.64751 affil=0.80043 (22.7s)
[smd] machine-1-8                        timesfm_resid            default  vus=0.11952 affil=0.7287 (92.5s)
[smd] machine-1-8                        timesfm_quantile         default  vus=0.06405 affil=0.71154 (92.5s)
[smd] machine-1-8                        tirex_resid              default  vus=0.11021 affil=0.73399 (112.3s)
[smd] machine-1-8                        tirex_quantile           default  vus=0.06785 affil=0.7175 (112.3s)
[smd] machine-1-8                        iforest                  default  vus=0.08714 affil=0.73633 (4.1s)
[smd] machine-1-8                        iforest                  tuned    vus=0.08813 affil=0.67605 (9.62s)
[smd] machine-1-8                        lof                      default  vus=0.05137 affil=0.65101 (13.68s)
[smd] machine-1-8                        lof                      tuned    vus=0.03425 affil=0.63637 (37.82s)
[smd] machine-1-8                        knn                      default  vus=0.24552 affil=0.62055 (9.39s)
[smd] machine-1-8                        knn                      tuned    vus=0.28588 affil=0.68777 (24.77s)
[smd] machine-1-8                        ae                       default  vus=0.2884 affil=0.84387 (13.11s)
[smd] machine-1-8                        ae                       tuned    vus=0.27704 affil=0.84182 (14.64s)
[smd] machine-2-1                        chronos_small_resid      default  vus=0.08409 affil=0.68185 (3.5s)
[smd] machine-2-1                        chronos_small_quantile   default  vus=0.08722 affil=0.67573 (3.5s)
[smd] machine-2-1                        chronos_base_resid       default  vus=0.08307 affil=0.69854 (5.4s)
[smd] machine-2-1                        chronos_base_quantile    default  vus=0.091 affil=0.67873 (5.4s)
[smd] machine-2-1                        timesfm_resid            default  vus=0.08612 affil=0.69435 (97.5s)
[smd] machine-2-1                        timesfm_quantile         default  vus=0.09552 affil=0.68251 (97.5s)
[smd] machine-2-1                        tirex_resid              default  vus=0.08378 affil=0.69113 (112.1s)
[smd] machine-2-1                        tirex_quantile           default  vus=0.08943 affil=0.67633 (112.1s)
[smd] machine-2-1                        iforest                  default  vus=0.37119 affil=0.75198 (4.7s)
[smd] machine-2-1                        iforest                  tuned    vus=0.35982 affil=0.74355 (4.76s)
[smd] machine-2-1                        lof                      default  vus=0.37523 affil=0.81917 (13.55s)
[smd] machine-2-1                        lof                      tuned    vus=0.08587 affil=0.70171 (35.9s)
[smd] machine-2-1                        knn                      default  vus=0.34365 affil=0.88118 (9.26s)
[smd] machine-2-1                        knn                      tuned    vus=0.28925 affil=0.85527 (24.53s)
[smd] machine-2-1                        ae                       default  vus=0.31697 affil=0.79259 (13.02s)
[smd] machine-2-1                        ae                       tuned    vus=0.45091 affil=0.89208 (24.42s)
[smd] machine-2-2                        chronos_small_resid      default  vus=0.11911 affil=0.69679 (3.2s)
[smd] machine-2-2                        chronos_small_quantile   default  vus=0.17511 affil=0.71536 (3.2s)
[smd] machine-2-2                        chronos_base_resid       default  vus=0.12072 affil=0.69772 (5.1s)
[smd] machine-2-2                        chronos_base_quantile    default  vus=0.17399 affil=0.69971 (5.1s)
[smd] machine-2-2                        timesfm_resid            default  vus=0.11804 affil=0.67844 (92.4s)
[smd] machine-2-2                        timesfm_quantile         default  vus=0.16058 affil=0.71716 (92.4s)
[smd] machine-2-2                        tirex_resid              default  vus=0.12114 affil=0.67551 (106.0s)
[smd] machine-2-2                        tirex_quantile           default  vus=0.15885 affil=0.71327 (106.0s)
[smd] machine-2-2                        iforest                  default  vus=0.35247 affil=0.78622 (3.64s)
[smd] machine-2-2                        iforest                  tuned    vus=0.35247 affil=0.78622 (5.22s)
[smd] machine-2-2                        lof                      default  vus=0.09929 affil=0.4299 (14.17s)
[smd] machine-2-2                        lof                      tuned    vus=0.75126 affil=0.80123 (5.96s)
[smd] machine-2-2                        knn                      default  vus=0.62908 affil=0.92555 (9.2s)
[smd] machine-2-2                        knn                      tuned    vus=0.62908 affil=0.92555 (10.97s)
[smd] machine-2-2                        ae                       default  vus=0.46313 affil=0.77221 (13.02s)
[smd] machine-2-2                        ae                       tuned    vus=0.496 affil=0.88291 (24.77s)
[smd] machine-2-3                        chronos_small_resid      default  vus=0.13859 affil=0.72541 (3.1s)
[smd] machine-2-3                        chronos_small_quantile   default  vus=0.09857 affil=0.6763 (3.1s)
[smd] machine-2-3                        chronos_base_resid       default  vus=0.12777 affil=0.74156 (5.5s)
[smd] machine-2-3                        chronos_base_quantile    default  vus=0.10331 affil=0.67471 (5.5s)
[smd] machine-2-3                        timesfm_resid            default  vus=0.13495 affil=0.70529 (93.3s)
[smd] machine-2-3                        timesfm_quantile         default  vus=0.07916 affil=0.67755 (93.3s)
[smd] machine-2-3                        tirex_resid              default  vus=0.14004 affil=0.7143 (117.1s)
[smd] machine-2-3                        tirex_quantile           default  vus=0.09594 affil=0.6799 (117.1s)
[smd] machine-2-3                        iforest                  default  vus=0.37395 affil=0.66867 (4.54s)
[smd] machine-2-3                        iforest                  tuned    vus=0.36307 affil=0.65542 (4.73s)
[smd] machine-2-3                        lof                      default  vus=0.02124 affil=0.68964 (13.63s)
[smd] machine-2-3                        lof                      tuned    vus=0.0187 affil=0.63057 (35.54s)
[smd] machine-2-3                        knn                      default  vus=0.19771 affil=0.79139 (9.37s)
[smd] machine-2-3                        knn                      tuned    vus=0.25644 affil=0.80621 (25.32s)
[smd] machine-2-3                        ae                       default  vus=0.20396 affil=0.92054 (12.67s)
[smd] machine-2-3                        ae                       tuned    vus=0.43366 affil=0.94992 (23.44s)
[smd] machine-2-4                        chronos_small_resid      default  vus=0.17163 affil=0.66582 (3.3s)
[smd] machine-2-4                        chronos_small_quantile   default  vus=0.131 affil=0.70191 (3.3s)
[smd] machine-2-4                        chronos_base_resid       default  vus=0.19492 affil=0.66951 (5.1s)
[smd] machine-2-4                        chronos_base_quantile    default  vus=0.13724 affil=0.71807 (5.1s)
[smd] machine-2-4                        timesfm_resid            default  vus=0.17872 affil=0.67423 (86.6s)
[smd] machine-2-4                        timesfm_quantile         default  vus=0.14909 affil=0.73255 (86.6s)
[smd] machine-2-4                        tirex_resid              default  vus=0.16884 affil=0.6814 (111.9s)
[smd] machine-2-4                        tirex_quantile           default  vus=0.14428 affil=0.74044 (111.9s)
[smd] machine-2-4                        iforest                  default  vus=0.38421 affil=0.69268 (4.16s)
[smd] machine-2-4                        iforest                  tuned    vus=0.42982 affil=0.58923 (11.62s)
[smd] machine-2-4                        lof                      default  vus=0.4566 affil=0.90374 (14.1s)
[smd] machine-2-4                        lof                      tuned    vus=0.4791 affil=0.90605 (15.79s)
[smd] machine-2-4                        knn                      default  vus=0.55111 affil=0.91106 (9.56s)
[smd] machine-2-4                        knn                      tuned    vus=0.65667 affil=0.92762 (24.75s)
[smd] machine-2-4                        ae                       default  vus=0.46966 affil=0.87084 (12.66s)
[smd] machine-2-4                        ae                       tuned    vus=0.46286 affil=0.86554 (14.32s)
[smd] machine-2-5                        chronos_small_resid      default  vus=0.07133 affil=0.6175 (3.0s)
[smd] machine-2-5                        chronos_small_quantile   default  vus=0.10819 affil=0.69398 (3.0s)
[smd] machine-2-5                        chronos_base_resid       default  vus=0.06839 affil=0.62628 (4.9s)
[smd] machine-2-5                        chronos_base_quantile    default  vus=0.10493 affil=0.69307 (4.9s)
[smd] machine-2-5                        timesfm_resid            default  vus=0.06239 affil=0.62935 (92.7s)
[smd] machine-2-5                        timesfm_quantile         default  vus=0.13093 affil=0.68714 (92.7s)
[smd] machine-2-5                        tirex_resid              default  vus=0.05903 affil=0.63452 (103.8s)
[smd] machine-2-5                        tirex_quantile           default  vus=0.09709 affil=0.69442 (103.8s)
[smd] machine-2-5                        iforest                  default  vus=0.1846 affil=0.68715 (4.41s)
[smd] machine-2-5                        iforest                  tuned    vus=0.18249 affil=0.69462 (5.25s)
[smd] machine-2-5                        lof                      default  vus=0.20141 affil=0.78488 (13.4s)
[smd] machine-2-5                        lof                      tuned    vus=0.12757 affil=0.80383 (36.17s)
[smd] machine-2-5                        knn                      default  vus=0.63579 affil=0.8941 (9.72s)
[smd] machine-2-5                        knn                      tuned    vus=0.71944 affil=0.88539 (25.18s)
[smd] machine-2-5                        ae                       default  vus=0.43881 affil=0.92046 (12.69s)
[smd] machine-2-5                        ae                       tuned    vus=0.60767 affil=0.942 (24.4s)
[smd] machine-2-6                        chronos_small_resid      default  vus=0.20352 affil=0.85542 (4.1s)
[smd] machine-2-6                        chronos_small_quantile   default  vus=0.06722 affil=0.68891 (4.1s)
[smd] machine-2-6                        chronos_base_resid       default  vus=0.19781 affil=0.80563 (6.2s)
[smd] machine-2-6                        chronos_base_quantile    default  vus=0.06742 affil=0.68395 (6.2s)
[smd] machine-2-6                        timesfm_resid            default  vus=0.18132 affil=0.72891 (109.2s)
[smd] machine-2-6                        timesfm_quantile         default  vus=0.06798 affil=0.68674 (109.2s)
[smd] machine-2-6                        tirex_resid              default  vus=0.18903 affil=0.80418 (137.4s)
[smd] machine-2-6                        tirex_quantile           default  vus=0.06339 affil=0.68536 (137.4s)
[smd] machine-2-6                        iforest                  default  vus=0.15703 affil=0.78771 (5.84s)
[smd] machine-2-6                        iforest                  tuned    vus=0.09174 affil=0.76023 (6.46s)
[smd] machine-2-6                        lof                      default  vus=0.08231 affil=0.67226 (19.06s)
[smd] machine-2-6                        lof                      tuned    vus=0.26444 affil=0.75653 (5.65s)
[smd] machine-2-6                        knn                      default  vus=0.45561 affil=0.76862 (13.35s)
[smd] machine-2-6                        knn                      tuned    vus=0.38333 affil=0.76787 (35.19s)
[smd] machine-2-6                        ae                       default  vus=0.55427 affil=0.82787 (12.0s)
[smd] machine-2-6                        ae                       tuned    vus=0.40259 affil=0.79587 (28.82s)
[smd] machine-2-7                        chronos_small_resid      default  vus=0.12556 affil=0.61689 (3.2s)
[smd] machine-2-7                        chronos_small_quantile   default  vus=0.07476 affil=0.67689 (3.2s)
[smd] machine-2-7                        chronos_base_resid       default  vus=0.11981 affil=0.62448 (5.3s)
[smd] machine-2-7                        chronos_base_quantile    default  vus=0.07343 affil=0.62377 (5.3s)
[smd] machine-2-7                        timesfm_resid            default  vus=0.13613 affil=0.60383 (97.7s)
[smd] machine-2-7                        timesfm_quantile         default  vus=0.05788 affil=0.67517 (97.7s)
[smd] machine-2-7                        tirex_resid              default  vus=0.15251 affil=0.60771 (106.3s)
[smd] machine-2-7                        tirex_quantile           default  vus=0.03144 affil=0.64757 (106.3s)
[smd] machine-2-7                        iforest                  default  vus=0.53631 affil=0.5695 (4.12s)
[smd] machine-2-7                        iforest                  tuned    vus=0.53613 affil=0.57714 (3.1s)
[smd] machine-2-7                        lof                      default  vus=0.1043 affil=0.58473 (13.77s)
[smd] machine-2-7                        lof                      tuned    vus=0.03354 affil=0.63858 (38.85s)
[smd] machine-2-7                        knn                      default  vus=0.28776 affil=0.86104 (10.11s)
[smd] machine-2-7                        knn                      tuned    vus=0.21806 affil=0.83816 (25.51s)
[smd] machine-2-7                        ae                       default  vus=0.48652 affil=0.93112 (13.87s)
[smd] machine-2-7                        ae                       tuned    vus=0.55034 affil=0.95645 (25.91s)
[smd] machine-2-8                        chronos_small_resid      default  vus=0.51455 affil=0.99912 (3.7s)
[smd] machine-2-8                        chronos_small_quantile   default  vus=0.09075 affil=0.99735 (3.7s)
[smd] machine-2-8                        chronos_base_resid       default  vus=0.61849 affil=0.99949 (5.9s)
[smd] machine-2-8                        chronos_base_quantile    default  vus=0.12638 affil=0.9988 (5.9s)
[smd] machine-2-8                        timesfm_resid            default  vus=0.49838 affil=0.99878 (98.4s)
[smd] machine-2-8                        timesfm_quantile         default  vus=0.08248 affil=0.95822 (98.4s)
[smd] machine-2-8                        tirex_resid              default  vus=0.58201 affil=0.99878 (115.9s)
[smd] machine-2-8                        tirex_quantile           default  vus=0.0271 affil=0.9844 (115.9s)
[smd] machine-2-8                        iforest                  default  vus=0.58138 affil=0.99854 (4.55s)
[smd] machine-2-8                        iforest                  tuned    vus=0.58138 affil=0.99854 (5.9s)
[smd] machine-2-8                        lof                      default  vus=0.87142 affil=0.999 (15.59s)
[smd] machine-2-8                        lof                      tuned    vus=0.91075 affil=0.9989 (9.04s)
[smd] machine-2-8                        knn                      default  vus=0.87295 affil=0.99889 (9.82s)
[smd] machine-2-8                        knn                      tuned    vus=0.87309 affil=0.99889 (11.41s)
[smd] machine-2-8                        ae                       default  vus=0.80992 affil=0.99828 (13.31s)
[smd] machine-2-8                        ae                       tuned    vus=0.80989 affil=0.99828 (13.88s)
[smd] machine-2-9                        chronos_small_resid      default  vus=0.11648 affil=0.67618 (4.0s)
[smd] machine-2-9                        chronos_small_quantile   default  vus=0.1015 affil=0.74084 (4.0s)
[smd] machine-2-9                        chronos_base_resid       default  vus=0.1359 affil=0.6947 (6.2s)
[smd] machine-2-9                        chronos_base_quantile    default  vus=0.10209 affil=0.73635 (6.2s)
[smd] machine-2-9                        timesfm_resid            default  vus=0.11963 affil=0.72614 (110.1s)
[smd] machine-2-9                        timesfm_quantile         default  vus=0.10259 affil=0.75219 (110.1s)
[smd] machine-2-9                        tirex_resid              default  vus=0.11543 affil=0.67829 (138.0s)
[smd] machine-2-9                        tirex_quantile           default  vus=0.0999 affil=0.72714 (138.0s)
[smd] machine-2-9                        iforest                  default  vus=0.26307 affil=0.7218 (4.48s)
[smd] machine-2-9                        iforest                  tuned    vus=0.26614 affil=0.72642 (12.18s)
[smd] machine-2-9                        lof                      default  vus=0.07733 affil=0.6108 (19.6s)
[smd] machine-2-9                        lof                      tuned    vus=0.14337 affil=0.75648 (51.34s)
[smd] machine-2-9                        knn                      default  vus=0.30635 affil=0.71139 (13.57s)
[smd] machine-2-9                        knn                      tuned    vus=0.35989 affil=0.79873 (37.45s)
[smd] machine-2-9                        ae                       default  vus=0.73983 affil=0.91331 (16.0s)
[smd] machine-2-9                        ae                       tuned    vus=0.74332 affil=0.91416 (15.5s)
[smd] machine-3-1                        chronos_small_resid      default  vus=0.20814 affil=0.81038 (4.0s)
[smd] machine-3-1                        chronos_small_quantile   default  vus=0.09618 affil=0.86576 (4.0s)
[smd] machine-3-1                        chronos_base_resid       default  vus=0.20436 affil=0.80734 (6.9s)
[smd] machine-3-1                        chronos_base_quantile    default  vus=0.09571 affil=0.82735 (6.9s)
[smd] machine-3-1                        timesfm_resid            default  vus=0.25466 affil=0.86017 (113.5s)
[smd] machine-3-1                        timesfm_quantile         default  vus=0.09721 affil=0.85015 (113.5s)
[smd] machine-3-1                        tirex_resid              default  vus=0.21378 affil=0.85521 (113.5s)
[smd] machine-3-1                        tirex_quantile           default  vus=0.05874 affil=0.77833 (113.5s)
[smd] machine-3-1                        iforest                  default  vus=0.27975 affil=0.61211 (4.51s)
[smd] machine-3-1                        iforest                  tuned    vus=0.24696 affil=0.50535 (5.22s)
[smd] machine-3-1                        lof                      default  vus=0.61676 affil=0.70949 (18.78s)
[smd] machine-3-1                        lof                      tuned    vus=0.60467 affil=0.75075 (20.41s)
[smd] machine-3-1                        knn                      default  vus=0.66116 affil=0.84183 (13.55s)
[smd] machine-3-1                        knn                      tuned    vus=0.67027 affil=0.83711 (14.88s)
[smd] machine-3-1                        ae                       default  vus=0.68767 affil=0.93154 (13.67s)
[smd] machine-3-1                        ae                       tuned    vus=0.55099 affil=0.84826 (12.57s)
[smd] machine-3-10                       chronos_small_resid      default  vus=0.40928 affil=0.73353 (3.2s)
[smd] machine-3-10                       chronos_small_quantile   default  vus=0.06394 affil=0.67816 (3.2s)
[smd] machine-3-10                       chronos_base_resid       default  vus=0.3885 affil=0.74067 (5.7s)
[smd] machine-3-10                       chronos_base_quantile    default  vus=0.06552 affil=0.69178 (5.7s)
[smd] machine-3-10                       timesfm_resid            default  vus=0.34079 affil=0.74327 (102.6s)
[smd] machine-3-10                       timesfm_quantile         default  vus=0.11296 affil=0.67552 (102.6s)
[smd] machine-3-10                       tirex_resid              default  vus=0.1333 affil=0.73432 (116.3s)
[smd] machine-3-10                       tirex_quantile           default  vus=0.068 affil=0.67138 (116.3s)
[smd] machine-3-10                       iforest                  default  vus=0.53598 affil=0.46432 (4.29s)
[smd] machine-3-10                       iforest                  tuned    vus=0.40744 affil=0.4282 (8.23s)
[smd] machine-3-10                       lof                      default  vus=0.10353 affil=0.68352 (14.52s)
[smd] machine-3-10                       lof                      tuned    vus=0.12305 affil=0.64477 (37.36s)
[smd] machine-3-10                       knn                      default  vus=0.11517 affil=0.7342 (9.77s)
[smd] machine-3-10                       knn                      tuned    vus=0.10515 affil=0.75021 (25.27s)
[smd] machine-3-10                       ae                       default  vus=0.34055 affil=0.89106 (13.18s)
[smd] machine-3-10                       ae                       tuned    vus=0.54708 affil=0.89784 (22.36s)
[smd] machine-3-11                       chronos_small_resid      default  vus=0.36238 affil=0.80068 (2.7s)
[smd] machine-3-11                       chronos_small_quantile   default  vus=0.29502 affil=0.79663 (2.7s)
[smd] machine-3-11                       chronos_base_resid       default  vus=0.40189 affil=0.81983 (6.6s)
[smd] machine-3-11                       chronos_base_quantile    default  vus=0.38074 affil=0.75141 (6.6s)
[smd] machine-3-11                       timesfm_resid            default  vus=0.36565 affil=0.90288 (118.9s)
[smd] machine-3-11                       timesfm_quantile         default  vus=0.23214 affil=0.88431 (118.9s)
[smd] machine-3-11                       tirex_resid              default  vus=0.38612 affil=0.78887 (146.1s)
[smd] machine-3-11                       tirex_quantile           default  vus=0.10835 affil=0.7651 (146.1s)
[smd] machine-3-11                       iforest                  default  vus=0.02529 affil=0.65598 (5.57s)
[smd] machine-3-11                       iforest                  tuned    vus=0.01721 affil=0.63764 (9.11s)
[smd] machine-3-11                       lof                      default  vus=0.74214 affil=0.99244 (19.58s)
[smd] machine-3-11                       lof                      tuned    vus=0.50855 affil=0.92727 (52.68s)
[smd] machine-3-11                       knn                      default  vus=0.18579 affil=0.89748 (13.96s)
[smd] machine-3-11                       knn                      tuned    vus=0.18635 affil=0.89748 (15.5s)
[smd] machine-3-11                       ae                       default  vus=0.71312 affil=0.99347 (16.58s)
[smd] machine-3-11                       ae                       tuned    vus=0.71304 affil=0.99347 (18.69s)
[smd] machine-3-2                        chronos_small_resid      default  vus=0.05715 affil=0.70384 (3.8s)
[smd] machine-3-2                        chronos_small_quantile   default  vus=0.05891 affil=0.66593 (3.8s)
[smd] machine-3-2                        chronos_base_resid       default  vus=0.0577 affil=0.71573 (6.2s)
[smd] machine-3-2                        chronos_base_quantile    default  vus=0.05695 affil=0.67342 (6.2s)
[smd] machine-3-2                        timesfm_resid            default  vus=0.05614 affil=0.73317 (109.4s)
[smd] machine-3-2                        timesfm_quantile         default  vus=0.06996 affil=0.69272 (109.4s)
[smd] machine-3-2                        tirex_resid              default  vus=0.05593 affil=0.68986 (129.3s)
[smd] machine-3-2                        tirex_quantile           default  vus=0.06558 affil=0.68947 (129.3s)
[smd] machine-3-2                        iforest                  default  vus=0.09251 affil=0.61265 (4.55s)
[smd] machine-3-2                        iforest                  tuned    vus=0.09661 affil=0.63042 (4.82s)
[smd] machine-3-2                        lof                      default  vus=0.2103 affil=0.81238 (13.88s)
[smd] machine-3-2                        lof                      tuned    vus=0.2103 affil=0.81238 (16.03s)
[smd] machine-3-2                        knn                      default  vus=0.24104 affil=0.83168 (9.2s)
[smd] machine-3-2                        knn                      tuned    vus=0.23481 affil=0.82632 (12.11s)
[smd] machine-3-2                        ae                       default  vus=0.16975 affil=0.75541 (12.7s)
[smd] machine-3-2                        ae                       tuned    vus=0.29669 affil=0.85058 (26.31s)
[smd] machine-3-3                        chronos_small_resid      default  vus=0.14244 affil=0.70783 (4.0s)
[smd] machine-3-3                        chronos_small_quantile   default  vus=0.04448 affil=0.71371 (4.0s)
[smd] machine-3-3                        chronos_base_resid       default  vus=0.13835 affil=0.72517 (6.1s)
[smd] machine-3-3                        chronos_base_quantile    default  vus=0.04717 affil=0.71815 (6.1s)
[smd] machine-3-3                        timesfm_resid            default  vus=0.15114 affil=0.70978 (107.3s)
[smd] machine-3-3                        timesfm_quantile         default  vus=0.05491 affil=0.72798 (107.3s)
[smd] machine-3-3                        tirex_resid              default  vus=0.17613 affil=0.72806 (104.2s)
[smd] machine-3-3                        tirex_quantile           default  vus=0.05137 affil=0.69386 (104.2s)
[smd] machine-3-3                        iforest                  default  vus=0.08053 affil=0.68948 (4.07s)
[smd] machine-3-3                        iforest                  tuned    vus=0.07287 affil=0.67595 (8.77s)
[smd] machine-3-3                        lof                      default  vus=0.12278 affil=0.84834 (13.91s)
[smd] machine-3-3                        lof                      tuned    vus=0.132 affil=0.84686 (36.75s)
[smd] machine-3-3                        knn                      default  vus=0.13015 affil=0.84853 (9.26s)
[smd] machine-3-3                        knn                      tuned    vus=0.15731 affil=0.85708 (26.06s)
[smd] machine-3-3                        ae                       default  vus=0.12249 affil=0.81762 (12.79s)
[smd] machine-3-3                        ae                       tuned    vus=0.19142 affil=0.85503 (24.23s)
[smd] machine-3-4                        chronos_small_resid      default  vus=0.06778 affil=0.71276 (2.8s)
[smd] machine-3-4                        chronos_small_quantile   default  vus=0.06567 affil=0.73933 (2.8s)
[smd] machine-3-4                        chronos_base_resid       default  vus=0.06861 affil=0.72668 (5.7s)
[smd] machine-3-4                        chronos_base_quantile    default  vus=0.06455 affil=0.74985 (5.7s)
[smd] machine-3-4                        timesfm_resid            default  vus=0.07522 affil=0.74639 (92.2s)
[smd] machine-3-4                        timesfm_quantile         default  vus=0.06775 affil=0.73188 (92.2s)
[smd] machine-3-4                        tirex_resid              default  vus=0.07021 affil=0.7023 (115.5s)
[smd] machine-3-4                        tirex_quantile           default  vus=0.06706 affil=0.7488 (115.5s)
[smd] machine-3-4                        iforest                  default  vus=0.25654 affil=0.71362 (4.72s)
[smd] machine-3-4                        iforest                  tuned    vus=0.11323 affil=0.75592 (11.57s)
[smd] machine-3-4                        lof                      default  vus=0.15759 affil=0.74634 (14.27s)
[smd] machine-3-4                        lof                      tuned    vus=0.13065 affil=0.7518 (36.6s)
[smd] machine-3-4                        knn                      default  vus=0.15118 affil=0.76537 (9.15s)
[smd] machine-3-4                        knn                      tuned    vus=0.17893 affil=0.76101 (24.18s)
[smd] machine-3-4                        ae                       default  vus=0.73368 affil=0.80016 (9.11s)
[smd] machine-3-4                        ae                       tuned    vus=0.72667 affil=0.78598 (22.9s)
[smd] machine-3-5                        chronos_small_resid      default  vus=0.05153 affil=0.73445 (3.9s)
[smd] machine-3-5                        chronos_small_quantile   default  vus=0.06876 affil=0.71858 (3.9s)
[smd] machine-3-5                        chronos_base_resid       default  vus=0.0492 affil=0.7069 (5.6s)
[smd] machine-3-5                        chronos_base_quantile    default  vus=0.06038 affil=0.71599 (5.6s)
[smd] machine-3-5                        timesfm_resid            default  vus=0.06543 affil=0.75627 (92.4s)
[smd] machine-3-5                        timesfm_quantile         default  vus=0.06476 affil=0.72031 (92.4s)
[smd] machine-3-5                        tirex_resid              default  vus=0.04927 affil=0.75305 (120.3s)
[smd] machine-3-5                        tirex_quantile           default  vus=0.05383 affil=0.68742 (120.3s)
[smd] machine-3-5                        iforest                  default  vus=0.11223 affil=0.62659 (4.4s)
[smd] machine-3-5                        iforest                  tuned    vus=0.03506 affil=0.59299 (11.1s)
[smd] machine-3-5                        lof                      default  vus=0.33901 affil=0.8074 (13.93s)
[smd] machine-3-5                        lof                      tuned    vus=0.16379 affil=0.76453 (36.69s)
[smd] machine-3-5                        knn                      default  vus=0.23651 affil=0.77785 (9.44s)
[smd] machine-3-5                        knn                      tuned    vus=0.23781 affil=0.77729 (11.26s)
[smd] machine-3-5                        ae                       default  vus=0.40265 affil=0.69961 (11.65s)
[smd] machine-3-5                        ae                       tuned    vus=0.39918 affil=0.71313 (26.13s)
[smd] machine-3-6                        chronos_small_resid      default  vus=0.08852 affil=0.74855 (3.5s)
[smd] machine-3-6                        chronos_small_quantile   default  vus=0.06746 affil=0.68916 (3.5s)
[smd] machine-3-6                        chronos_base_resid       default  vus=0.09097 affil=0.74266 (6.4s)
[smd] machine-3-6                        chronos_base_quantile    default  vus=0.07116 affil=0.68728 (6.4s)
[smd] machine-3-6                        timesfm_resid            default  vus=0.09448 affil=0.74238 (120.1s)
[smd] machine-3-6                        timesfm_quantile         default  vus=0.08522 affil=0.74502 (120.1s)
[smd] machine-3-6                        tirex_resid              default  vus=0.09883 affil=0.75722 (133.2s)
[smd] machine-3-6                        tirex_quantile           default  vus=0.08836 affil=0.74076 (133.2s)
[smd] machine-3-6                        iforest                  default  vus=0.72449 affil=0.92598 (5.3s)
[smd] machine-3-6                        iforest                  tuned    vus=0.67434 affil=0.8773 (6.8s)
[smd] machine-3-6                        lof                      default  vus=0.54848 affil=0.79582 (19.97s)
[smd] machine-3-6                        lof                      tuned    vus=0.63712 affil=0.86424 (54.51s)
[smd] machine-3-6                        knn                      default  vus=0.75234 affil=0.93452 (13.96s)
[smd] machine-3-6                        knn                      tuned    vus=0.79127 affil=0.94139 (36.23s)
[smd] machine-3-6                        ae                       default  vus=0.674 affil=0.92817 (13.97s)
[smd] machine-3-6                        ae                       tuned    vus=0.77132 affil=0.96574 (31.8s)
[smd] machine-3-7                        chronos_small_resid      default  vus=0.07522 affil=0.71785 (4.5s)
[smd] machine-3-7                        chronos_small_quantile   default  vus=0.0366 affil=0.70406 (4.5s)
[smd] machine-3-7                        chronos_base_resid       default  vus=0.11796 affil=0.76317 (7.2s)
[smd] machine-3-7                        chronos_base_quantile    default  vus=0.04252 affil=0.751 (7.2s)
[smd] machine-3-7                        timesfm_resid            default  vus=0.08345 affil=0.67304 (108.0s)
[smd] machine-3-7                        timesfm_quantile         default  vus=0.03303 affil=0.676 (108.0s)
[smd] machine-3-7                        tirex_resid              default  vus=0.04686 affil=0.68093 (132.2s)
[smd] machine-3-7                        tirex_quantile           default  vus=0.03548 affil=0.70567 (132.2s)
[smd] machine-3-7                        iforest                  default  vus=0.26909 affil=0.75328 (4.66s)
[smd] machine-3-7                        iforest                  tuned    vus=0.34928 affil=0.69157 (6.33s)
[smd] machine-3-7                        lof                      default  vus=0.26883 affil=0.73694 (19.7s)
[smd] machine-3-7                        lof                      tuned    vus=0.70486 affil=0.94827 (20.91s)
[smd] machine-3-7                        knn                      default  vus=0.73876 affil=0.99388 (13.56s)
[smd] machine-3-7                        knn                      tuned    vus=0.73306 affil=0.99377 (15.74s)
[smd] machine-3-7                        ae                       default  vus=0.61522 affil=0.93512 (16.55s)
[smd] machine-3-7                        ae                       tuned    vus=0.6133 affil=0.93497 (16.74s)
[smd] machine-3-8                        chronos_small_resid      default  vus=0.17573 affil=0.76901 (3.6s)
[smd] machine-3-8                        chronos_small_quantile   default  vus=0.07088 affil=0.70298 (3.6s)
[smd] machine-3-8                        chronos_base_resid       default  vus=0.22364 affil=0.77496 (6.7s)
[smd] machine-3-8                        chronos_base_quantile    default  vus=0.07181 affil=0.74925 (6.7s)
[smd] machine-3-8                        timesfm_resid            default  vus=0.18146 affil=0.78243 (125.2s)
[smd] machine-3-8                        timesfm_quantile         default  vus=0.06582 affil=0.72412 (125.2s)
[smd] machine-3-8                        tirex_resid              default  vus=0.18686 affil=0.78085 (140.2s)
[smd] machine-3-8                        tirex_quantile           default  vus=0.06899 affil=0.7435 (140.2s)
[smd] machine-3-8                        iforest                  default  vus=0.41392 affil=0.81388 (5.08s)
[smd] machine-3-8                        iforest                  tuned    vus=0.58074 affil=0.81741 (12.43s)
[smd] machine-3-8                        lof                      default  vus=0.06507 affil=0.6783 (18.67s)
[smd] machine-3-8                        lof                      tuned    vus=0.11659 affil=0.58809 (7.23s)
[smd] machine-3-8                        knn                      default  vus=0.4472 affil=0.8801 (13.69s)
[smd] machine-3-8                        knn                      tuned    vus=0.43936 affil=0.84219 (5.84s)
[smd] machine-3-8                        ae                       default  vus=0.32139 affil=0.82197 (15.64s)
[smd] machine-3-8                        ae                       tuned    vus=0.32388 affil=0.82065 (17.62s)
[smd] machine-3-9                        chronos_small_resid      default  vus=0.20931 affil=0.78063 (3.4s)
[smd] machine-3-9                        chronos_small_quantile   default  vus=0.06917 affil=0.71386 (3.4s)
[smd] machine-3-9                        chronos_base_resid       default  vus=0.21812 affil=0.70968 (6.4s)
[smd] machine-3-9                        chronos_base_quantile    default  vus=0.08988 affil=0.75394 (6.4s)
[smd] machine-3-9                        timesfm_resid            default  vus=0.19566 affil=0.70745 (106.1s)
[smd] machine-3-9                        timesfm_quantile         default  vus=0.07583 affil=0.79789 (106.1s)
[smd] machine-3-9                        tirex_resid              default  vus=0.23608 affil=0.71109 (117.1s)
[smd] machine-3-9                        tirex_quantile           default  vus=0.07648 affil=0.76631 (117.1s)
[smd] machine-3-9                        iforest                  default  vus=0.25826 affil=0.60972 (4.34s)
[smd] machine-3-9                        iforest                  tuned    vus=0.2254 affil=0.50497 (7.11s)
[smd] machine-3-9                        lof                      default  vus=0.32813 affil=0.71121 (19.44s)
[smd] machine-3-9                        lof                      tuned    vus=0.32813 affil=0.71121 (20.86s)
[smd] machine-3-9                        knn                      default  vus=0.31276 affil=0.72284 (14.61s)
[smd] machine-3-9                        knn                      tuned    vus=0.31276 affil=0.72284 (15.21s)
[smd] machine-3-9                        ae                       default  vus=0.64286 affil=0.9014 (14.44s)
[smd] machine-3-9                        ae                       tuned    vus=0.50366 affil=0.84837 (14.38s)
[ucr] 064_UCR_Anomaly_DISTORTEDgaitHunt3 iforest                  tuned    vus=0.06955 affil=0.74543 (4.23s)
[ucr] 064_UCR_Anomaly_DISTORTEDgaitHunt3 lof                      default  vus=0.48365 affil=0.9911 (1.65s)
[ucr] 064_UCR_Anomaly_DISTORTEDgaitHunt3 lof                      tuned    vus=0.4855 affil=0.9911 (3.09s)
[ucr] 064_UCR_Anomaly_DISTORTEDgaitHunt3 knn                      default  vus=0.55546 affil=0.99115 (1.29s)
[ucr] 064_UCR_Anomaly_DISTORTEDgaitHunt3 knn                      tuned    vus=0.56896 affil=0.96577 (2.98s)
[ucr] 064_UCR_Anomaly_DISTORTEDgaitHunt3 ae                       default  vus=0.17031 affil=0.99523 (8.64s)
[ucr] 064_UCR_Anomaly_DISTORTEDgaitHunt3 ae                       tuned    vus=0.15693 affil=0.99082 (10.18s)
[ucr] 065_UCR_Anomaly_DISTORTEDinsectEPG chronos_small_resid      default  vus=0.00662 affil=0.71474 (0.2s)
[ucr] 065_UCR_Anomaly_DISTORTEDinsectEPG chronos_small_quantile   default  vus=0.0063 affil=0.69393 (0.2s)
[ucr] 065_UCR_Anomaly_DISTORTEDinsectEPG chronos_base_resid       default  vus=0.00688 affil=0.70595 (0.4s)
[ucr] 065_UCR_Anomaly_DISTORTEDinsectEPG chronos_base_quantile    default  vus=0.00682 affil=0.79832 (0.4s)
[ucr] 065_UCR_Anomaly_DISTORTEDinsectEPG timesfm_resid            default  vus=0.00802 affil=0.72303 (3.1s)
[ucr] 065_UCR_Anomaly_DISTORTEDinsectEPG timesfm_quantile         default  vus=0.0066 affil=0.67415 (3.1s)
[ucr] 065_UCR_Anomaly_DISTORTEDinsectEPG tirex_resid              default  vus=0.00919 affil=0.71293 (4.9s)
[ucr] 065_UCR_Anomaly_DISTORTEDinsectEPG tirex_quantile           default  vus=0.00873 affil=0.67434 (4.9s)
[ucr] 065_UCR_Anomaly_DISTORTEDinsectEPG iforest                  default  vus=0.01159 affil=0.85992 (1.51s)
[ucr] 065_UCR_Anomaly_DISTORTEDinsectEPG iforest                  tuned    vus=0.023 affil=0.83871 (1.55s)
[ucr] 065_UCR_Anomaly_DISTORTEDinsectEPG lof                      default  vus=0.00834 affil=0.79909 (0.18s)
[ucr] 065_UCR_Anomaly_DISTORTEDinsectEPG lof                      tuned    vus=0.0349 affil=0.78173 (1.01s)
[ucr] 065_UCR_Anomaly_DISTORTEDinsectEPG knn                      default  vus=0.01254 affil=0.78815 (0.16s)
