detectors=['iforest', 'lof', 'knn', 'ae', 'chronos_small_resid', 'chronos_small_quantile', 'chronos_base_resid', 'chronos_base_quantile', 'timesfm_resid', 'timesfm_quantile', 'tirex_resid', 'tirex_quantile']
tiers=['default', 'tuned']
datasets=['nasa', 'psm', 'smd', 'ucr']
shard=0/3
out=F:\CS\Paper\that\results\full_results_s0.csv
already done: 0 keys
[nasa] P-1                                chronos_small_resid      default  vus=0.12407 affil=0.67478 (29.8s)
[nasa] P-1                                chronos_small_quantile   default  vus=0.13347 affil=0.70305 (29.8s)
[nasa] P-1                                chronos_base_resid       default  vus=0.12365 affil=0.68387 (4.3s)
[nasa] P-1                                chronos_base_quantile    default  vus=0.11734 affil=0.67348 (4.3s)
[nasa] P-1                                timesfm_resid            default  vus=0.1252 affil=0.71131 (42.1s)
[nasa] P-1                                timesfm_quantile         default  vus=0.12345 affil=0.69722 (42.1s)
[nasa] P-1                                tirex_resid              default  vus=0.12677 affil=0.68507 (120.4s)
[nasa] P-1                                tirex_quantile           default  vus=0.11834 affil=0.68218 (120.4s)
[nasa] P-1                                iforest                  default  vus=0.10954 affil=0.5949 (1.78s)
[nasa] P-1                                iforest                  tuned    vus=0.11014 affil=0.63465 (1.36s)
[nasa] P-1                                lof                      default  vus=0.12927 affil=0.59972 (1.3s)
[nasa] P-1                                lof                      tuned    vus=0.12317 affil=0.59756 (1.4s)
[nasa] P-1                                knn                      default  vus=0.11938 affil=0.60057 (0.64s)
[nasa] P-1                                knn                      tuned    vus=0.1178 affil=0.78491 (1.87s)
[nasa] P-1                                ae                       default  vus=0.14927 affil=0.63446 (2.38s)
[nasa] P-1                                ae                       tuned    vus=0.13517 affil=0.65344 (2.93s)
[nasa] E-2                                chronos_small_resid      default  vus=0.10817 affil=0.53137 (1.3s)
[nasa] E-2                                chronos_small_quantile   default  vus=0.14349 affil=0.62889 (1.3s)
[nasa] E-2                                chronos_base_resid       default  vus=0.10971 affil=0.53746 (2.8s)
[nasa] E-2                                chronos_base_quantile    default  vus=0.14682 affil=0.64055 (2.8s)
[nasa] E-2                                timesfm_resid            default  vus=0.11121 affil=0.53371 (42.3s)
[nasa] E-2                                timesfm_quantile         default  vus=0.15072 affil=0.60906 (42.3s)
[nasa] E-2                                tirex_resid              default  vus=0.10906 affil=0.53096 (464.5s)
[nasa] E-2                                tirex_quantile           default  vus=0.15345 affil=0.6641 (464.5s)
[nasa] E-2                                iforest                  default  vus=0.10892 affil=0.80524 (1.81s)
[nasa] E-2                                iforest                  tuned    vus=0.10821 affil=0.66716 (4.44s)
[nasa] E-2                                lof                      default  vus=0.10877 affil=0.80438 (2.57s)
[nasa] E-2                                lof                      tuned    vus=0.12931 affil=0.80591 (0.92s)
[nasa] E-2                                knn                      default  vus=0.10036 affil=0.80524 (0.62s)
[nasa] E-2                                knn                      tuned    vus=0.1033 affil=0.67988 (1.69s)
[nasa] E-2                                ae                       default  vus=0.15996 affil=0.91337 (2.84s)
[nasa] E-2                                ae                       tuned    vus=0.14738 affil=0.91337 (2.34s)
[nasa] E-5                                chronos_small_resid      default  vus=0.05092 affil=0.77568 (1.1s)
[nasa] E-5                                chronos_small_quantile   default  vus=0.06149 affil=0.65999 (1.1s)
[nasa] E-5                                chronos_base_resid       default  vus=0.04992 affil=0.82683 (1.8s)
[nasa] E-5                                chronos_base_quantile    default  vus=0.06395 affil=0.70053 (1.8s)
[nasa] E-5                                timesfm_resid            default  vus=0.04882 affil=0.66114 (32.9s)
[nasa] E-5                                timesfm_quantile         default  vus=0.0538 affil=0.67809 (32.9s)
[nasa] E-5                                tirex_resid              default  vus=0.05165 affil=0.81914 (63.8s)
[nasa] E-5                                tirex_quantile           default  vus=0.0493 affil=0.64994 (63.8s)
[nasa] E-5                                iforest                  default  vus=0.0555 affil=0.64328 (1.89s)
[nasa] E-5                                iforest                  tuned    vus=0.07625 affil=0.98299 (2.08s)
[nasa] E-5                                lof                      default  vus=0.23336 affil=0.98243 (0.89s)
[nasa] E-5                                lof                      tuned    vus=0.2464 affil=0.97173 (1.13s)
[nasa] E-5                                knn                      default  vus=0.18087 affil=0.98243 (0.57s)
[nasa] E-5                                knn                      tuned    vus=0.1473 affil=0.98265 (1.47s)
[nasa] E-5                                ae                       default  vus=0.33159 affil=0.98242 (2.12s)
[nasa] E-5                                ae                       tuned    vus=0.49052 affil=0.98292 (3.05s)
[nasa] E-8                                chronos_small_resid      default  vus=0.08273 affil=0.60533 (1.7s)
[nasa] E-8                                chronos_small_quantile   default  vus=0.11408 affil=0.65689 (1.7s)
[nasa] E-8                                chronos_base_resid       default  vus=0.08294 affil=0.60673 (2.1s)
[nasa] E-8                                chronos_base_quantile    default  vus=0.10291 affil=0.66821 (2.1s)
