detectors=['iforest', 'lof', 'knn', 'ae', 'chronos_small_resid', 'chronos_small_quantile', 'chronos_base_resid', 'chronos_base_quantile', 'timesfm_resid', 'timesfm_quantile', 'tirex_resid', 'tirex_quantile']
tiers=['default', 'tuned']
datasets=['nasa', 'psm', 'smd', 'ucr']
shard=1/3
out=F:\CS\Paper\that\results\full_results_s1.csv
already done: 0 keys
[nasa] S-1                                chronos_small_resid      default  vus=0.05696 affil=0.59337 (31.4s)
[nasa] S-1                                chronos_small_quantile   default  vus=0.08974 affil=0.63225 (31.4s)
[nasa] S-1                                chronos_base_resid       default  vus=0.05874 affil=0.66791 (3.8s)
[nasa] S-1                                chronos_base_quantile    default  vus=0.0668 affil=0.62798 (3.8s)
[nasa] S-1                                timesfm_resid            default  vus=0.05988 affil=0.59622 (38.2s)
[nasa] S-1                                timesfm_quantile         default  vus=0.07214 affil=0.6613 (38.2s)
[nasa] S-1                                tirex_resid              default  vus=0.05886 affil=0.67365 (102.4s)
[nasa] S-1                                tirex_quantile           default  vus=0.07312 affil=0.66873 (102.4s)
[nasa] S-1                                iforest                  default  vus=0.04849 affil=0.5597 (1.68s)
[nasa] S-1                                iforest                  tuned    vus=0.04727 affil=0.83522 (1.18s)
[nasa] S-1                                lof                      default  vus=0.04785 affil=0.56491 (1.23s)
[nasa] S-1                                lof                      tuned    vus=0.04571 affil=0.51901 (0.69s)
[nasa] S-1                                knn                      default  vus=0.05124 affil=0.55745 (0.55s)
[nasa] S-1                                knn                      tuned    vus=0.05148 affil=0.51608 (0.53s)
[nasa] S-1                                ae                       default  vus=0.05387 affil=0.56376 (2.21s)
[nasa] S-1                                ae                       tuned    vus=0.0617 affil=0.53825 (2.88s)
[nasa] E-3                                chronos_small_resid      default  vus=0.24612 affil=0.54146 (1.5s)
[nasa] E-3                                chronos_small_quantile   default  vus=0.3257 affil=0.61562 (1.5s)
[nasa] E-3                                chronos_base_resid       default  vus=0.249 affil=0.54057 (2.9s)
[nasa] E-3                                chronos_base_quantile    default  vus=0.33001 affil=0.63556 (2.9s)
[nasa] E-3                                timesfm_resid            default  vus=0.24886 affil=0.55321 (35.0s)
[nasa] E-3                                timesfm_quantile         default  vus=0.33976 affil=0.65222 (35.0s)
[nasa] E-3                                tirex_resid              default  vus=0.24859 affil=0.58254 (488.7s)
[nasa] E-3                                tirex_quantile           default  vus=0.33851 affil=0.71747 (488.7s)
[nasa] E-3                                iforest                  default  vus=0.27028 affil=0.86871 (1.79s)
[nasa] E-3                                iforest                  tuned    vus=0.27113 affil=0.88119 (6.43s)
[nasa] E-3                                lof                      default  vus=0.31216 affil=0.88665 (1.23s)
[nasa] E-3                                lof                      tuned    vus=0.33244 affil=0.88675 (2.05s)
[nasa] E-3                                knn                      default  vus=0.31511 affil=0.88585 (0.7s)
[nasa] E-3                                knn                      tuned    vus=0.2854 affil=0.88077 (1.52s)
[nasa] E-3                                ae                       default  vus=0.30193 affil=0.88899 (2.77s)
[nasa] E-3                                ae                       tuned    vus=0.35287 affil=0.89601 (2.26s)
[nasa] E-6                                chronos_small_resid      default  vus=0.02681 affil=0.65232 (0.9s)
[nasa] E-6                                chronos_small_quantile   default  vus=0.02533 affil=0.63778 (0.9s)
[nasa] E-6                                chronos_base_resid       default  vus=0.02749 affil=0.61587 (1.6s)
[nasa] E-6                                chronos_base_quantile    default  vus=0.02285 affil=0.65402 (1.6s)
[nasa] E-6                                timesfm_resid            default  vus=0.02398 affil=0.64798 (32.6s)
[nasa] E-6                                timesfm_quantile         default  vus=0.01592 affil=0.66742 (32.6s)
[nasa] E-6                                tirex_resid              default  vus=0.02683 affil=0.61762 (62.5s)
[nasa] E-6                                tirex_quantile           default  vus=0.01501 affil=0.65903 (62.5s)
[nasa] E-6                                iforest                  default  vus=0.0272 affil=0.65109 (1.8s)
[nasa] E-6                                iforest                  tuned    vus=0.11797 affil=0.85078 (1.95s)
[nasa] E-6                                lof                      default  vus=0.65429 affil=0.99711 (0.81s)
[nasa] E-6                                lof                      tuned    vus=0.54768 affil=0.99713 (1.04s)
[nasa] E-6                                knn                      default  vus=0.46047 affil=0.99711 (0.64s)
[nasa] E-6                                knn                      tuned    vus=0.47518 affil=0.99737 (1.48s)
[nasa] E-6                                ae                       default  vus=0.78264 affil=0.99755 (2.24s)
[nasa] E-6                                ae                       tuned    vus=0.77931 affil=0.99742 (3.06s)
[nasa] E-9                                chronos_small_resid      default  vus=0.05585 affil=0.60846 (1.4s)
[nasa] E-9                                chronos_small_quantile   default  vus=0.06284 affil=0.63775 (1.4s)
[nasa] E-9                                chronos_base_resid       default  vus=0.05513 affil=0.60095 (2.6s)
[nasa] E-9                                chronos_base_quantile    default  vus=0.05338 affil=0.64426 (2.6s)
