detectors=['iforest', 'lof', 'knn', 'ae', 'chronos_small_resid', 'chronos_small_quantile', 'chronos_base_resid', 'chronos_base_quantile', 'timesfm_resid', 'timesfm_quantile', 'tirex_resid', 'tirex_quantile']
tiers=['default', 'tuned']
datasets=['nasa', 'psm', 'smd', 'ucr']
shard=2/3
out=F:\CS\Paper\that\results\full_results_s2.csv
already done: 0 keys
[nasa] E-1                                chronos_small_resid      default  vus=0.08218 affil=0.79248 (30.9s)
[nasa] E-1                                chronos_small_quantile   default  vus=0.09656 affil=0.75131 (30.9s)
[nasa] E-1                                chronos_base_resid       default  vus=0.08883 affil=0.75724 (4.4s)
[nasa] E-1                                chronos_base_quantile    default  vus=0.10031 affil=0.75907 (4.4s)
[nasa] E-1                                timesfm_resid            default  vus=0.08048 affil=0.7553 (51.5s)
[nasa] E-1                                timesfm_quantile         default  vus=0.08847 affil=0.81296 (51.5s)
[nasa] E-1                                tirex_resid              default  vus=0.08902 affil=0.7545 (105.2s)
[nasa] E-1                                tirex_quantile           default  vus=0.08595 affil=0.77141 (105.2s)
[nasa] E-1                                iforest                  default  vus=0.06676 affil=0.75313 (1.85s)
[nasa] E-1                                iforest                  tuned    vus=0.07419 affil=0.80722 (1.52s)
[nasa] E-1                                lof                      default  vus=0.43937 affil=0.79574 (1.59s)
[nasa] E-1                                lof                      tuned    vus=0.49953 affil=0.83065 (1.37s)
[nasa] E-1                                knn                      default  vus=0.4758 affil=0.8159 (0.65s)
[nasa] E-1                                knn                      tuned    vus=0.50222 affil=0.98851 (1.5s)
[nasa] E-1                                ae                       default  vus=0.15424 affil=0.75026 (2.15s)
[nasa] E-1                                ae                       tuned    vus=0.19143 affil=0.76025 (3.12s)
[nasa] E-4                                chronos_small_resid      default  vus=0.20711 affil=0.7896 (1.3s)
[nasa] E-4                                chronos_small_quantile   default  vus=0.28272 affil=0.6409 (1.3s)
[nasa] E-4                                chronos_base_resid       default  vus=0.20626 affil=0.50676 (2.8s)
[nasa] E-4                                chronos_base_quantile    default  vus=0.28707 affil=0.65003 (2.8s)
[nasa] E-4                                timesfm_resid            default  vus=0.20651 affil=0.52356 (40.9s)
[nasa] E-4                                timesfm_quantile         default  vus=0.30514 affil=0.63041 (40.9s)
[nasa] E-4                                tirex_resid              default  vus=0.20705 affil=0.5367 (471.5s)
[nasa] E-4                                tirex_quantile           default  vus=0.2997 affil=0.70261 (471.5s)
[nasa] E-4                                iforest                  default  vus=0.23057 affil=0.85365 (4.63s)
[nasa] E-4                                iforest                  tuned    vus=0.22081 affil=0.79765 (2.3s)
[nasa] E-4                                lof                      default  vus=0.27219 affil=0.87318 (1.03s)
[nasa] E-4                                lof                      tuned    vus=0.37776 affil=0.87306 (0.78s)
[nasa] E-4                                knn                      default  vus=0.25922 affil=0.87298 (0.45s)
[nasa] E-4                                knn                      tuned    vus=0.23157 affil=0.87053 (1.2s)
[nasa] E-4                                ae                       default  vus=0.26229 affil=0.87879 (1.49s)
[nasa] E-4                                ae                       tuned    vus=0.31498 affil=0.88589 (2.35s)
[nasa] E-7                                chronos_small_resid      default  vus=0.04812 affil=0.79261 (1.0s)
[nasa] E-7                                chronos_small_quantile   default  vus=0.05227 affil=0.62174 (1.0s)
[nasa] E-7                                chronos_base_resid       default  vus=0.05153 affil=0.61856 (2.7s)
[nasa] E-7                                chronos_base_quantile    default  vus=0.04768 affil=0.6121 (2.7s)
[nasa] E-7                                timesfm_resid            default  vus=0.04671 affil=0.5961 (33.6s)
[nasa] E-7                                timesfm_quantile         default  vus=0.05086 affil=0.64164 (33.6s)
[nasa] E-7                                tirex_resid              default  vus=0.05236 affil=0.59864 (73.8s)
[nasa] E-7                                tirex_quantile           default  vus=0.06062 affil=0.68957 (73.8s)
[nasa] E-7                                iforest                  default  vus=0.05358 affil=0.94232 (2.09s)
[nasa] E-7                                iforest                  tuned    vus=0.03971 affil=0.83857 (2.04s)
[nasa] E-7                                lof                      default  vus=0.04545 affil=0.9424 (0.79s)
[nasa] E-7                                lof                      tuned    vus=0.04149 affil=0.63634 (0.94s)
[nasa] E-7                                knn                      default  vus=0.05728 affil=0.94312 (0.59s)
[nasa] E-7                                knn                      tuned    vus=0.0515 affil=0.94212 (0.76s)
[nasa] E-7                                ae                       default  vus=0.38749 affil=0.99152 (2.03s)
[nasa] E-7                                ae                       tuned    vus=0.35514 affil=0.98783 (13.02s)
[nasa] E-10                               chronos_small_resid      default  vus=0.06134 affil=0.82624 (335.6s)
[nasa] E-10                               chronos_small_quantile   default  vus=0.08098 affil=0.78874 (335.6s)
[nasa] E-10                               chronos_base_resid       default  vus=0.07202 affil=0.83136 (385.4s)
[nasa] E-10                               chronos_base_quantile    default  vus=0.08247 affil=0.79755 (385.4s)
