detectors=['iforest', 'lof', 'knn', 'ae', 'chronos_small_resid', 'chronos_small_quantile', 'chronos_base_resid', 'chronos_base_quantile', 'timesfm_resid', 'timesfm_quantile', 'tirex_resid', 'tirex_quantile']
tiers=['default', 'tuned']
datasets=['nasa', 'psm', 'smd', 'ucr']
shard=2/3
out=F:\CS\Paper\that\results\full_results_s2.csv
already done: 2670 keys
[ucr] 066_UCR_Anomaly_DISTORTEDinsectEPG chronos_small_resid      default  vus=0.01456 affil=0.94216 (30.0s)
[ucr] 066_UCR_Anomaly_DISTORTEDinsectEPG chronos_small_quantile   default  vus=0.04084 affil=0.7632 (30.0s)
[ucr] 066_UCR_Anomaly_DISTORTEDinsectEPG chronos_base_resid       default  vus=0.01512 affil=0.78356 (2.7s)
[ucr] 066_UCR_Anomaly_DISTORTEDinsectEPG chronos_base_quantile    default  vus=0.0167 affil=0.66814 (2.7s)
[ucr] 066_UCR_Anomaly_DISTORTEDinsectEPG timesfm_resid            default  vus=0.01565 affil=0.68521 (10.0s)
[ucr] 066_UCR_Anomaly_DISTORTEDinsectEPG timesfm_quantile         default  vus=0.01182 affil=0.67156 (10.0s)
[ucr] 066_UCR_Anomaly_DISTORTEDinsectEPG tirex_resid              default  vus=0.02266 affil=0.6777 (8.3s)
[ucr] 066_UCR_Anomaly_DISTORTEDinsectEPG tirex_quantile           default  vus=0.02966 affil=0.66713 (8.3s)
[ucr] 066_UCR_Anomaly_DISTORTEDinsectEPG iforest                  default  vus=0.03452 affil=0.78437 (1.39s)
[ucr] 066_UCR_Anomaly_DISTORTEDinsectEPG iforest                  tuned    vus=0.05475 affil=0.76634 (1.78s)
[ucr] 066_UCR_Anomaly_DISTORTEDinsectEPG lof                      default  vus=0.10541 affil=0.816 (2.4s)
[ucr] 066_UCR_Anomaly_DISTORTEDinsectEPG lof                      tuned    vus=0.68324 affil=0.99924 (0.91s)
[ucr] 066_UCR_Anomaly_DISTORTEDinsectEPG knn                      default  vus=0.17827 affil=0.83028 (0.14s)
[ucr] 066_UCR_Anomaly_DISTORTEDinsectEPG knn                      tuned    vus=0.17827 affil=0.83028 (0.6s)
[ucr] 066_UCR_Anomaly_DISTORTEDinsectEPG ae                       default  vus=0.10877 affil=0.80345 (1.61s)
[ucr] 066_UCR_Anomaly_DISTORTEDinsectEPG ae                       tuned    vus=0.1229 affil=0.79128 (3.49s)
[ucr] 069_UCR_Anomaly_DISTORTEDinsectEPG chronos_small_resid      default  vus=0.00058 affil=0.85237 (0.1s)
[ucr] 069_UCR_Anomaly_DISTORTEDinsectEPG chronos_small_quantile   default  vus=0.00057 affil=0.97528 (0.1s)
[ucr] 069_UCR_Anomaly_DISTORTEDinsectEPG chronos_base_resid       default  vus=0.00061 affil=0.73735 (0.2s)
[ucr] 069_UCR_Anomaly_DISTORTEDinsectEPG chronos_base_quantile    default  vus=0.00059 affil=0.67973 (0.2s)
[ucr] 069_UCR_Anomaly_DISTORTEDinsectEPG timesfm_resid            default  vus=0.00132 affil=0.91318 (2.4s)
[ucr] 069_UCR_Anomaly_DISTORTEDinsectEPG timesfm_quantile         default  vus=0.00117 affil=0.66667 (2.4s)
[ucr] 069_UCR_Anomaly_DISTORTEDinsectEPG tirex_resid              default  vus=0.00137 affil=0.80711 (5.1s)
[ucr] 069_UCR_Anomaly_DISTORTEDinsectEPG tirex_quantile           default  vus=0.00076 affil=0.8952 (5.1s)
[ucr] 069_UCR_Anomaly_DISTORTEDinsectEPG iforest                  default  vus=0.09698 affil=0.99561 (1.4s)
[ucr] 069_UCR_Anomaly_DISTORTEDinsectEPG iforest                  tuned    vus=0.03511 affil=0.99561 (1.75s)
[ucr] 069_UCR_Anomaly_DISTORTEDinsectEPG lof                      default  vus=0.1045 affil=0.99726 (0.27s)
[ucr] 069_UCR_Anomaly_DISTORTEDinsectEPG lof                      tuned    vus=0.1045 affil=0.99726 (0.73s)
[ucr] 069_UCR_Anomaly_DISTORTEDinsectEPG knn                      default  vus=0.1045 affil=0.99726 (0.15s)
[ucr] 069_UCR_Anomaly_DISTORTEDinsectEPG knn                      tuned    vus=0.09698 affil=0.99712 (0.65s)
[ucr] 069_UCR_Anomaly_DISTORTEDinsectEPG ae                       default  vus=0.11262 affil=0.99733 (1.45s)
[ucr] 069_UCR_Anomaly_DISTORTEDinsectEPG ae                       tuned    vus=0.09698 affil=0.99712 (3.3s)
[ucr] 072_UCR_Anomaly_DISTORTEDltstdbs30 chronos_small_resid      default  vus=0.00997 affil=0.7578 (0.4s)
[ucr] 072_UCR_Anomaly_DISTORTEDltstdbs30 chronos_small_quantile   default  vus=0.00819 affil=0.67562 (0.4s)
[ucr] 072_UCR_Anomaly_DISTORTEDltstdbs30 chronos_base_resid       default  vus=0.01034 affil=0.77686 (1.0s)
[ucr] 072_UCR_Anomaly_DISTORTEDltstdbs30 chronos_base_quantile    default  vus=0.0084 affil=0.66668 (1.0s)
[ucr] 072_UCR_Anomaly_DISTORTEDltstdbs30 timesfm_resid            default  vus=0.0185 affil=0.728 (11.1s)
[ucr] 072_UCR_Anomaly_DISTORTEDltstdbs30 timesfm_quantile         default  vus=0.01508 affil=0.74745 (11.1s)
[ucr] 072_UCR_Anomaly_DISTORTEDltstdbs30 tirex_resid              default  vus=0.01108 affil=0.68987 (22.4s)
[ucr] 072_UCR_Anomaly_DISTORTEDltstdbs30 tirex_quantile           default  vus=0.00832 affil=0.73515 (22.4s)
[ucr] 072_UCR_Anomaly_DISTORTEDltstdbs30 iforest                  default  vus=0.00645 affil=0.73056 (2.89s)
[ucr] 072_UCR_Anomaly_DISTORTEDltstdbs30 iforest                  tuned    vus=0.00641 affil=0.77252 (4.19s)
[ucr] 072_UCR_Anomaly_DISTORTEDltstdbs30 lof                      default  vus=0.41624 affil=0.9984 (1.41s)
[ucr] 072_UCR_Anomaly_DISTORTEDltstdbs30 lof                      tuned    vus=0.41678 affil=0.99837 (3.25s)
[ucr] 072_UCR_Anomaly_DISTORTEDltstdbs30 knn                      default  vus=0.09736 affil=0.97826 (1.01s)
[ucr] 072_UCR_Anomaly_DISTORTEDltstdbs30 knn                      tuned    vus=0.11338 affil=0.98988 (4.21s)
[ucr] 072_UCR_Anomaly_DISTORTEDltstdbs30 ae                       default  vus=0.16556 affil=0.99837 (10.03s)
[ucr] 072_UCR_Anomaly_DISTORTEDltstdbs30 ae                       tuned    vus=0.02571 affil=0.81294 (6.75s)
[ucr] 075_UCR_Anomaly_DISTORTEDqtdbSel10 chronos_small_resid      default  vus=0.01688 affil=0.66278 (0.2s)
[ucr] 075_UCR_Anomaly_DISTORTEDqtdbSel10 chronos_small_quantile   default  vus=0.01968 affil=0.68483 (0.2s)
[ucr] 075_UCR_Anomaly_DISTORTEDqtdbSel10 chronos_base_resid       default  vus=0.01639 affil=0.67421 (0.6s)
[ucr] 075_UCR_Anomaly_DISTORTEDqtdbSel10 chronos_base_quantile    default  vus=0.0195 affil=0.68793 (0.6s)
[ucr] 075_UCR_Anomaly_DISTORTEDqtdbSel10 timesfm_resid            default  vus=0.0207 affil=0.69153 (8.7s)
[ucr] 075_UCR_Anomaly_DISTORTEDqtdbSel10 timesfm_quantile         default  vus=0.02048 affil=0.73452 (8.7s)
[ucr] 075_UCR_Anomaly_DISTORTEDqtdbSel10 tirex_resid              default  vus=0.0167 affil=0.67286 (11.5s)
[ucr] 075_UCR_Anomaly_DISTORTEDqtdbSel10 tirex_quantile           default  vus=0.01967 affil=0.67946 (11.5s)
[ucr] 075_UCR_Anomaly_DISTORTEDqtdbSel10 iforest                  default  vus=0.01651 affil=0.65156 (2.26s)
[ucr] 075_UCR_Anomaly_DISTORTEDqtdbSel10 iforest                  tuned    vus=0.01702 affil=0.66204 (3.73s)
[ucr] 075_UCR_Anomaly_DISTORTEDqtdbSel10 lof                      default  vus=0.01876 affil=0.66788 (0.59s)
[ucr] 075_UCR_Anomaly_DISTORTEDqtdbSel10 lof                      tuned    vus=0.01389 affil=0.66524 (2.7s)
[ucr] 075_UCR_Anomaly_DISTORTEDqtdbSel10 knn                      default  vus=0.01755 affil=0.65907 (0.46s)
[ucr] 075_UCR_Anomaly_DISTORTEDqtdbSel10 knn                      tuned    vus=0.01859 affil=0.67643 (2.77s)
[ucr] 075_UCR_Anomaly_DISTORTEDqtdbSel10 ae                       default  vus=0.01541 affil=0.65749 (2.76s)
[ucr] 075_UCR_Anomaly_DISTORTEDqtdbSel10 ae                       tuned    vus=0.0204 affil=0.66575 (5.22s)
[ucr] 078_UCR_Anomaly_DISTORTEDresperati chronos_small_resid      default  vus=0.00169 affil=0.67315 (1.3s)
[ucr] 078_UCR_Anomaly_DISTORTEDresperati chronos_small_quantile   default  vus=0.00218 affil=0.68381 (1.3s)
[ucr] 078_UCR_Anomaly_DISTORTEDresperati chronos_base_resid       default  vus=0.0017 affil=0.74674 (2.1s)
[ucr] 078_UCR_Anomaly_DISTORTEDresperati chronos_base_quantile    default  vus=0.00219 affil=0.71467 (2.1s)
[ucr] 078_UCR_Anomaly_DISTORTEDresperati timesfm_resid            default  vus=0.00163 affil=0.71929 (30.7s)
[ucr] 078_UCR_Anomaly_DISTORTEDresperati timesfm_quantile         default  vus=0.00222 affil=0.7184 (30.7s)
[ucr] 078_UCR_Anomaly_DISTORTEDresperati tirex_resid              default  vus=0.00165 affil=0.75863 (48.9s)
[ucr] 078_UCR_Anomaly_DISTORTEDresperati tirex_quantile           default  vus=0.0022 affil=0.70052 (48.9s)
[ucr] 078_UCR_Anomaly_DISTORTEDresperati iforest                  default  vus=0.00323 affil=0.78081 (6.39s)
[ucr] 078_UCR_Anomaly_DISTORTEDresperati iforest                  tuned    vus=0.00148 affil=0.74516 (20.43s)
[ucr] 078_UCR_Anomaly_DISTORTEDresperati lof                      default  vus=0.32319 affil=0.99985 (11.72s)
[ucr] 078_UCR_Anomaly_DISTORTEDresperati lof                      tuned    vus=0.3065 affil=0.95463 (17.35s)
[ucr] 078_UCR_Anomaly_DISTORTEDresperati knn                      default  vus=0.2361 affil=0.87697 (9.09s)
[ucr] 078_UCR_Anomaly_DISTORTEDresperati knn                      tuned    vus=0.31552 affil=0.99983 (9.63s)
[ucr] 078_UCR_Anomaly_DISTORTEDresperati ae                       default  vus=0.00579 affil=0.72566 (38.86s)
[ucr] 078_UCR_Anomaly_DISTORTEDresperati ae                       tuned    vus=0.01258 affil=0.88088 (42.26s)
[ucr] 081_UCR_Anomaly_DISTORTEDresperati chronos_small_resid      default  vus=3e-05 affil=0.66761 (1.4s)
[ucr] 081_UCR_Anomaly_DISTORTEDresperati chronos_small_quantile   default  vus=3e-05 affil=0.66667 (1.4s)
