detectors=['iforest', 'lof', 'knn', 'ae', 'chronos_small_resid', 'chronos_small_quantile', 'chronos_base_resid', 'chronos_base_quantile', 'timesfm_resid', 'timesfm_quantile', 'tirex_resid', 'tirex_quantile']
tiers=['default', 'tuned']
datasets=['nasa', 'psm', 'smd', 'ucr']
shard=0/3
out=F:\CS\Paper\that\results\full_results_s0.csv
already done: 2601 keys
[ucr] 067_UCR_Anomaly_DISTORTEDinsectEPG chronos_small_resid      default  vus=0.01365 affil=0.65446 (30.0s)
[ucr] 067_UCR_Anomaly_DISTORTEDinsectEPG chronos_small_quantile   default  vus=0.01405 affil=0.68348 (30.0s)
[ucr] 067_UCR_Anomaly_DISTORTEDinsectEPG chronos_base_resid       default  vus=0.01546 affil=0.69393 (2.6s)
[ucr] 067_UCR_Anomaly_DISTORTEDinsectEPG chronos_base_quantile    default  vus=0.01546 affil=0.70924 (2.6s)
[ucr] 067_UCR_Anomaly_DISTORTEDinsectEPG timesfm_resid            default  vus=0.01411 affil=0.76899 (8.7s)
[ucr] 067_UCR_Anomaly_DISTORTEDinsectEPG timesfm_quantile         default  vus=0.01499 affil=0.82261 (8.7s)
[ucr] 067_UCR_Anomaly_DISTORTEDinsectEPG tirex_resid              default  vus=0.01698 affil=0.70299 (7.3s)
[ucr] 067_UCR_Anomaly_DISTORTEDinsectEPG tirex_quantile           default  vus=0.02379 affil=0.78201 (7.3s)
[ucr] 067_UCR_Anomaly_DISTORTEDinsectEPG iforest                  default  vus=0.03607 affil=0.74689 (1.26s)
[ucr] 067_UCR_Anomaly_DISTORTEDinsectEPG iforest                  tuned    vus=0.04955 affil=0.74846 (0.98s)
[ucr] 067_UCR_Anomaly_DISTORTEDinsectEPG lof                      default  vus=0.01392 affil=0.73302 (2.4s)
[ucr] 067_UCR_Anomaly_DISTORTEDinsectEPG lof                      tuned    vus=0.04514 affil=0.71464 (0.99s)
[ucr] 067_UCR_Anomaly_DISTORTEDinsectEPG knn                      default  vus=0.03168 affil=0.71576 (0.12s)
[ucr] 067_UCR_Anomaly_DISTORTEDinsectEPG knn                      tuned    vus=0.07991 affil=0.7441 (0.42s)
[ucr] 067_UCR_Anomaly_DISTORTEDinsectEPG ae                       default  vus=0.01613 affil=0.71915 (1.72s)
[ucr] 067_UCR_Anomaly_DISTORTEDinsectEPG ae                       tuned    vus=0.02916 affil=0.71423 (4.56s)
[ucr] 070_UCR_Anomaly_DISTORTEDltstdbs30 chronos_small_resid      default  vus=0.01565 affil=0.75468 (0.7s)
[ucr] 070_UCR_Anomaly_DISTORTEDltstdbs30 chronos_small_quantile   default  vus=0.00796 affil=0.73726 (0.7s)
[ucr] 070_UCR_Anomaly_DISTORTEDltstdbs30 chronos_base_resid       default  vus=0.01855 affil=0.72016 (1.0s)
[ucr] 070_UCR_Anomaly_DISTORTEDltstdbs30 chronos_base_quantile    default  vus=0.00844 affil=0.68319 (1.0s)
[ucr] 070_UCR_Anomaly_DISTORTEDltstdbs30 timesfm_resid            default  vus=0.03617 affil=0.81997 (12.0s)
[ucr] 070_UCR_Anomaly_DISTORTEDltstdbs30 timesfm_quantile         default  vus=0.01114 affil=0.67739 (12.0s)
[ucr] 070_UCR_Anomaly_DISTORTEDltstdbs30 tirex_resid              default  vus=0.01637 affil=0.81015 (17.9s)
[ucr] 070_UCR_Anomaly_DISTORTEDltstdbs30 tirex_quantile           default  vus=0.00839 affil=0.67543 (17.9s)
[ucr] 070_UCR_Anomaly_DISTORTEDltstdbs30 iforest                  default  vus=0.37042 affil=0.99894 (3.06s)
[ucr] 070_UCR_Anomaly_DISTORTEDltstdbs30 iforest                  tuned    vus=0.36866 affil=0.99894 (4.46s)
[ucr] 070_UCR_Anomaly_DISTORTEDltstdbs30 lof                      default  vus=0.65124 affil=0.99839 (1.65s)
[ucr] 070_UCR_Anomaly_DISTORTEDltstdbs30 lof                      tuned    vus=0.84919 affil=0.99854 (2.92s)
[ucr] 070_UCR_Anomaly_DISTORTEDltstdbs30 knn                      default  vus=0.68233 affil=0.99854 (1.03s)
[ucr] 070_UCR_Anomaly_DISTORTEDltstdbs30 knn                      tuned    vus=0.68321 affil=0.99854 (3.15s)
[ucr] 070_UCR_Anomaly_DISTORTEDltstdbs30 ae                       default  vus=0.6398 affil=0.99851 (7.32s)
[ucr] 070_UCR_Anomaly_DISTORTEDltstdbs30 ae                       tuned    vus=0.63676 affil=0.9985 (10.05s)
[ucr] 073_UCR_Anomaly_DISTORTEDpark3m_60 chronos_small_resid      default  vus=0.01848 affil=0.69998 (0.5s)
[ucr] 073_UCR_Anomaly_DISTORTEDpark3m_60 chronos_small_quantile   default  vus=0.01531 affil=0.72929 (0.5s)
[ucr] 073_UCR_Anomaly_DISTORTEDpark3m_60 chronos_base_resid       default  vus=0.01919 affil=0.92747 (0.8s)
[ucr] 073_UCR_Anomaly_DISTORTEDpark3m_60 chronos_base_quantile    default  vus=0.01402 affil=0.74964 (0.8s)
[ucr] 073_UCR_Anomaly_DISTORTEDpark3m_60 timesfm_resid            default  vus=0.01781 affil=0.71694 (10.4s)
[ucr] 073_UCR_Anomaly_DISTORTEDpark3m_60 timesfm_quantile         default  vus=0.01495 affil=0.69492 (10.4s)
[ucr] 073_UCR_Anomaly_DISTORTEDpark3m_60 tirex_resid              default  vus=0.01665 affil=0.68392 (11.9s)
[ucr] 073_UCR_Anomaly_DISTORTEDpark3m_60 tirex_quantile           default  vus=0.01418 affil=0.69689 (11.9s)
[ucr] 073_UCR_Anomaly_DISTORTEDpark3m_60 iforest                  default  vus=0.12619 affil=0.67787 (2.69s)
[ucr] 073_UCR_Anomaly_DISTORTEDpark3m_60 iforest                  tuned    vus=0.48292 affil=0.92668 (6.61s)
[ucr] 073_UCR_Anomaly_DISTORTEDpark3m_60 lof                      default  vus=0.35203 affil=0.99609 (3.17s)
[ucr] 073_UCR_Anomaly_DISTORTEDpark3m_60 lof                      tuned    vus=0.35203 affil=0.99609 (4.64s)
[ucr] 073_UCR_Anomaly_DISTORTEDpark3m_60 knn                      default  vus=0.37513 affil=0.99604 (1.85s)
[ucr] 073_UCR_Anomaly_DISTORTEDpark3m_60 knn                      tuned    vus=0.39545 affil=0.99604 (3.62s)
[ucr] 073_UCR_Anomaly_DISTORTEDpark3m_60 ae                       default  vus=0.06 affil=0.65304 (19.58s)
[ucr] 073_UCR_Anomaly_DISTORTEDpark3m_60 ae                       tuned    vus=0.04011 affil=0.64836 (22.64s)
[ucr] 076_UCR_Anomaly_DISTORTEDresperati chronos_small_resid      default  vus=0.01088 affil=0.79916 (1.5s)
[ucr] 076_UCR_Anomaly_DISTORTEDresperati chronos_small_quantile   default  vus=0.00868 affil=0.68464 (1.5s)
[ucr] 076_UCR_Anomaly_DISTORTEDresperati chronos_base_resid       default  vus=0.01095 affil=0.68078 (3.0s)
[ucr] 076_UCR_Anomaly_DISTORTEDresperati chronos_base_quantile    default  vus=0.01006 affil=0.67407 (3.0s)
[ucr] 076_UCR_Anomaly_DISTORTEDresperati timesfm_resid            default  vus=0.01178 affil=0.66973 (50.3s)
[ucr] 076_UCR_Anomaly_DISTORTEDresperati timesfm_quantile         default  vus=0.01375 affil=0.67072 (50.3s)
[ucr] 076_UCR_Anomaly_DISTORTEDresperati tirex_resid              default  vus=0.01362 affil=0.73879 (50.6s)
[ucr] 076_UCR_Anomaly_DISTORTEDresperati tirex_quantile           default  vus=0.00979 affil=0.69678 (50.6s)
[ucr] 076_UCR_Anomaly_DISTORTEDresperati iforest                  default  vus=0.02356 affil=0.84263 (8.72s)
[ucr] 076_UCR_Anomaly_DISTORTEDresperati iforest                  tuned    vus=0.0339 affil=0.95503 (18.98s)
[ucr] 076_UCR_Anomaly_DISTORTEDresperati lof                      default  vus=0.11518 affil=0.86705 (9.26s)
[ucr] 076_UCR_Anomaly_DISTORTEDresperati lof                      tuned    vus=0.16278 affil=0.99908 (17.31s)
[ucr] 076_UCR_Anomaly_DISTORTEDresperati knn                      default  vus=0.11767 affil=0.91283 (8.61s)
[ucr] 076_UCR_Anomaly_DISTORTEDresperati knn                      tuned    vus=0.15238 affil=0.75459 (12.25s)
[ucr] 076_UCR_Anomaly_DISTORTEDresperati ae                       default  vus=0.4803 affil=0.99908 (22.23s)
[ucr] 076_UCR_Anomaly_DISTORTEDresperati ae                       tuned    vus=0.35054 affil=0.99908 (31.22s)
[ucr] 079_UCR_Anomaly_DISTORTEDresperati chronos_small_resid      default  vus=1e-05 affil=0.65843 (1.7s)
[ucr] 079_UCR_Anomaly_DISTORTEDresperati chronos_small_quantile   default  vus=2e-05 affil=0.66667 (1.7s)
[ucr] 079_UCR_Anomaly_DISTORTEDresperati chronos_base_resid       default  vus=1e-05 affil=0.6575 (3.2s)
[ucr] 079_UCR_Anomaly_DISTORTEDresperati chronos_base_quantile    default  vus=2e-05 affil=0.66667 (3.2s)
[ucr] 079_UCR_Anomaly_DISTORTEDresperati timesfm_resid            default  vus=2e-05 affil=0.65006 (62.6s)
[ucr] 079_UCR_Anomaly_DISTORTEDresperati timesfm_quantile         default  vus=2e-05 affil=0.66667 (62.6s)
[ucr] 079_UCR_Anomaly_DISTORTEDresperati tirex_resid              default  vus=1e-05 affil=0.65369 (72.4s)
[ucr] 079_UCR_Anomaly_DISTORTEDresperati tirex_quantile           default  vus=2e-05 affil=0.66667 (72.4s)
[ucr] 079_UCR_Anomaly_DISTORTEDresperati iforest                  default  vus=2e-05 affil=0.66349 (16.73s)
[ucr] 079_UCR_Anomaly_DISTORTEDresperati iforest                  tuned    vus=2e-05 affil=0.65113 (37.94s)
[ucr] 079_UCR_Anomaly_DISTORTEDresperati lof                      default  vus=0.0001 affil=0.61325 (6.98s)
[ucr] 079_UCR_Anomaly_DISTORTEDresperati lof                      tuned    vus=7e-05 affil=0.61311 (15.65s)
[ucr] 079_UCR_Anomaly_DISTORTEDresperati knn                      default  vus=2e-05 affil=0.63116 (6.36s)
[ucr] 079_UCR_Anomaly_DISTORTEDresperati knn                      tuned    vus=2e-05 affil=0.63062 (14.77s)
[ucr] 079_UCR_Anomaly_DISTORTEDresperati ae                       default  vus=2e-05 affil=0.64308 (17.74s)
[ucr] 079_UCR_Anomaly_DISTORTEDresperati ae                       tuned    vus=2e-05 affil=0.62856 (28.01s)
[ucr] 082_UCR_Anomaly_DISTORTEDresperati chronos_small_resid      default  vus=2e-05 affil=0.81816 (1.3s)
[ucr] 082_UCR_Anomaly_DISTORTEDresperati chronos_small_quantile   default  vus=3e-05 affil=0.7314 (1.3s)
[ucr] 082_UCR_Anomaly_DISTORTEDresperati chronos_base_resid       default  vus=3e-05 affil=0.85973 (2.2s)
[ucr] 082_UCR_Anomaly_DISTORTEDresperati chronos_base_quantile    default  vus=3e-05 affil=0.72818 (2.2s)
