detectors=['iforest', 'lof', 'knn', 'ae', 'chronos_small_resid', 'chronos_small_quantile', 'chronos_base_resid', 'chronos_base_quantile', 'timesfm_resid', 'timesfm_quantile', 'tirex_resid', 'tirex_quantile']
tiers=['default', 'tuned']
datasets=['nasa', 'psm', 'smd', 'ucr']
shard=1/3
out=F:\CS\Paper\that\results\full_results_s1.csv
already done: 2648 keys
[ucr] 065_UCR_Anomaly_DISTORTEDinsectEPG knn                      tuned    vus=0.06578 affil=0.78929 (0.69s)
[ucr] 065_UCR_Anomaly_DISTORTEDinsectEPG ae                       default  vus=0.00597 affil=0.75673 (6.89s)
[ucr] 065_UCR_Anomaly_DISTORTEDinsectEPG ae                       tuned    vus=0.01735 affil=0.76872 (3.55s)
[ucr] 068_UCR_Anomaly_DISTORTEDinsectEPG chronos_small_resid      default  vus=0.0091 affil=0.68721 (26.5s)
[ucr] 068_UCR_Anomaly_DISTORTEDinsectEPG chronos_small_quantile   default  vus=0.01115 affil=0.69274 (26.5s)
[ucr] 068_UCR_Anomaly_DISTORTEDinsectEPG chronos_base_resid       default  vus=0.01038 affil=0.71684 (3.1s)
[ucr] 068_UCR_Anomaly_DISTORTEDinsectEPG chronos_base_quantile    default  vus=0.02439 affil=0.80278 (3.1s)
[ucr] 068_UCR_Anomaly_DISTORTEDinsectEPG timesfm_resid            default  vus=0.01059 affil=0.74647 (10.1s)
[ucr] 068_UCR_Anomaly_DISTORTEDinsectEPG timesfm_quantile         default  vus=0.00978 affil=0.67563 (10.1s)
[ucr] 068_UCR_Anomaly_DISTORTEDinsectEPG tirex_resid              default  vus=0.01291 affil=0.73732 (8.1s)
[ucr] 068_UCR_Anomaly_DISTORTEDinsectEPG tirex_quantile           default  vus=0.00926 affil=0.69883 (8.1s)
[ucr] 068_UCR_Anomaly_DISTORTEDinsectEPG iforest                  default  vus=0.01203 affil=0.95559 (1.23s)
[ucr] 068_UCR_Anomaly_DISTORTEDinsectEPG lof                      default  vus=0.00496 affil=0.87328 (0.21s)
[ucr] 068_UCR_Anomaly_DISTORTEDinsectEPG knn                      default  vus=0.69195 affil=0.99781 (0.13s)
[ucr] 068_UCR_Anomaly_DISTORTEDinsectEPG ae                       default  vus=0.00501 affil=0.95338 (0.94s)
[ucr] 071_UCR_Anomaly_DISTORTEDltstdbs30 chronos_small_resid      default  vus=0.09454 affil=0.99898 (0.5s)
[ucr] 071_UCR_Anomaly_DISTORTEDltstdbs30 chronos_small_quantile   default  vus=0.00995 affil=0.7359 (0.5s)
[ucr] 071_UCR_Anomaly_DISTORTEDltstdbs30 chronos_base_resid       default  vus=0.09402 affil=0.99897 (0.8s)
[ucr] 071_UCR_Anomaly_DISTORTEDltstdbs30 chronos_base_quantile    default  vus=0.01036 affil=0.70084 (0.8s)
[ucr] 071_UCR_Anomaly_DISTORTEDltstdbs30 timesfm_resid            default  vus=0.04697 affil=0.85537 (10.4s)
[ucr] 071_UCR_Anomaly_DISTORTEDltstdbs30 timesfm_quantile         default  vus=0.02842 affil=0.96478 (10.4s)
[ucr] 071_UCR_Anomaly_DISTORTEDltstdbs30 tirex_resid              default  vus=0.04179 affil=0.88762 (11.3s)
[ucr] 071_UCR_Anomaly_DISTORTEDltstdbs30 tirex_quantile           default  vus=0.01019 affil=0.67467 (11.3s)
[ucr] 071_UCR_Anomaly_DISTORTEDltstdbs30 iforest                  default  vus=0.47379 affil=0.99867 (2.64s)
[ucr] 071_UCR_Anomaly_DISTORTEDltstdbs30 iforest                  tuned    vus=0.46952 affil=0.99866 (4.26s)
[ucr] 071_UCR_Anomaly_DISTORTEDltstdbs30 lof                      default  vus=0.70475 affil=0.9981 (1.4s)
[ucr] 071_UCR_Anomaly_DISTORTEDltstdbs30 lof                      tuned    vus=0.85986 affil=0.99867 (2.61s)
[ucr] 071_UCR_Anomaly_DISTORTEDltstdbs30 knn                      default  vus=0.69461 affil=0.99813 (0.95s)
[ucr] 071_UCR_Anomaly_DISTORTEDltstdbs30 knn                      tuned    vus=0.69834 affil=0.99813 (2.86s)
[ucr] 071_UCR_Anomaly_DISTORTEDltstdbs30 ae                       default  vus=0.65037 affil=0.99802 (8.66s)
[ucr] 071_UCR_Anomaly_DISTORTEDltstdbs30 ae                       tuned    vus=0.67157 affil=0.9981 (10.44s)
[ucr] 074_UCR_Anomaly_DISTORTEDqtdbSel10 chronos_small_resid      default  vus=0.01474 affil=0.65533 (0.3s)
[ucr] 074_UCR_Anomaly_DISTORTEDqtdbSel10 chronos_small_quantile   default  vus=0.01785 affil=0.66822 (0.3s)
[ucr] 074_UCR_Anomaly_DISTORTEDqtdbSel10 chronos_base_resid       default  vus=0.01464 affil=0.65397 (0.9s)
[ucr] 074_UCR_Anomaly_DISTORTEDqtdbSel10 chronos_base_quantile    default  vus=0.02024 affil=0.76188 (0.9s)
[ucr] 074_UCR_Anomaly_DISTORTEDqtdbSel10 timesfm_resid            default  vus=0.01738 affil=0.67237 (10.2s)
[ucr] 074_UCR_Anomaly_DISTORTEDqtdbSel10 timesfm_quantile         default  vus=0.01723 affil=0.67544 (10.2s)
[ucr] 074_UCR_Anomaly_DISTORTEDqtdbSel10 tirex_resid              default  vus=0.01554 affil=0.66232 (11.1s)
[ucr] 074_UCR_Anomaly_DISTORTEDqtdbSel10 tirex_quantile           default  vus=0.01755 affil=0.67793 (11.1s)
[ucr] 074_UCR_Anomaly_DISTORTEDqtdbSel10 iforest                  default  vus=0.01676 affil=0.71558 (2.7s)
[ucr] 074_UCR_Anomaly_DISTORTEDqtdbSel10 iforest                  tuned    vus=0.01568 affil=0.69095 (3.35s)
[ucr] 074_UCR_Anomaly_DISTORTEDqtdbSel10 lof                      default  vus=0.01253 affil=0.66017 (0.75s)
[ucr] 074_UCR_Anomaly_DISTORTEDqtdbSel10 lof                      tuned    vus=0.01859 affil=0.7545 (3.31s)
[ucr] 074_UCR_Anomaly_DISTORTEDqtdbSel10 knn                      default  vus=0.01572 affil=0.66619 (0.53s)
[ucr] 074_UCR_Anomaly_DISTORTEDqtdbSel10 knn                      tuned    vus=0.01526 affil=0.67404 (2.7s)
[ucr] 074_UCR_Anomaly_DISTORTEDqtdbSel10 ae                       default  vus=0.01124 affil=0.64109 (3.64s)
[ucr] 074_UCR_Anomaly_DISTORTEDqtdbSel10 ae                       tuned    vus=0.00983 affil=0.61284 (5.91s)
[ucr] 077_UCR_Anomaly_DISTORTEDresperati chronos_small_resid      default  vus=0.00343 affil=0.85455 (1.7s)
[ucr] 077_UCR_Anomaly_DISTORTEDresperati chronos_small_quantile   default  vus=0.29193 affil=0.77811 (1.7s)
[ucr] 077_UCR_Anomaly_DISTORTEDresperati chronos_base_resid       default  vus=0.00344 affil=0.80807 (3.8s)
[ucr] 077_UCR_Anomaly_DISTORTEDresperati chronos_base_quantile    default  vus=0.2922 affil=0.67365 (3.8s)
[ucr] 077_UCR_Anomaly_DISTORTEDresperati timesfm_resid            default  vus=0.0016 affil=0.72852 (37.0s)
[ucr] 077_UCR_Anomaly_DISTORTEDresperati timesfm_quantile         default  vus=0.00021 affil=0.83121 (37.0s)
[ucr] 077_UCR_Anomaly_DISTORTEDresperati tirex_resid              default  vus=0.0046 affil=0.80291 (54.2s)
[ucr] 077_UCR_Anomaly_DISTORTEDresperati tirex_quantile           default  vus=0.00057 affil=0.80751 (54.2s)
[ucr] 077_UCR_Anomaly_DISTORTEDresperati iforest                  default  vus=0.0003 affil=0.74958 (8.05s)
[ucr] 077_UCR_Anomaly_DISTORTEDresperati iforest                  tuned    vus=0.0003 affil=0.74958 (11.86s)
[ucr] 077_UCR_Anomaly_DISTORTEDresperati lof                      default  vus=0.0058 affil=0.90639 (9.4s)
[ucr] 077_UCR_Anomaly_DISTORTEDresperati lof                      tuned    vus=0.0058 affil=0.89765 (13.59s)
[ucr] 077_UCR_Anomaly_DISTORTEDresperati knn                      default  vus=0.10184 affil=0.97943 (6.6s)
[ucr] 077_UCR_Anomaly_DISTORTEDresperati knn                      tuned    vus=0.00123 affil=0.82154 (11.6s)
[ucr] 077_UCR_Anomaly_DISTORTEDresperati ae                       default  vus=0.08774 affil=0.99987 (24.85s)
[ucr] 077_UCR_Anomaly_DISTORTEDresperati ae                       tuned    vus=0.08774 affil=0.99987 (35.93s)
[ucr] 080_UCR_Anomaly_DISTORTEDresperati chronos_small_resid      default  vus=2e-05 affil=0.65968 (2.5s)
[ucr] 080_UCR_Anomaly_DISTORTEDresperati chronos_small_quantile   default  vus=2e-05 affil=0.66667 (2.5s)
[ucr] 080_UCR_Anomaly_DISTORTEDresperati chronos_base_resid       default  vus=2e-05 affil=0.65754 (3.0s)
[ucr] 080_UCR_Anomaly_DISTORTEDresperati chronos_base_quantile    default  vus=2e-05 affil=0.66667 (3.0s)
[ucr] 080_UCR_Anomaly_DISTORTEDresperati timesfm_resid            default  vus=2e-05 affil=0.65023 (47.4s)
[ucr] 080_UCR_Anomaly_DISTORTEDresperati timesfm_quantile         default  vus=2e-05 affil=0.66667 (47.4s)
[ucr] 080_UCR_Anomaly_DISTORTEDresperati tirex_resid              default  vus=2e-05 affil=0.65407 (57.0s)
[ucr] 080_UCR_Anomaly_DISTORTEDresperati tirex_quantile           default  vus=3e-05 affil=0.66667 (57.0s)
[ucr] 080_UCR_Anomaly_DISTORTEDresperati iforest                  default  vus=2e-05 affil=0.66267 (9.43s)
